Analyzing cst_white_label_app...

warning - lib\screens\Organisation_LoginPage.dart:39:23 - The value of the field '_passwordKey' isn't used. Try removing the field, or using it. - unused_field
warning - lib\screens\config_account_dashboard.dart:13:8 - Unused import: 'package:demo_cst/screens/main_dashboard.dart'. Try removing the import directive. - unused_import
warning - lib\screens\config_material_information.dart:294:8 - The declaration '_onSiteToCompanySiteChanged' isn't referenced. Try removing the declaration of '_onSiteToCompanySiteChanged'. - unused_element
warning - lib\screens\config_materialavailability.dart:18:8 - The value of the field '_isLoadingAvailability' isn't used. Try removing the field, or using it. - unused_field
warning - lib\screens\config_materialavailability.dart:333:16 - The declaration '_updateCount' isn't referenced. Try removing the declaration of '_updateCount'. - unused_element
warning - lib\screens\conflig_Materials.dart:34:11 - The value of the field '_selectedUnitDropdown' isn't used. Try removing the field, or using it. - unused_field
warning - lib\screens\conflig_Materials.dart:40:30 - The value of the field '_categories' isn't used. Try removing the field, or using it. - unused_field
warning - lib\screens\conflig_Materials.dart:41:16 - The value of the field '_categoryNames' isn't used. Try removing the field, or using it. - unused_field
warning - lib\screens\conflig_Materials.dart:42:16 - The value of the field '_unitNames' isn't used. Try removing the field, or using it. - unused_field
warning - lib\screens\conflig_Materials.dart:43:11 - The value of the field '_dropdownCategory' isn't used. Try removing the field, or using it. - unused_field
warning - lib\screens\conflig_Materials.dart:44:11 - The value of the field '_dropdownUnit' isn't used. Try removing the field, or using it. - unused_field
warning - lib\screens\conflig_Materials.dart:50:14 - The value of the field '_isDeleting' isn't used. Try removing the field, or using it. - unused_field
warning - lib\screens\conflig_Materials.dart:155:8 - The declaration '_onUnitDropdownChanged' isn't referenced. Try removing the declaration of '_onUnitDropdownChanged'. - unused_element
warning - lib\screens\conflig_Materials.dart:162:8 - The declaration '_onUnitEditChanged' isn't referenced. Try removing the declaration of '_onUnitEditChanged'. - unused_element
warning - lib\screens\contractor_report_page.dart:49:8 - The declaration '_showContractDatesModal' isn't referenced. Try removing the declaration of '_showContractDatesModal'. - unused_element
warning - lib\screens\contractor_report_page.dart:298:18 - The value of the local variable 'siteName' isn't used. Try removing the variable or using it. - unused_local_variable
warning - lib\screens\customer_dashboard.dart:5:8 - Unused import: 'package:demo_cst/screens/Customer_insights_screen.dart'. Try removing the import directive. - unused_import
warning - lib\screens\customer_insight_dashboard.dart:5:8 - Unused import: 'package:demo_cst/screens/contractor_report_page.dart'. Try removing the import directive. - unused_import
warning - lib\screens\customer_insight_dashboard.dart:6:8 - Unused import: 'package:demo_cst/screens/organization_insights_screen.dart'. Try removing the import directive. - unused_import
warning - lib\screens\customer_insight_dashboard.dart:7:8 - Unused import: 'package:demo_cst/screens/projectStage_insights_dashboard.dart'. Try removing the import directive. - unused_import
warning - lib\screens\customer_insight_dashboard.dart:8:8 - Unused import: 'package:demo_cst/screens/project_financial_status_report_page.dart'. Try removing the import directive. - unused_import
warning - lib\screens\customer_insight_dashboard.dart:9:8 - Unused import: 'package:demo_cst/screens/site_status_report.dart'. Try removing the import directive. - unused_import
warning - lib\screens\customer_insight_dashboard.dart:10:8 - Unused import: 'package:demo_cst/screens/site_status_reportPage.dart'. Try removing the import directive. - unused_import
warning - lib\screens\customer_project_financial_statusreport.dart:24:11 - The value of the field '_ownerName' isn't used. Try removing the field, or using it. - unused_field
warning - lib\screens\customer_project_financial_statusreport.dart:25:11 - The value of the field '_ownerPhoneNumber' isn't used. Try removing the field, or using it. - unused_field
warning - lib\screens\customer_project_financial_statusreport.dart:111:41 - The receiver can't be null, so the null-aware operator '?[' is unnecessary. Try replacing the operator '?[' with '['. - invalid_null_aware_operator
warning - lib\screens\customer_project_financial_statusreport.dart:112:44 - The receiver can't be null, so the null-aware operator '?[' is unnecessary. Try replacing the operator '?[' with '['. - invalid_null_aware_operator
warning - lib\screens\customer_project_financial_statusreport.dart:113:42 - The receiver can't be null, so the null-aware operator '?[' is unnecessary. Try replacing the operator '?[' with '['. - invalid_null_aware_operator
warning - lib\screens\customer_site_status_report.dart:127:11 - The value of the field '_ownerName' isn't used. Try removing the field, or using it. - unused_field
warning - lib\screens\customer_site_status_report.dart:128:11 - The value of the field '_ownerPhoneNumber' isn't used. Try removing the field, or using it. - unused_field
warning - lib\screens\daily_site_report.dart:30:22 - The value of the field 'accentColor' isn't used. Try removing the field, or using it. - unused_field
warning - lib\screens\daily_site_report.dart:34:22 - The value of the field 'successColor' isn't used. Try removing the field, or using it. - unused_field
warning - lib\screens\daily_site_report.dart:35:22 - The value of the field 'warningColor' isn't used. Try removing the field, or using it. - unused_field
warning - lib\screens\daily_site_report.dart:765:16 - Unnecessary type check; the result is always 'true'. Try correcting the type check, or removing the type check. - unnecessary_type_check
warning - lib\screens\daily_site_report.dart:766:16 - Unnecessary type check; the result is always 'true'. Try correcting the type check, or removing the type check. - unnecessary_type_check
warning - lib\screens\daily_site_report.dart:767:16 - Unnecessary type check; the result is always 'true'. Try correcting the type check, or removing the type check. - unnecessary_type_check
warning - lib\screens\daily_site_report.dart:768:16 - Unnecessary type check; the result is always 'true'. Try correcting the type check, or removing the type check. - unnecessary_type_check
warning - lib\screens\incentive_calculation.dart:16:22 - The value of the field 'accentColor' isn't used. Try removing the field, or using it. - unused_field
warning - lib\screens\incentive_calculation_sheet.dart:802:8 - The declaration '_reset' isn't referenced. Try removing the declaration of '_reset'. - unused_element
warning - lib\screens\insights_dashboard.dart:177:11 - The value of the local variable 'accentColor' isn't used. Try removing the variable or using it. - unused_local_variable
warning - lib\screens\labour_screen.dart:676:10 - The declaration '_buildReadOnlyField' isn't referenced. Try removing the declaration of '_buildReadOnlyField'. - unused_element
warning - lib\screens\manager_expenses.dart:50:10 - The declaration '_buildTextFieldWithLoad' isn't referenced. Try removing the declaration of '_buildTextFieldWithLoad'. - unused_element
warning - lib\screens\manager_expenses.dart:59:10 - The declaration '_buildDropdownField' isn't referenced. Try removing the declaration of '_buildDropdownField'. - unused_element
warning - lib\screens\manager_expenses.dart:474:34 - The value of the local variable 'totalAmount' isn't used. Try removing the variable or using it. - unused_local_variable
warning - lib\screens\manager_expenses.dart:475:33 - The value of the local variable 'billsData' isn't used. Try removing the variable or using it. - unused_local_variable
warning - lib\screens\manager_site_entry_page.dart:70:30 - The value of the field '_existingEntries' isn't used. Try removing the field, or using it. - unused_field
warning - lib\screens\material_screen.dart:425:8 - The declaration '_onSaveUpdate' isn't referenced. Try removing the declaration of '_onSaveUpdate'. - unused_element
warning - lib\screens\org_site_payment_screen.dart:5:8 - Unused import: 'package:firebase_core/firebase_core.dart'. Try removing the import directive. - unused_import
warning - lib\screens\organization_insights_screen.dart:61:22 - The value of the field 'accentColor' isn't used. Try removing the field, or using it. - unused_field
warning - lib\screens\organization_insights_screen.dart:65:22 - The value of the field 'successColor' isn't used. Try removing the field, or using it. - unused_field
warning - lib\screens\projectStage_expenses_reportpage.dart:28:22 - The value of the field 'accentColor' isn't used. Try removing the field, or using it. - unused_field
warning - lib\screens\projectStage_expenses_reportpage.dart:32:22 - The value of the field 'successColor' isn't used. Try removing the field, or using it. - unused_field
warning - lib\screens\projectStage_expenses_reportpage.dart:33:22 - The value of the field 'warningColor' isn't used. Try removing the field, or using it. - unused_field
warning - lib\screens\projectStage_insights_dashboard.dart:109:22 - The value of the field 'accentColor' isn't used. Try removing the field, or using it. - unused_field
warning - lib\screens\projectStage_insights_dashboard.dart:113:22 - The value of the field 'successColor' isn't used. Try removing the field, or using it. - unused_field
warning - lib\screens\project_contract_screen.dart:16:22 - The value of the field '_secondaryColor' isn't used. Try removing the field, or using it. - unused_field
warning - lib\screens\project_financial_status_report_page.dart:58:23 - Dead code. Try removing the code, or fixing the code before it so that it can be reached. - dead_code
warning - lib\screens\project_indicator.dart:397:11 - The value of the local variable 'indicatorValue' isn't used. Try removing the variable or using it. - unused_local_variable
warning - lib\screens\project_screen.dart:48:11 - The value of the field '_updateAppBarSiteId' isn't used. Try removing the field, or using it. - unused_field
warning - lib\screens\project_sub_category_screen.dart:18:31 - The value of the field '_customizationController' isn't used. Try removing the field, or using it. - unused_field
warning - lib\screens\projectstage_daily_site_report.dart:1174:10 - The declaration '_buildInfoRow' isn't referenced. Try removing the declaration of '_buildInfoRow'. - unused_element
warning - lib\screens\site_contractor_entry_page.dart:376:42 - The left operand can't be null, so the right operand is never executed. Try removing the operator and the right operand. - dead_null_aware_expression
warning - lib\screens\site_expenses_reportpage.dart:7:8 - Unused import: 'dart:typed_data'. Try removing the import directive. - unused_import
warning - lib\screens\site_expenses_reportpage.dart:28:22 - The value of the field 'accentColor' isn't used. Try removing the field, or using it. - unused_field
warning - lib\screens\site_expenses_reportpage.dart:32:22 - The value of the field 'successColor' isn't used. Try removing the field, or using it. - unused_field
warning - lib\screens\site_screen.dart:33:22 - The value of the field 'accentColor' isn't used. Try removing the field, or using it. - unused_field
warning - lib\screens\site_screen.dart:863:8 - The declaration '_showSuccessDialog' isn't referenced. Try removing the declaration of '_showSuccessDialog'. - unused_element
warning - lib\screens\site_status_report.dart:15:22 - The value of the field 'primaryLightColor' isn't used. Try removing the field, or using it. - unused_field
warning - lib\screens\site_status_report.dart:16:22 - The value of the field 'accentColor' isn't used. Try removing the field, or using it. - unused_field
warning - lib\screens\site_status_report.dart:116:9 - The declaration '_getSpendingColor' isn't referenced. Try removing the declaration of '_getSpendingColor'. - unused_element
warning - lib\screens\site_status_reportPage.dart:35:11 - The value of the local variable 'lighterStatusColor' isn't used. Try removing the variable or using it. - unused_local_variable
warning - lib\screens\site_summary_page.dart:24:22 - The value of the field 'accentColor' isn't used. Try removing the field, or using it. - unused_field
warning - lib\screens\site_summary_page.dart:27:22 - The value of the field 'cardColor' isn't used. Try removing the field, or using it. - unused_field
warning - lib\screens\site_summary_page.dart:28:22 - The value of the field 'successColor' isn't used. Try removing the field, or using it. - unused_field
warning - lib\screens\site_summary_page.dart:29:22 - The value of the field 'warningColor' isn't used. Try removing the field, or using it. - unused_field
warning - lib\screens\site_weekly_financial_report.dart:76:31 - Unnecessary cast. Try removing the cast. - unnecessary_cast
warning - lib\screens\supervisor_login_page.dart:146:23 - The declaration 'clearLoginData' isn't referenced. Try removing the declaration of 'clearLoginData'. - unused_element
warning - lib\screens\supervisor_material_view_request_screen.dart:26:22 - The value of the field 'secondaryColor' isn't used. Try removing the field, or using it. - unused_field
warning - lib\screens\supervisor_material_view_request_screen.dart:217:10 - The declaration '_buildHeaderSection' isn't referenced. Try removing the declaration of '_buildHeaderSection'. - unused_element
warning - lib\screens\supervisor_material_view_request_screen.dart:438:11 - A value for optional parameter 'key' isn't ever given. Try removing the unused parameter. - unused_element_parameter
warning - lib\screens\supervisor_material_view_request_screen.dart:449:9 - The declaration '_statusColor' isn't referenced. Try removing the declaration of '_statusColor'. - unused_element
warning - lib\screens\supervisor_tool_movement.dart:5:8 - Unused import: '../utils/app_theme.dart'. Try removing the import directive. - unused_import
warning - lib\screens\supervisor_tool_movement.dart:804:43 - A value for optional parameter 'key' isn't ever given. Try removing the unused parameter. - unused_element_parameter
warning - lib\screens\supervisor_work_schedule_page.dart:24:11 - The value of the field '_joinedOn' isn't used. Try removing the field, or using it. - unused_field
warning - lib\screens\supervisor_work_schedule_page.dart:25:11 - The value of the field '_siteComments' isn't used. Try removing the field, or using it. - unused_field
warning - lib\screens\supervisor_work_schedule_page.dart:73:8 - The value of the field '_loadingPhases' isn't used. Try removing the field, or using it. - unused_field
warning - lib\screens\tools_inventory_report.dart:17:16 - The value of the field '_highlightColor' isn't used. Try removing the field, or using it. - unused_field
warning - lib\screens\tools_inventory_report.dart:168:7 - This default clause is covered by the previous cases. Try removing the default clause, or restructuring the preceding patterns. - unreachable_switch_default
warning - lib\screens\tools_movement_page.dart:16:15 - The value of the field '_accentColor' isn't used. Try removing the field, or using it. - unused_field
warning - lib\screens\tools_movement_page.dart:1553:11 - A value for optional parameter 'key' isn't ever given. Try removing the unused parameter. - unused_element_parameter
warning - lib\screens\vehicle_config_page.dart:16:31 - The value of the field '_vehicleIdController' isn't used. Try removing the field, or using it. - unused_field
warning - lib\screens\vehicle_config_page.dart:17:31 - The value of the field '_driverNameController' isn't used. Try removing the field, or using it. - unused_field
warning - lib\screens\vehicle_config_page.dart:22:31 - The value of the field '_materialTypeController' isn't used. Try removing the field, or using it. - unused_field
warning - lib\screens\vehicle_details_page.dart:95:27 - The value of the field '_firestore' isn't used. Try removing the field, or using it. - unused_field
warning - lib\screens\vehicle_details_page.dart:288:16 - The declaration '_loadVehicle' isn't referenced. Try removing the declaration of '_loadVehicle'. - unused_element
warning - lib\screens\worker_summary_report_page.dart:104:22 - Unnecessary cast. Try removing the cast. - unnecessary_cast
warning - lib\screens\worker_summary_report_page.dart:629:22 - Unnecessary cast. Try removing the cast. - unnecessary_cast
   info - lib\screens\ConstructionDocuments.dart:1:1 - The file name 'ConstructionDocuments.dart' isn't a lower_case_with_underscores identifier. Try changing the name to follow the lower_case_with_underscores style. - file_names
   info - lib\screens\ConstructionDocuments.dart:10:3 - Invalid use of a private type in a public API. Try making the private type public, or making the API that uses the private type also be private. - library_private_types_in_public_api
   info - lib\screens\ConstructionDocuments.dart:39:7 - Don't invoke 'print' in production code. Try using a logging framework. - avoid_print
   info - lib\screens\ConstructionDocuments.dart:106:27 - 'value' is deprecated and shouldn't be used. Use initialValue instead. This will set the initial value for the form field. This feature was deprecated after v3.33.0-1.0.pre. Try replacing the use of the deprecated member with the replacement. - deprecated_member_use
   info - lib\screens\ConstructionDocuments.dart:200:62 - 'withOpacity' is deprecated and shouldn't be used. Use .withValues() to avoid precision loss. Try replacing the use of the deprecated member with the replacement. - deprecated_member_use
   info - lib\screens\Organisation_LoginPage.dart:1:1 - The file name 'Organisation_LoginPage.dart' isn't a lower_case_with_underscores identifier. Try changing the name to follow the lower_case_with_underscores style. - file_names
   info - lib\screens\Organisation_LoginPage.dart:8:7 - The type name 'Organisation_LoginPage' isn't an UpperCamelCase identifier. Try changing the name to follow the UpperCamelCase style. - camel_case_types
   info - lib\screens\Organisation_LoginPage.dart:12:3 - Invalid use of a private type in a public API. Try making the private type public, or making the API that uses the private type also be private. - library_private_types_in_public_api
   info - lib\screens\Organisation_LoginPage.dart:15:7 - The type name '_Organisation_LoginPageState' isn't an UpperCamelCase identifier. Try changing the name to follow the UpperCamelCase style. - camel_case_types
   info - lib\screens\Organisation_LoginPage.dart:63:36 - 'withOpacity' is deprecated and shouldn't be used. Use .withValues() to avoid precision loss. Try replacing the use of the deprecated member with the replacement. - deprecated_member_use
   info - lib\screens\Organisation_LoginPage.dart:105:9 - Don't use 'BuildContext's across async gaps. Try rewriting the code to not use the 'BuildContext', or guard the use with a 'mounted' check. - use_build_context_synchronously
   info - lib\screens\Organisation_LoginPage.dart:108:28 - Unnecessary use of multiple underscores. Try using '_'. - unnecessary_underscores
   info - lib\screens\Organisation_LoginPage.dart:108:32 - Unnecessary use of multiple underscores. Try using '_'. - unnecessary_underscores
   info - lib\screens\Organisation_LoginPage.dart:109:46 - Unnecessary use of multiple underscores. Try using '_'. - unnecessary_underscores
   info - lib\screens\Organisation_LoginPage.dart:173:45 - 'withOpacity' is deprecated and shouldn't be used. Use .withValues() to avoid precision loss. Try replacing the use of the deprecated member with the replacement. - deprecated_member_use
   info - lib\screens\Organisation_LoginPage.dart:259:17 - Don't use 'BuildContext's across async gaps, guarded by an unrelated 'mounted' check. Guard a 'State.context' use with a 'mounted' check on the State, and other BuildContext use with a 'mounted' check on the BuildContext. - use_build_context_synchronously
   info - lib\screens\Organisation_LoginPage.dart:262:36 - Unnecessary use of multiple underscores. Try using '_'. - unnecessary_underscores
   info - lib\screens\Organisation_LoginPage.dart:262:40 - Unnecessary use of multiple underscores. Try using '_'. - unnecessary_underscores
   info - lib\screens\Organisation_LoginPage.dart:263:54 - Unnecessary use of multiple underscores. Try using '_'. - unnecessary_underscores
   info - lib\screens\Organisation_LoginPage.dart:354:41 - 'withOpacity' is deprecated and shouldn't be used. Use .withValues() to avoid precision loss. Try replacing the use of the deprecated member with the replacement. - deprecated_member_use
   info - lib\screens\Organisation_LoginPage.dart:405:47 - 'withOpacity' is deprecated and shouldn't be used. Use .withValues() to avoid precision loss. Try replacing the use of the deprecated member with the replacement. - deprecated_member_use
   info - lib\screens\Organisation_LoginPage.dart:410:43 - 'withOpacity' is deprecated and shouldn't be used. Use .withValues() to avoid precision loss. Try replacing the use of the deprecated member with the replacement. - deprecated_member_use
   info - lib\screens\Organisation_LoginPage.dart:558:53 - Don't use 'BuildContext's across async gaps. Try rewriting the code to not use the 'BuildContext', or guard the use with a 'mounted' check. - use_build_context_synchronously
   info - lib\screens\Organisation_LoginPage.dart:617:33 - 'withOpacity' is deprecated and shouldn't be used. Use .withValues() to avoid precision loss. Try replacing the use of the deprecated member with the replacement. - deprecated_member_use
   info - lib\screens\Organisation_LoginPage.dart:625:34 - 'withOpacity' is deprecated and shouldn't be used. Use .withValues() to avoid precision loss. Try replacing the use of the deprecated member with the replacement. - deprecated_member_use
   info - lib\screens\Organisation_LoginPage.dart:629:30 - 'withOpacity' is deprecated and shouldn't be used. Use .withValues() to avoid precision loss. Try replacing the use of the deprecated member with the replacement. - deprecated_member_use
   info - lib\screens\Organisation_LoginPage.dart:655:42 - 'withOpacity' is deprecated and shouldn't be used. Use .withValues() to avoid precision loss. Try replacing the use of the deprecated member with the replacement. - deprecated_member_use
   info - lib\screens\Organisation_LoginPage.dart:833:46 - 'withOpacity' is deprecated and shouldn't be used. Use .withValues() to avoid precision loss. Try replacing the use of the deprecated member with the replacement. - deprecated_member_use
   info - lib\screens\Organisation_RegistrationPage.dart:1:1 - The file name 'Organisation_RegistrationPage.dart' isn't a lower_case_with_underscores identifier. Try changing the name to follow the lower_case_with_underscores style. - file_names
   info - lib\screens\Organisation_RegistrationPage.dart:9:3 - Invalid use of a private type in a public API. Try making the private type public, or making the API that uses the private type also be private. - library_private_types_in_public_api
   info - lib\screens\Organisation_RegistrationPage.dart:177:35 - 'withOpacity' is deprecated and shouldn't be used. Use .withValues() to avoid precision loss. Try replacing the use of the deprecated member with the replacement. - deprecated_member_use
   info - lib\screens\Organisation_RegistrationPage.dart:193:36 - 'withOpacity' is deprecated and shouldn't be used. Use .withValues() to avoid precision loss. Try replacing the use of the deprecated member with the replacement. - deprecated_member_use
   info - lib\screens\Organisation_RegistrationPage.dart:197:38 - 'withOpacity' is deprecated and shouldn't be used. Use .withValues() to avoid precision loss. Try replacing the use of the deprecated member with the replacement. - deprecated_member_use
   info - lib\screens\Organisation_RegistrationPage.dart:243:35 - 'withOpacity' is deprecated and shouldn't be used. Use .withValues() to avoid precision loss. Try replacing the use of the deprecated member with the replacement. - deprecated_member_use
   info - lib\screens\Organisation_RegistrationPage.dart:245:37 - 'withOpacity' is deprecated and shouldn't be used. Use .withValues() to avoid precision loss. Try replacing the use of the deprecated member with the replacement. - deprecated_member_use
   info - lib\screens\Organisation_RegistrationPage.dart:250:50 - 'withOpacity' is deprecated and shouldn't be used. Use .withValues() to avoid precision loss. Try replacing the use of the deprecated member with the replacement. - deprecated_member_use
   info - lib\screens\Organisation_RegistrationPage.dart:277:35 - 'withOpacity' is deprecated and shouldn't be used. Use .withValues() to avoid precision loss. Try replacing the use of the deprecated member with the replacement. - deprecated_member_use
   info - lib\screens\Organisation_RegistrationPage.dart:284:35 - 'withOpacity' is deprecated and shouldn't be used. Use .withValues() to avoid precision loss. Try replacing the use of the deprecated member with the replacement. - deprecated_member_use
   info - lib\screens\Organisation_RegistrationPage.dart:286:54 - 'withOpacity' is deprecated and shouldn't be used. Use .withValues() to avoid precision loss. Try replacing the use of the deprecated member with the replacement. - deprecated_member_use
   info - lib\screens\Organisation_RegistrationPage.dart:397:48 - 'withOpacity' is deprecated and shouldn't be used. Use .withValues() to avoid precision loss. Try replacing the use of the deprecated member with the replacement. - deprecated_member_use
   info - lib\screens\Organisation_RegistrationPage.dart:432:31 - 'withOpacity' is deprecated and shouldn't be used. Use .withValues() to avoid precision loss. Try replacing the use of the deprecated member with the replacement. - deprecated_member_use
   info - lib\screens\Organisation_RegistrationPage.dart:435:52 - 'withOpacity' is deprecated and shouldn't be used. Use .withValues() to avoid precision loss. Try replacing the use of the deprecated member with the replacement. - deprecated_member_use
   info - lib\screens\Organisation_RegistrationPage.dart:442:39 - 'withOpacity' is deprecated and shouldn't be used. Use .withValues() to avoid precision loss. Try replacing the use of the deprecated member with the replacement. - deprecated_member_use
   info - lib\screens\Organisation_RegistrationPage.dart:449:33 - 'withOpacity' is deprecated and shouldn't be used. Use .withValues() to avoid precision loss. Try replacing the use of the deprecated member with the replacement. - deprecated_member_use
   info - lib\screens\Organisation_RegistrationPage.dart:452:54 - 'withOpacity' is deprecated and shouldn't be used. Use .withValues() to avoid precision loss. Try replacing the use of the deprecated member with the replacement. - deprecated_member_use
   info - lib\screens\Organisation_RegistrationPage.dart:456:54 - 'withOpacity' is deprecated and shouldn't be used. Use .withValues() to avoid precision loss. Try replacing the use of the deprecated member with the replacement. - deprecated_member_use
   info - lib\screens\Organization_Dashboard.dart:1:1 - The file name 'Organization_Dashboard.dart' isn't a lower_case_with_underscores identifier. Try changing the name to follow the lower_case_with_underscores style. - file_names
   info - lib\screens\Organization_Dashboard.dart:25:3 - Invalid use of a private type in a public API. Try making the private type public, or making the API that uses the private type also be private. - library_private_types_in_public_api
   info - lib\screens\Organization_Dashboard.dart:147:9 - Don't use 'BuildContext's across async gaps. Try rewriting the code to not use the 'BuildContext', or guard the use with a 'mounted' check. - use_build_context_synchronously
   info - lib\screens\Organization_Dashboard.dart:163:33 - 'withOpacity' is deprecated and shouldn't be used. Use .withValues() to avoid precision loss. Try replacing the use of the deprecated member with the replacement. - deprecated_member_use
   info - lib\screens\Organization_Dashboard.dart:182:33 - 'withOpacity' is deprecated and shouldn't be used. Use .withValues() to avoid precision loss. Try replacing the use of the deprecated member with the replacement. - deprecated_member_use
   info - lib\screens\Organization_Dashboard.dart:184:52 - 'withOpacity' is deprecated and shouldn't be used. Use .withValues() to avoid precision loss. Try replacing the use of the deprecated member with the replacement. - deprecated_member_use
   info - lib\screens\Organization_Dashboard.dart:400:27 - 'withOpacity' is deprecated and shouldn't be used. Use .withValues() to avoid precision loss. Try replacing the use of the deprecated member with the replacement. - deprecated_member_use
   info - lib\screens\Organization_Dashboard.dart:411:36 - 'withOpacity' is deprecated and shouldn't be used. Use .withValues() to avoid precision loss. Try replacing the use of the deprecated member with the replacement. - deprecated_member_use
   info - lib\screens\Organization_Dashboard.dart:547:41 - 'withOpacity' is deprecated and shouldn't be used. Use .withValues() to avoid precision loss. Try replacing the use of the deprecated member with the replacement. - deprecated_member_use
   info - lib\screens\Site_Supervisor_Config.dart:1:1 - The file name 'Site_Supervisor_Config.dart' isn't a lower_case_with_underscores identifier. Try changing the name to follow the lower_case_with_underscores style. - file_names
   info - lib\screens\Site_Supervisor_Config.dart:8:3 - Invalid use of a private type in a public API. Try making the private type public, or making the API that uses the private type also be private. - library_private_types_in_public_api
   info - lib\screens\Site_Supervisor_Config.dart:107:30 - Don't use 'BuildContext's across async gaps. Try rewriting the code to not use the 'BuildContext', or guard the use with a 'mounted' check. - use_build_context_synchronously
   info - lib\screens\Site_Supervisor_Config.dart:125:30 - Don't use 'BuildContext's across async gaps. Try rewriting the code to not use the 'BuildContext', or guard the use with a 'mounted' check. - use_build_context_synchronously
   info - lib\screens\Site_Supervisor_Config.dart:143:28 - Don't use 'BuildContext's across async gaps. Try rewriting the code to not use the 'BuildContext', or guard the use with a 'mounted' check. - use_build_context_synchronously
   info - lib\screens\Site_Supervisor_Config.dart:251:32 - Don't use 'BuildContext's across async gaps. Try rewriting the code to not use the 'BuildContext', or guard the use with a 'mounted' check. - use_build_context_synchronously
   info - lib\screens\Site_Supervisor_Config.dart:278:32 - Don't use 'BuildContext's across async gaps. Try rewriting the code to not use the 'BuildContext', or guard the use with a 'mounted' check. - use_build_context_synchronously
   info - lib\screens\Site_Supervisor_Config.dart:296:32 - Don't use 'BuildContext's across async gaps. Try rewriting the code to not use the 'BuildContext', or guard the use with a 'mounted' check. - use_build_context_synchronously
   info - lib\screens\Site_Supervisor_Config.dart:360:28 - Don't use 'BuildContext's across async gaps. Try rewriting the code to not use the 'BuildContext', or guard the use with a 'mounted' check. - use_build_context_synchronously
   info - lib\screens\Site_Supervisor_Config.dart:623:33 - 'withOpacity' is deprecated and shouldn't be used. Use .withValues() to avoid precision loss. Try replacing the use of the deprecated member with the replacement. - deprecated_member_use
   info - lib\screens\Site_Supervisor_Config.dart:625:52 - 'withOpacity' is deprecated and shouldn't be used. Use .withValues() to avoid precision loss. Try replacing the use of the deprecated member with the replacement. - deprecated_member_use
   info - lib\screens\Site_Supervisor_Config.dart:809:11 - 'value' is deprecated and shouldn't be used. Use initialValue instead. This will set the initial value for the form field. This feature was deprecated after v3.33.0-1.0.pre. Try replacing the use of the deprecated member with the replacement. - deprecated_member_use
   info - lib\screens\Site_Supervisor_Config.dart:919:9 - Use a 'SizedBox' to add whitespace to a layout. Try using a 'SizedBox' rather than a 'Container'. - sized_box_for_whitespace
   info - lib\screens\Site_Supervisor_Config.dart:970:39 - 'withOpacity' is deprecated and shouldn't be used. Use .withValues() to avoid precision loss. Try replacing the use of the deprecated member with the replacement. - deprecated_member_use
   info - lib\screens\Site_Supervisor_Config.dart:1087:49 - 'withOpacity' is deprecated and shouldn't be used. Use .withValues() to avoid precision loss. Try replacing the use of the deprecated member with the replacement. - deprecated_member_use
   info - lib\screens\Site_Supervisor_Config.dart:1090:51 - 'withOpacity' is deprecated and shouldn't be used. Use .withValues() to avoid precision loss. Try replacing the use of the deprecated member with the replacement. - deprecated_member_use
   info - lib\screens\Site_Supervisor_Config.dart:1236:53 - Use a 'SizedBox' to add whitespace to a layout. Try using a 'SizedBox' rather than a 'Container'. - sized_box_for_whitespace
   info - lib\screens\Site_Supervisor_Config.dart:1247:43 - Use a 'SizedBox' to add whitespace to a layout. Try using a 'SizedBox' rather than a 'Container'. - sized_box_for_whitespace
   info - lib\screens\Supervisor_material_information.dart:1:1 - The file name 'Supervisor_material_information.dart' isn't a lower_case_with_underscores identifier. Try changing the name to follow the lower_case_with_underscores style. - file_names
   info - lib\screens\Supervisor_material_information.dart:126:7 - Don't invoke 'print' in production code. Try using a logging framework. - avoid_print
   info - lib\screens\Supervisor_material_information.dart:217:7 - Don't invoke 'print' in production code. Try using a logging framework. - avoid_print
   info - lib\screens\Supervisor_material_information.dart:606:7 - Don't invoke 'print' in production code. Try using a logging framework. - avoid_print
   info - lib\screens\Supervisor_material_information.dart:758:7 - Don't invoke 'print' in production code. Try using a logging framework. - avoid_print
   info - lib\screens\Supervisor_material_information.dart:1425:41 - 'withOpacity' is deprecated and shouldn't be used. Use .withValues() to avoid precision loss. Try replacing the use of the deprecated member with the replacement. - deprecated_member_use
   info - lib\screens\Supervisor_material_information.dart:1427:60 - 'withOpacity' is deprecated and shouldn't be used. Use .withValues() to avoid precision loss. Try replacing the use of the deprecated member with the replacement. - deprecated_member_use
   info - lib\screens\Supervisor_material_information.dart:1513:41 - 'withOpacity' is deprecated and shouldn't be used. Use .withValues() to avoid precision loss. Try replacing the use of the deprecated member with the replacement. - deprecated_member_use
   info - lib\screens\Supervisor_material_information.dart:1515:60 - 'withOpacity' is deprecated and shouldn't be used. Use .withValues() to avoid precision loss. Try replacing the use of the deprecated member with the replacement. - deprecated_member_use
   info - lib\screens\Supervisor_material_information.dart:1719:40 - 'withOpacity' is deprecated and shouldn't be used. Use .withValues() to avoid precision loss. Try replacing the use of the deprecated member with the replacement. - deprecated_member_use
   info - lib\screens\Supervisor_material_information.dart:1755:26 - 'withOpacity' is deprecated and shouldn't be used. Use .withValues() to avoid precision loss. Try replacing the use of the deprecated member with the replacement. - deprecated_member_use
   info - lib\screens\Supervisor_material_information.dart:1757:45 - 'withOpacity' is deprecated and shouldn't be used. Use .withValues() to avoid precision loss. Try replacing the use of the deprecated member with the replacement. - deprecated_member_use
   info - lib\screens\Supervisor_material_information.dart:1764:32 - 'withOpacity' is deprecated and shouldn't be used. Use .withValues() to avoid precision loss. Try replacing the use of the deprecated member with the replacement. - deprecated_member_use
   info - lib\screens\Supervisor_material_information.dart:1789:40 - 'withOpacity' is deprecated and shouldn't be used. Use .withValues() to avoid precision loss. Try replacing the use of the deprecated member with the replacement. - deprecated_member_use
   info - lib\screens\Supervisor_material_information.dart:1791:59 - 'withOpacity' is deprecated and shouldn't be used. Use .withValues() to avoid precision loss. Try replacing the use of the deprecated member with the replacement. - deprecated_member_use
   info - lib\screens\Supervisor_material_information.dart:1875:18 - Unnecessary use of 'toList' in a spread. Try removing the invocation of 'toList'. - unnecessary_to_list_in_spreads
   info - lib\screens\WebViewScreen.dart:1:1 - The file name 'WebViewScreen.dart' isn't a lower_case_with_underscores identifier. Try changing the name to follow the lower_case_with_underscores style. - file_names
   info - lib\screens\WebViewScreen.dart:9:3 - Invalid use of a private type in a public API. Try making the private type public, or making the API that uses the private type also be private. - library_private_types_in_public_api
   info - lib\screens\WebViewScreen.dart:40:7 - Don't invoke 'print' in production code. Try using a logging framework. - avoid_print
   info - lib\screens\WebViewScreen.dart:53:7 - Don't invoke 'print' in production code. Try using a logging framework. - avoid_print
   info - lib\screens\WebViewScreen.dart:119:27 - 'value' is deprecated and shouldn't be used. Use initialValue instead. This will set the initial value for the form field. This feature was deprecated after v3.33.0-1.0.pre. Try replacing the use of the deprecated member with the replacement. - deprecated_member_use
   info - lib\screens\WebViewScreen.dart:326:3 - Invalid use of a private type in a public API. Try making the private type public, or making the API that uses the private type also be private. - library_private_types_in_public_api
   info - lib\screens\WebViewScreen.dart:348:13 - Don't invoke 'print' in production code. Try using a logging framework. - avoid_print
   info - lib\screens\branding_screen.dart:227:47 - 'withOpacity' is deprecated and shouldn't be used. Use .withValues() to avoid precision loss. Try replacing the use of the deprecated member with the replacement. - deprecated_member_use
   info - lib\screens\branding_screen.dart:235:45 - 'withOpacity' is deprecated and shouldn't be used. Use .withValues() to avoid precision loss. Try replacing the use of the deprecated member with the replacement. - deprecated_member_use
   info - lib\screens\branding_screen.dart:244:51 - 'withOpacity' is deprecated and shouldn't be used. Use .withValues() to avoid precision loss. Try replacing the use of the deprecated member with the replacement. - deprecated_member_use
   info - lib\screens\branding_screen.dart:247:53 - 'withOpacity' is deprecated and shouldn't be used. Use .withValues() to avoid precision loss. Try replacing the use of the deprecated member with the replacement. - deprecated_member_use
   info - lib\screens\branding_screen.dart:251:53 - 'withOpacity' is deprecated and shouldn't be used. Use .withValues() to avoid precision loss. Try replacing the use of the deprecated member with the replacement. - deprecated_member_use
   info - lib\screens\branding_screen.dart:257:53 - 'withOpacity' is deprecated and shouldn't be used. Use .withValues() to avoid precision loss. Try replacing the use of the deprecated member with the replacement. - deprecated_member_use
   info - lib\screens\branding_screen.dart:279:62 - 'withOpacity' is deprecated and shouldn't be used. Use .withValues() to avoid precision loss. Try replacing the use of the deprecated member with the replacement. - deprecated_member_use
   info - lib\screens\branding_screen.dart:290:55 - 'withOpacity' is deprecated and shouldn't be used. Use .withValues() to avoid precision loss. Try replacing the use of the deprecated member with the replacement. - deprecated_member_use
   info - lib\screens\branding_screen.dart:293:57 - 'withOpacity' is deprecated and shouldn't be used. Use .withValues() to avoid precision loss. Try replacing the use of the deprecated member with the replacement. - deprecated_member_use
   info - lib\screens\branding_screen.dart:311:65 - 'withOpacity' is deprecated and shouldn't be used. Use .withValues() to avoid precision loss. Try replacing the use of the deprecated member with the replacement. - deprecated_member_use
   info - lib\screens\branding_screen.dart:320:67 - 'withOpacity' is deprecated and shouldn't be used. Use .withValues() to avoid precision loss. Try replacing the use of the deprecated member with the replacement. - deprecated_member_use
   info - lib\screens\branding_screen.dart:329:67 - 'withOpacity' is deprecated and shouldn't be used. Use .withValues() to avoid precision loss. Try replacing the use of the deprecated member with the replacement. - deprecated_member_use
   info - lib\screens\branding_screen.dart:369:62 - 'withOpacity' is deprecated and shouldn't be used. Use .withValues() to avoid precision loss. Try replacing the use of the deprecated member with the replacement. - deprecated_member_use
   info - lib\screens\branding_screen.dart:373:63 - 'value' is deprecated and shouldn't be used. Use component accessors like .r or .g, or toARGB32 for an explicit conversion. Try replacing the use of the deprecated member with the replacement. - deprecated_member_use
   info - lib\screens\branding_screen.dart:383:50 - 'value' is deprecated and shouldn't be used. Use component accessors like .r or .g, or toARGB32 for an explicit conversion. Try replacing the use of the deprecated member with the replacement. - deprecated_member_use
   info - lib\screens\branding_screen.dart:383:61 - 'value' is deprecated and shouldn't be used. Use component accessors like .r or .g, or toARGB32 for an explicit conversion. Try replacing the use of the deprecated member with the replacement. - deprecated_member_use
   info - lib\screens\branding_screen.dart:402:43 - 'withOpacity' is deprecated and shouldn't be used. Use .withValues() to avoid precision loss. Try replacing the use of the deprecated member with the replacement. - deprecated_member_use
   info - lib\screens\branding_screen.dart:403:54 - 'withOpacity' is deprecated and shouldn't be used. Use .withValues() to avoid precision loss. Try replacing the use of the deprecated member with the replacement. - deprecated_member_use
   info - lib\screens\branding_screen.dart:408:56 - 'withOpacity' is deprecated and shouldn't be used. Use .withValues() to avoid precision loss. Try replacing the use of the deprecated member with the replacement. - deprecated_member_use
   info - lib\screens\branding_screen.dart:526:34 - 'withOpacity' is deprecated and shouldn't be used. Use .withValues() to avoid precision loss. Try replacing the use of the deprecated member with the replacement. - deprecated_member_use
   info - lib\screens\branding_screen.dart:543:36 - 'withOpacity' is deprecated and shouldn't be used. Use .withValues() to avoid precision loss. Try replacing the use of the deprecated member with the replacement. - deprecated_member_use
   info - lib\screens\branding_screen.dart:547:38 - 'withOpacity' is deprecated and shouldn't be used. Use .withValues() to avoid precision loss. Try replacing the use of the deprecated member with the replacement. - deprecated_member_use
   info - lib\screens\branding_screen.dart:595:29 - 'withOpacity' is deprecated and shouldn't be used. Use .withValues() to avoid precision loss. Try replacing the use of the deprecated member with the replacement. - deprecated_member_use
   info - lib\screens\branding_screen.dart:597:48 - 'withOpacity' is deprecated and shouldn't be used. Use .withValues() to avoid precision loss. Try replacing the use of the deprecated member with the replacement. - deprecated_member_use
   info - lib\screens\branding_screen.dart:629:45 - 'withOpacity' is deprecated and shouldn't be used. Use .withValues() to avoid precision loss. Try replacing the use of the deprecated member with the replacement. - deprecated_member_use
   info - lib\screens\config_account_dashboard.dart:276:19 - Don't use 'BuildContext's across async gaps. Try rewriting the code to not use the 'BuildContext', or guard the use with a 'mounted' check. - use_build_context_synchronously
   info - lib\screens\config_account_dashboard.dart:394:37 - 'withOpacity' is deprecated and shouldn't be used. Use .withValues() to avoid precision loss. Try replacing the use of the deprecated member with the replacement. - deprecated_member_use
   info - lib\screens\config_layout_and_drawing.dart:95:30 - Don't use 'BuildContext's across async gaps. Try rewriting the code to not use the 'BuildContext', or guard the use with a 'mounted' check. - use_build_context_synchronously
   info - lib\screens\config_layout_and_drawing.dart:106:30 - Don't use 'BuildContext's across async gaps. Try rewriting the code to not use the 'BuildContext', or guard the use with a 'mounted' check. - use_build_context_synchronously
   info - lib\screens\config_layout_and_drawing.dart:176:35 - 'withOpacity' is deprecated and shouldn't be used. Use .withValues() to avoid precision loss. Try replacing the use of the deprecated member with the replacement. - deprecated_member_use
   info - lib\screens\config_layout_and_drawing.dart:185:41 - 'withOpacity' is deprecated and shouldn't be used. Use .withValues() to avoid precision loss. Try replacing the use of the deprecated member with the replacement. - deprecated_member_use
   info - lib\screens\config_layout_and_drawing.dart:218:27 - 'value' is deprecated and shouldn't be used. Use initialValue instead. This will set the initial value for the form field. This feature was deprecated after v3.33.0-1.0.pre. Try replacing the use of the deprecated member with the replacement. - deprecated_member_use
   info - lib\screens\config_layout_and_drawing.dart:299:41 - 'withOpacity' is deprecated and shouldn't be used. Use .withValues() to avoid precision loss. Try replacing the use of the deprecated member with the replacement. - deprecated_member_use
   info - lib\screens\config_layout_and_drawing.dart:353:57 - 'withOpacity' is deprecated and shouldn't be used. Use .withValues() to avoid precision loss. Try replacing the use of the deprecated member with the replacement. - deprecated_member_use
   info - lib\screens\config_layout_and_drawing.dart:373:56 - 'withOpacity' is deprecated and shouldn't be used. Use .withValues() to avoid precision loss. Try replacing the use of the deprecated member with the replacement. - deprecated_member_use
   info - lib\screens\config_layout_and_drawing.dart:399:41 - 'withOpacity' is deprecated and shouldn't be used. Use .withValues() to avoid precision loss. Try replacing the use of the deprecated member with the replacement. - deprecated_member_use
   info - lib\screens\config_layout_and_drawing.dart:422:40 - 'withOpacity' is deprecated and shouldn't be used. Use .withValues() to avoid precision loss. Try replacing the use of the deprecated member with the replacement. - deprecated_member_use
   info - lib\screens\config_layout_and_drawing.dart:429:25 - 'dataRowHeight' is deprecated and shouldn't be used. Migrate to use dataRowMinHeight and dataRowMaxHeight instead. This feature was deprecated after v3.7.0-5.0.pre. Try replacing the use of the deprecated member with the replacement. - deprecated_member_use
   info - lib\screens\config_layout_and_drawing.dart:560:45 - 'withOpacity' is deprecated and shouldn't be used. Use .withValues() to avoid precision loss. Try replacing the use of the deprecated member with the replacement. - deprecated_member_use
   info - lib\screens\config_layout_and_drawing.dart:639:54 - 'withOpacity' is deprecated and shouldn't be used. Use .withValues() to avoid precision loss. Try replacing the use of the deprecated member with the replacement. - deprecated_member_use
   info - lib\screens\config_layout_and_drawing.dart:680:54 - 'withOpacity' is deprecated and shouldn't be used. Use .withValues() to avoid precision loss. Try replacing the use of the deprecated member with the replacement. - deprecated_member_use
   info - lib\screens\config_layout_and_drawing.dart:727:26 - Don't use 'BuildContext's across async gaps. Try rewriting the code to not use the 'BuildContext', or guard the use with a 'mounted' check. - use_build_context_synchronously
   info - lib\screens\config_login.dart:55:36 - 'withOpacity' is deprecated and shouldn't be used. Use .withValues() to avoid precision loss. Try replacing the use of the deprecated member with the replacement. - deprecated_member_use
   info - lib\screens\config_login.dart:226:45 - 'withOpacity' is deprecated and shouldn't be used. Use .withValues() to avoid precision loss. Try replacing the use of the deprecated member with the replacement. - deprecated_member_use
   info - lib\screens\config_login.dart:248:50 - 'withOpacity' is deprecated and shouldn't be used. Use .withValues() to avoid precision loss. Try replacing the use of the deprecated member with the replacement. - deprecated_member_use
   info - lib\screens\config_login.dart:252:51 - 'withOpacity' is deprecated and shouldn't be used. Use .withValues() to avoid precision loss. Try replacing the use of the deprecated member with the replacement. - deprecated_member_use
   info - lib\screens\config_login.dart:449:31 - 'withOpacity' is deprecated and shouldn't be used. Use .withValues() to avoid precision loss. Try replacing the use of the deprecated member with the replacement. - deprecated_member_use
   info - lib\screens\config_login.dart:455:43 - 'withOpacity' is deprecated and shouldn't be used. Use .withValues() to avoid precision loss. Try replacing the use of the deprecated member with the replacement. - deprecated_member_use
   info - lib\screens\config_login.dart:592:53 - Don't use 'BuildContext's across async gaps. Try rewriting the code to not use the 'BuildContext', or guard the use with a 'mounted' check. - use_build_context_synchronously
   info - lib\screens\config_mat_sub_cat.dart:257:25 - 'value' is deprecated and shouldn't be used. Use initialValue instead. This will set the initial value for the form field. This feature was deprecated after v3.33.0-1.0.pre. Try replacing the use of the deprecated member with the replacement. - deprecated_member_use
   info - lib\screens\config_mat_sub_cat.dart:295:25 - 'value' is deprecated and shouldn't be used. Use initialValue instead. This will set the initial value for the form field. This feature was deprecated after v3.33.0-1.0.pre. Try replacing the use of the deprecated member with the replacement. - deprecated_member_use
   info - lib\screens\config_material_information.dart:132:7 - Don't invoke 'print' in production code. Try using a logging framework. - avoid_print
   info - lib\screens\config_material_information.dart:226:7 - Don't invoke 'print' in production code. Try using a logging framework. - avoid_print
   info - lib\screens\config_material_information.dart:576:22 - Unnecessary use of 'toList' in a spread. Try removing the invocation of 'toList'. - unnecessary_to_list_in_spreads
   info - lib\screens\config_material_information.dart:741:7 - Don't invoke 'print' in production code. Try using a logging framework. - avoid_print
   info - lib\screens\config_material_information.dart:877:7 - Don't invoke 'print' in production code. Try using a logging framework. - avoid_print
   info - lib\screens\config_material_information.dart:1030:7 - Don't invoke 'print' in production code. Try using a logging framework. - avoid_print
   info - lib\screens\config_material_information.dart:1062:20 - Unnecessary use of 'toList' in a spread. Try removing the invocation of 'toList'. - unnecessary_to_list_in_spreads
   info - lib\screens\config_material_information.dart:1122:20 - Unnecessary use of 'toList' in a spread. Try removing the invocation of 'toList'. - unnecessary_to_list_in_spreads
   info - lib\screens\config_material_information.dart:1185:20 - Unnecessary use of 'toList' in a spread. Try removing the invocation of 'toList'. - unnecessary_to_list_in_spreads
   info - lib\screens\config_material_information.dart:2359:26 - 'withOpacity' is deprecated and shouldn't be used. Use .withValues() to avoid precision loss. Try replacing the use of the deprecated member with the replacement. - deprecated_member_use
   info - lib\screens\config_material_information.dart:2429:18 - Unnecessary use of 'toList' in a spread. Try removing the invocation of 'toList'. - unnecessary_to_list_in_spreads
   info - lib\screens\config_materialavailability.dart:306:7 - Don't invoke 'print' in production code. Try using a logging framework. - avoid_print
   info - lib\screens\config_materialavailability.dart:679:52 - 'withOpacity' is deprecated and shouldn't be used. Use .withValues() to avoid precision loss. Try replacing the use of the deprecated member with the replacement. - deprecated_member_use
   info - lib\screens\config_materialavailability.dart:741:46 - 'withOpacity' is deprecated and shouldn't be used. Use .withValues() to avoid precision loss. Try replacing the use of the deprecated member with the replacement. - deprecated_member_use
   info - lib\screens\config_materialavailability.dart:744:48 - 'withOpacity' is deprecated and shouldn't be used. Use .withValues() to avoid precision loss. Try replacing the use of the deprecated member with the replacement. - deprecated_member_use
   info - lib\screens\config_materialavailability.dart:789:55 - 'withOpacity' is deprecated and shouldn't be used. Use .withValues() to avoid precision loss. Try replacing the use of the deprecated member with the replacement. - deprecated_member_use
   info - lib\screens\config_materialavailability.dart:833:52 - 'withOpacity' is deprecated and shouldn't be used. Use .withValues() to avoid precision loss. Try replacing the use of the deprecated member with the replacement. - deprecated_member_use
   info - lib\screens\config_materialavailability.dart:891:49 - 'withOpacity' is deprecated and shouldn't be used. Use .withValues() to avoid precision loss. Try replacing the use of the deprecated member with the replacement. - deprecated_member_use
   info - lib\screens\config_materialavailability.dart:922:49 - 'withOpacity' is deprecated and shouldn't be used. Use .withValues() to avoid precision loss. Try replacing the use of the deprecated member with the replacement. - deprecated_member_use
   info - lib\screens\config_materialavailability.dart:984:36 - 'withOpacity' is deprecated and shouldn't be used. Use .withValues() to avoid precision loss. Try replacing the use of the deprecated member with the replacement. - deprecated_member_use
   info - lib\screens\config_materialavailability.dart:992:15 - 'value' is deprecated and shouldn't be used. Use initialValue instead. This will set the initial value for the form field. This feature was deprecated after v3.33.0-1.0.pre. Try replacing the use of the deprecated member with the replacement. - deprecated_member_use
   info - lib\screens\config_materialavailability.dart:1063:36 - 'withOpacity' is deprecated and shouldn't be used. Use .withValues() to avoid precision loss. Try replacing the use of the deprecated member with the replacement. - deprecated_member_use
   info - lib\screens\config_materialavailability.dart:1071:15 - 'value' is deprecated and shouldn't be used. Use initialValue instead. This will set the initial value for the form field. This feature was deprecated after v3.33.0-1.0.pre. Try replacing the use of the deprecated member with the replacement. - deprecated_member_use
   info - lib\screens\config_materialavailability.dart:1132:36 - 'withOpacity' is deprecated and shouldn't be used. Use .withValues() to avoid precision loss. Try replacing the use of the deprecated member with the replacement. - deprecated_member_use
   info - lib\screens\config_materialavailability.dart:1178:48 - 'withOpacity' is deprecated and shouldn't be used. Use .withValues() to avoid precision loss. Try replacing the use of the deprecated member with the replacement. - deprecated_member_use
   info - lib\screens\config_materialavailability.dart:1215:48 - 'withOpacity' is deprecated and shouldn't be used. Use .withValues() to avoid precision loss. Try replacing the use of the deprecated member with the replacement. - deprecated_member_use
   info - lib\screens\conflig_Materials.dart:1:1 - The file name 'conflig_Materials.dart' isn't a lower_case_with_underscores identifier. Try changing the name to follow the lower_case_with_underscores style. - file_names
   info - lib\screens\conflig_Materials.dart:455:49 - 'withOpacity' is deprecated and shouldn't be used. Use .withValues() to avoid precision loss. Try replacing the use of the deprecated member with the replacement. - deprecated_member_use
   info - lib\screens\contractor_entry_page.dart:243:15 - Statements in an if should be enclosed in a block. Try wrapping the statement in a block. - curly_braces_in_flow_control_structures
   info - lib\screens\contractor_entry_page.dart:285:15 - Statements in an if should be enclosed in a block. Try wrapping the statement in a block. - curly_braces_in_flow_control_structures
   info - lib\screens\contractor_entry_page.dart:601:53 - 'withOpacity' is deprecated and shouldn't be used. Use .withValues() to avoid precision loss. Try replacing the use of the deprecated member with the replacement. - deprecated_member_use
   info - lib\screens\contractor_entry_page.dart:678:11 - 'dataRowHeight' is deprecated and shouldn't be used. Migrate to use dataRowMinHeight and dataRowMaxHeight instead. This feature was deprecated after v3.7.0-5.0.pre. Try replacing the use of the deprecated member with the replacement. - deprecated_member_use
   info - lib\screens\contractor_entry_page.dart:831:42 - Don't use 'BuildContext's across async gaps. Try rewriting the code to not use the 'BuildContext', or guard the use with a 'mounted' check. - use_build_context_synchronously
   info - lib\screens\contractor_entry_page.dart:905:31 - 'value' is deprecated and shouldn't be used. Use initialValue instead. This will set the initial value for the form field. This feature was deprecated after v3.33.0-1.0.pre. Try replacing the use of the deprecated member with the replacement. - deprecated_member_use
   info - lib\screens\contractor_entry_page.dart:1000:33 - 'value' is deprecated and shouldn't be used. Use initialValue instead. This will set the initial value for the form field. This feature was deprecated after v3.33.0-1.0.pre. Try replacing the use of the deprecated member with the replacement. - deprecated_member_use
   info - lib\screens\contractor_entry_page.dart:1171:33 - 'value' is deprecated and shouldn't be used. Use initialValue instead. This will set the initial value for the form field. This feature was deprecated after v3.33.0-1.0.pre. Try replacing the use of the deprecated member with the replacement. - deprecated_member_use
   info - lib\screens\contractor_page.dart:73:53 - 'withOpacity' is deprecated and shouldn't be used. Use .withValues() to avoid precision loss. Try replacing the use of the deprecated member with the replacement. - deprecated_member_use
   info - lib\screens\contractor_page.dart:139:57 - 'withOpacity' is deprecated and shouldn't be used. Use .withValues() to avoid precision loss. Try replacing the use of the deprecated member with the replacement. - deprecated_member_use
   info - lib\screens\contractor_page.dart:213:77 - 'withOpacity' is deprecated and shouldn't be used. Use .withValues() to avoid precision loss. Try replacing the use of the deprecated member with the replacement. - deprecated_member_use
   info - lib\screens\contractor_page.dart:217:23 - 'dataRowHeight' is deprecated and shouldn't be used. Migrate to use dataRowMinHeight and dataRowMaxHeight instead. This feature was deprecated after v3.7.0-5.0.pre. Try replacing the use of the deprecated member with the replacement. - deprecated_member_use
   info - lib\screens\contractor_page.dart:302:11 - 'value' is deprecated and shouldn't be used. Use initialValue instead. This will set the initial value for the form field. This feature was deprecated after v3.33.0-1.0.pre. Try replacing the use of the deprecated member with the replacement. - deprecated_member_use
   info - lib\screens\contractor_report_page.dart:9:3 - Invalid use of a private type in a public API. Try making the private type public, or making the API that uses the private type also be private. - library_private_types_in_public_api
   info - lib\screens\contractor_report_page.dart:186:35 - Statements in an if should be enclosed in a block. Try wrapping the statement in a block. - curly_braces_in_flow_control_structures
   info - lib\screens\contractor_report_page.dart:187:33 - Statements in an if should be enclosed in a block. Try wrapping the statement in a block. - curly_braces_in_flow_control_structures
   info - lib\screens\contractor_report_page.dart:210:28 - Don't use 'BuildContext's across async gaps. Try rewriting the code to not use the 'BuildContext', or guard the use with a 'mounted' check. - use_build_context_synchronously
   info - lib\screens\contractor_report_page.dart:239:28 - Don't use 'BuildContext's across async gaps. Try rewriting the code to not use the 'BuildContext', or guard the use with a 'mounted' check. - use_build_context_synchronously
   info - lib\screens\contractor_report_page.dart:277:28 - Don't use 'BuildContext's across async gaps. Try rewriting the code to not use the 'BuildContext', or guard the use with a 'mounted' check. - use_build_context_synchronously
   info - lib\screens\contractor_report_page.dart:657:29 - 'value' is deprecated and shouldn't be used. Use initialValue instead. This will set the initial value for the form field. This feature was deprecated after v3.33.0-1.0.pre. Try replacing the use of the deprecated member with the replacement. - deprecated_member_use
   info - lib\screens\contractor_report_page.dart:672:76 - 'withOpacity' is deprecated and shouldn't be used. Use .withValues() to avoid precision loss. Try replacing the use of the deprecated member with the replacement. - deprecated_member_use
   info - lib\screens\contractor_report_page.dart:737:31 - 'value' is deprecated and shouldn't be used. Use initialValue instead. This will set the initial value for the form field. This feature was deprecated after v3.33.0-1.0.pre. Try replacing the use of the deprecated member with the replacement. - deprecated_member_use
   info - lib\screens\contractor_report_page.dart:752:78 - 'withOpacity' is deprecated and shouldn't be used. Use .withValues() to avoid precision loss. Try replacing the use of the deprecated member with the replacement. - deprecated_member_use
   info - lib\screens\contractor_report_page.dart:789:45 - 'withOpacity' is deprecated and shouldn't be used. Use .withValues() to avoid precision loss. Try replacing the use of the deprecated member with the replacement. - deprecated_member_use
   info - lib\screens\contractor_report_page.dart:878:49 - 'withOpacity' is deprecated and shouldn't be used. Use .withValues() to avoid precision loss. Try replacing the use of the deprecated member with the replacement. - deprecated_member_use
   info - lib\screens\contractor_report_page.dart:912:77 - 'withOpacity' is deprecated and shouldn't be used. Use .withValues() to avoid precision loss. Try replacing the use of the deprecated member with the replacement. - deprecated_member_use
   info - lib\screens\contractor_report_page.dart:917:56 - 'withOpacity' is deprecated and shouldn't be used. Use .withValues() to avoid precision loss. Try replacing the use of the deprecated member with the replacement. - deprecated_member_use
   info - lib\screens\customer_dashboard.dart:60:7 - Don't invoke 'print' in production code. Try using a logging framework. - avoid_print
   info - lib\screens\customer_dashboard.dart:81:11 - Don't invoke 'print' in production code. Try using a logging framework. - avoid_print
   info - lib\screens\customer_dashboard.dart:87:11 - Don't invoke 'print' in production code. Try using a logging framework. - avoid_print
   info - lib\screens\customer_dashboard.dart:96:9 - Don't invoke 'print' in production code. Try using a logging framework. - avoid_print
   info - lib\screens\customer_dashboard.dart:103:7 - Don't invoke 'print' in production code. Try using a logging framework. - avoid_print
   info - lib\screens\customer_dashboard.dart:154:32 - 'withOpacity' is deprecated and shouldn't be used. Use .withValues() to avoid precision loss. Try replacing the use of the deprecated member with the replacement. - deprecated_member_use
   info - lib\screens\customer_dashboard.dart:229:19 - Don't use 'BuildContext's across async gaps. Try rewriting the code to not use the 'BuildContext', or guard the use with a 'mounted' check. - use_build_context_synchronously
   info - lib\screens\customer_dashboard.dart:276:12 - 'WillPopScope' is deprecated and shouldn't be used. Use PopScope instead. The Android predictive back feature will not work with WillPopScope. This feature was deprecated after v3.12.0-1.0.pre. Try replacing the use of the deprecated member with the replacement. - deprecated_member_use
   info - lib\screens\customer_dashboard.dart:372:19 - Don't invoke 'print' in production code. Try using a logging framework. - avoid_print
   info - lib\screens\customer_dashboard.dart:373:19 - Don't invoke 'print' in production code. Try using a logging framework. - avoid_print
   info - lib\screens\customer_dashboard.dart:374:19 - Don't invoke 'print' in production code. Try using a logging framework. - avoid_print
   info - lib\screens\customer_dashboard.dart:375:19 - Don't invoke 'print' in production code. Try using a logging framework. - avoid_print
   info - lib\screens\customer_insight_dashboard.dart:32:42 - 'background' is deprecated and shouldn't be used. Use surface instead. This feature was deprecated after v3.18.0-0.1.pre. Try replacing the use of the deprecated member with the replacement. - deprecated_member_use
   info - lib\screens\customer_insight_dashboard.dart:159:30 - 'withOpacity' is deprecated and shouldn't be used. Use .withValues() to avoid precision loss. Try replacing the use of the deprecated member with the replacement. - deprecated_member_use
   info - lib\screens\customer_insights_screen.dart:114:7 - Don't invoke 'print' in production code. Try using a logging framework. - avoid_print
   info - lib\screens\customer_insights_screen.dart:133:7 - Don't invoke 'print' in production code. Try using a logging framework. - avoid_print
   info - lib\screens\customer_insights_screen.dart:454:33 - 'value' is deprecated and shouldn't be used. Use initialValue instead. This will set the initial value for the form field. This feature was deprecated after v3.33.0-1.0.pre. Try replacing the use of the deprecated member with the replacement. - deprecated_member_use
   info - lib\screens\customer_insights_screen.dart:590:32 - 'withOpacity' is deprecated and shouldn't be used. Use .withValues() to avoid precision loss. Try replacing the use of the deprecated member with the replacement. - deprecated_member_use
   info - lib\screens\customer_insights_screen.dart:657:47 - 'withOpacity' is deprecated and shouldn't be used. Use .withValues() to avoid precision loss. Try replacing the use of the deprecated member with the replacement. - deprecated_member_use
   info - lib\screens\customer_insights_screen.dart:666:15 - 'groupValue' is deprecated and shouldn't be used. Use a RadioGroup ancestor to manage group value instead. This feature was deprecated after v3.32.0-0.0.pre. Try replacing the use of the deprecated member with the replacement. - deprecated_member_use
   info - lib\screens\customer_insights_screen.dart:667:15 - 'onChanged' is deprecated and shouldn't be used. Use RadioGroup to handle value change instead. This feature was deprecated after v3.32.0-0.0.pre. Try replacing the use of the deprecated member with the replacement. - deprecated_member_use
   info - lib\screens\customer_login_page.dart:3:8 - The import of 'package:flutter/services.dart' is unnecessary because all of the used elements are also provided by the import of 'package:flutter/material.dart'. Try removing the import directive. - unnecessary_import
   info - lib\screens\customer_login_page.dart:13:3 - Invalid use of a private type in a public API. Try making the private type public, or making the API that uses the private type also be private. - library_private_types_in_public_api
   info - lib\screens\customer_login_page.dart:177:17 - Don't use 'BuildContext's across async gaps. Try rewriting the code to not use the 'BuildContext', or guard the use with a 'mounted' check. - use_build_context_synchronously
   info - lib\screens\customer_login_page.dart:214:91 - 'withOpacity' is deprecated and shouldn't be used. Use .withValues() to avoid precision loss. Try replacing the use of the deprecated member with the replacement. - deprecated_member_use
   info - lib\screens\customer_login_page.dart:316:38 - 'withOpacity' is deprecated and shouldn't be used. Use .withValues() to avoid precision loss. Try replacing the use of the deprecated member with the replacement. - deprecated_member_use
   info - lib\screens\customer_login_page.dart:352:33 - 'withOpacity' is deprecated and shouldn't be used. Use .withValues() to avoid precision loss. Try replacing the use of the deprecated member with the replacement. - deprecated_member_use
   info - lib\screens\customer_login_page.dart:365:39 - 'withOpacity' is deprecated and shouldn't be used. Use .withValues() to avoid precision loss. Try replacing the use of the deprecated member with the replacement. - deprecated_member_use
   info - lib\screens\customer_project_details.dart:139:9 - Parameter 'key' could be a super parameter. Trying converting 'key' to a super parameter. - use_super_parameters
   info - lib\screens\customer_project_details.dart:149:5 - Don't invoke 'print' in production code. Try using a logging framework. - avoid_print
   info - lib\screens\customer_project_details.dart:150:5 - Don't invoke 'print' in production code. Try using a logging framework. - avoid_print
   info - lib\screens\customer_project_details.dart:151:5 - Don't invoke 'print' in production code. Try using a logging framework. - avoid_print
   info - lib\screens\customer_project_details.dart:152:5 - Don't invoke 'print' in production code. Try using a logging framework. - avoid_print
   info - lib\screens\customer_project_details.dart:153:5 - Don't invoke 'print' in production code. Try using a logging framework. - avoid_print
   info - lib\screens\customer_project_details.dart:203:13 - Don't invoke 'print' in production code. Try using a logging framework. - avoid_print
   info - lib\screens\customer_project_details.dart:226:13 - Don't invoke 'print' in production code. Try using a logging framework. - avoid_print
   info - lib\screens\customer_project_details.dart:254:18 - Unnecessary instance of 'Container'. Try removing the 'Container' (but not its children) from the widget tree. - avoid_unnecessary_containers
   info - lib\screens\customer_project_details.dart:418:36 - 'withOpacity' is deprecated and shouldn't be used. Use .withValues() to avoid precision loss. Try replacing the use of the deprecated member with the replacement. - deprecated_member_use
   info - lib\screens\customer_project_details.dart:610:7 - Constructors for public widgets should have a named 'key' parameter. Try adding a named parameter to the constructor. - use_key_in_widget_constructors
   info - lib\screens\customer_project_details.dart:627:9 - Parameter 'key' could be a super parameter. Trying converting 'key' to a super parameter. - use_super_parameters
   info - lib\screens\customer_project_financial_statusreport.dart:7:7 - Constructors for public widgets should have a named 'key' parameter. Try adding a named parameter to the constructor. - use_key_in_widget_constructors
   info - lib\screens\customer_project_financial_statusreport.dart:7:7 - The type name 'customerProjectFinancialStatusReportPage' isn't an UpperCamelCase identifier. Try changing the name to follow the UpperCamelCase style. - camel_case_types
   info - lib\screens\customer_project_financial_statusreport.dart:9:3 - Invalid use of a private type in a public API. Try making the private type public, or making the API that uses the private type also be private. - library_private_types_in_public_api
   info - lib\screens\customer_project_financial_statusreport.dart:13:7 - The type name '_customerProjectFinancialStatusReportPageState' isn't an UpperCamelCase identifier. Try changing the name to follow the UpperCamelCase style. - camel_case_types
   info - lib\screens\customer_project_financial_statusreport.dart:96:9 - Don't use 'BuildContext's across async gaps. Try rewriting the code to not use the 'BuildContext', or guard the use with a 'mounted' check. - use_build_context_synchronously
   info - lib\screens\customer_project_financial_statusreport.dart:128:28 - Don't use 'BuildContext's across async gaps. Try rewriting the code to not use the 'BuildContext', or guard the use with a 'mounted' check. - use_build_context_synchronously
   info - lib\screens\customer_project_financial_statusreport.dart:143:32 - 'withOpacity' is deprecated and shouldn't be used. Use .withValues() to avoid precision loss. Try replacing the use of the deprecated member with the replacement. - deprecated_member_use
   info - lib\screens\customer_site_status_report.dart:213:7 - Don't invoke 'print' in production code. Try using a logging framework. - avoid_print
   info - lib\screens\customer_site_status_report.dart:241:7 - Don't invoke 'print' in production code. Try using a logging framework. - avoid_print
   info - lib\screens\customer_site_status_report.dart:437:17 - The 'if' statement could be replaced by a null-aware assignment. Try using the '??=' operator to conditionally assign a value. - prefer_conditional_assignment
   info - lib\screens\customer_site_status_report.dart:614:31 - 'value' is deprecated and shouldn't be used. Use initialValue instead. This will set the initial value for the form field. This feature was deprecated after v3.33.0-1.0.pre. Try replacing the use of the deprecated member with the replacement. - deprecated_member_use
   info - lib\screens\customer_site_status_report.dart:894:32 - 'withOpacity' is deprecated and shouldn't be used. Use .withValues() to avoid precision loss. Try replacing the use of the deprecated member with the replacement. - deprecated_member_use
   info - lib\screens\customer_site_status_report.dart:929:35 - Instances of 'Color' should be created using an 8-digit hexadecimal integer (such as '0xFFFFFFFF'). - use_full_hex_values_for_flutter_colors
   info - lib\screens\customer_site_status_report.dart:961:53 - 'withOpacity' is deprecated and shouldn't be used. Use .withValues() to avoid precision loss. Try replacing the use of the deprecated member with the replacement. - deprecated_member_use
   info - lib\screens\customer_site_status_report.dart:970:15 - 'groupValue' is deprecated and shouldn't be used. Use a RadioGroup ancestor to manage group value instead. This feature was deprecated after v3.32.0-0.0.pre. Try replacing the use of the deprecated member with the replacement. - deprecated_member_use
   info - lib\screens\customer_site_status_report.dart:971:15 - 'onChanged' is deprecated and shouldn't be used. Use RadioGroup to handle value change instead. This feature was deprecated after v3.32.0-0.0.pre. Try replacing the use of the deprecated member with the replacement. - deprecated_member_use
   info - lib\screens\customer_worker_details.dart:8:9 - Parameter 'key' could be a super parameter. Trying converting 'key' to a super parameter. - use_super_parameters
   info - lib\screens\customer_worker_details.dart:154:21 - 'value' is deprecated and shouldn't be used. Use initialValue instead. This will set the initial value for the form field. This feature was deprecated after v3.33.0-1.0.pre. Try replacing the use of the deprecated member with the replacement. - deprecated_member_use
   info - lib\screens\customer_worker_details.dart:174:21 - 'value' is deprecated and shouldn't be used. Use initialValue instead. This will set the initial value for the form field. This feature was deprecated after v3.33.0-1.0.pre. Try replacing the use of the deprecated member with the replacement. - deprecated_member_use
   info - lib\screens\customer_worker_details.dart:354:16 - Unnecessary use of 'toList' in a spread. Try removing the invocation of 'toList'. - unnecessary_to_list_in_spreads
   info - lib\screens\customer_worker_details.dart:418:42 - 'withOpacity' is deprecated and shouldn't be used. Use .withValues() to avoid precision loss. Try replacing the use of the deprecated member with the replacement. - deprecated_member_use
   info - lib\screens\customer_workers_summary.dart:8:9 - Parameter 'key' could be a super parameter. Trying converting 'key' to a super parameter. - use_super_parameters
   info - lib\screens\customer_workers_summary.dart:223:26 - 'withOpacity' is deprecated and shouldn't be used. Use .withValues() to avoid precision loss. Try replacing the use of the deprecated member with the replacement. - deprecated_member_use
   info - lib\screens\customer_workers_summary.dart:385:50 - 'withOpacity' is deprecated and shouldn't be used. Use .withValues() to avoid precision loss. Try replacing the use of the deprecated member with the replacement. - deprecated_member_use
   info - lib\screens\customer_workers_summary.dart:408:21 - Don't use 'BuildContext's across async gaps. Try rewriting the code to not use the 'BuildContext', or guard the use with a 'mounted' check. - use_build_context_synchronously
   info - lib\screens\customer_workers_summary.dart:429:21 - Don't use 'BuildContext's across async gaps. Try rewriting the code to not use the 'BuildContext', or guard the use with a 'mounted' check. - use_build_context_synchronously
   info - lib\screens\customer_workers_summary.dart:450:21 - Don't use 'BuildContext's across async gaps. Try rewriting the code to not use the 'BuildContext', or guard the use with a 'mounted' check. - use_build_context_synchronously
   info - lib\screens\customer_workers_summary.dart:591:54 - 'withOpacity' is deprecated and shouldn't be used. Use .withValues() to avoid precision loss. Try replacing the use of the deprecated member with the replacement. - deprecated_member_use
   info - lib\screens\customer_workers_summary.dart:670:26 - 'withOpacity' is deprecated and shouldn't be used. Use .withValues() to avoid precision loss. Try replacing the use of the deprecated member with the replacement. - deprecated_member_use
   info - lib\screens\customer_workers_summary.dart:672:45 - 'withOpacity' is deprecated and shouldn't be used. Use .withValues() to avoid precision loss. Try replacing the use of the deprecated member with the replacement. - deprecated_member_use
   info - lib\screens\daily_site_report.dart:290:54 - 'value' is deprecated and shouldn't be used. Use component accessors like .r or .g, or toARGB32 for an explicit conversion. Try replacing the use of the deprecated member with the replacement. - deprecated_member_use
   info - lib\screens\daily_site_report.dart:360:12 - 'Table.fromTextArray' is deprecated and shouldn't be used. Use TableHelper.fromTextArray() instead. Try replacing the use of the deprecated member with the replacement. - deprecated_member_use
   info - lib\screens\daily_site_report.dart:390:12 - 'Table.fromTextArray' is deprecated and shouldn't be used. Use TableHelper.fromTextArray() instead. Try replacing the use of the deprecated member with the replacement. - deprecated_member_use
   info - lib\screens\daily_site_report.dart:448:12 - 'Table.fromTextArray' is deprecated and shouldn't be used. Use TableHelper.fromTextArray() instead. Try replacing the use of the deprecated member with the replacement. - deprecated_member_use
   info - lib\screens\daily_site_report.dart:517:44 - 'withOpacity' is deprecated and shouldn't be used. Use .withValues() to avoid precision loss. Try replacing the use of the deprecated member with the replacement. - deprecated_member_use
   info - lib\screens\daily_site_report.dart:1196:34 - 'withOpacity' is deprecated and shouldn't be used. Use .withValues() to avoid precision loss. Try replacing the use of the deprecated member with the replacement. - deprecated_member_use
   info - lib\screens\daily_site_report.dart:1249:11 - 'dataRowHeight' is deprecated and shouldn't be used. Migrate to use dataRowMinHeight and dataRowMaxHeight instead. This feature was deprecated after v3.7.0-5.0.pre. Try replacing the use of the deprecated member with the replacement. - deprecated_member_use
   info - lib\screens\daily_site_report.dart:1253:26 - 'withOpacity' is deprecated and shouldn't be used. Use .withValues() to avoid precision loss. Try replacing the use of the deprecated member with the replacement. - deprecated_member_use
   info - lib\screens\daily_site_report.dart:1268:29 - 'withOpacity' is deprecated and shouldn't be used. Use .withValues() to avoid precision loss. Try replacing the use of the deprecated member with the replacement. - deprecated_member_use
   info - lib\screens\financial_status_report.dart:63:56 - 'value' is deprecated and shouldn't be used. Use component accessors like .r or .g, or toARGB32 for an explicit conversion. Try replacing the use of the deprecated member with the replacement. - deprecated_member_use
   info - lib\screens\financial_status_report.dart:70:56 - 'value' is deprecated and shouldn't be used. Use component accessors like .r or .g, or toARGB32 for an explicit conversion. Try replacing the use of the deprecated member with the replacement. - deprecated_member_use
   info - lib\screens\financial_status_report.dart:91:52 - 'value' is deprecated and shouldn't be used. Use component accessors like .r or .g, or toARGB32 for an explicit conversion. Try replacing the use of the deprecated member with the replacement. - deprecated_member_use
   info - lib\screens\financial_status_report.dart:95:11 - 'Table.fromTextArray' is deprecated and shouldn't be used. Use TableHelper.fromTextArray() instead. Try replacing the use of the deprecated member with the replacement. - deprecated_member_use
   info - lib\screens\financial_status_report.dart:102:52 - 'value' is deprecated and shouldn't be used. Use component accessors like .r or .g, or toARGB32 for an explicit conversion. Try replacing the use of the deprecated member with the replacement. - deprecated_member_use
   info - lib\screens\financial_status_report.dart:121:52 - 'value' is deprecated and shouldn't be used. Use component accessors like .r or .g, or toARGB32 for an explicit conversion. Try replacing the use of the deprecated member with the replacement. - deprecated_member_use
   info - lib\screens\financial_status_report.dart:125:11 - 'Table.fromTextArray' is deprecated and shouldn't be used. Use TableHelper.fromTextArray() instead. Try replacing the use of the deprecated member with the replacement. - deprecated_member_use
   info - lib\screens\financial_status_report.dart:132:52 - 'value' is deprecated and shouldn't be used. Use component accessors like .r or .g, or toARGB32 for an explicit conversion. Try replacing the use of the deprecated member with the replacement. - deprecated_member_use
   info - lib\screens\financial_status_report.dart:145:52 - 'value' is deprecated and shouldn't be used. Use component accessors like .r or .g, or toARGB32 for an explicit conversion. Try replacing the use of the deprecated member with the replacement. - deprecated_member_use
   info - lib\screens\financial_status_report.dart:147:54 - 'value' is deprecated and shouldn't be used. Use component accessors like .r or .g, or toARGB32 for an explicit conversion. Try replacing the use of the deprecated member with the replacement. - deprecated_member_use
   info - lib\screens\financial_status_report.dart:157:54 - 'value' is deprecated and shouldn't be used. Use component accessors like .r or .g, or toARGB32 for an explicit conversion. Try replacing the use of the deprecated member with the replacement. - deprecated_member_use
   info - lib\screens\financial_status_report.dart:166:58 - 'value' is deprecated and shouldn't be used. Use component accessors like .r or .g, or toARGB32 for an explicit conversion. Try replacing the use of the deprecated member with the replacement. - deprecated_member_use
   info - lib\screens\financial_status_report.dart:285:45 - 'withOpacity' is deprecated and shouldn't be used. Use .withValues() to avoid precision loss. Try replacing the use of the deprecated member with the replacement. - deprecated_member_use
   info - lib\screens\financial_status_report.dart:298:53 - 'withOpacity' is deprecated and shouldn't be used. Use .withValues() to avoid precision loss. Try replacing the use of the deprecated member with the replacement. - deprecated_member_use
   info - lib\screens\financial_status_report.dart:511:47 - 'withOpacity' is deprecated and shouldn't be used. Use .withValues() to avoid precision loss. Try replacing the use of the deprecated member with the replacement. - deprecated_member_use
   info - lib\screens\financial_status_report.dart:564:28 - 'withOpacity' is deprecated and shouldn't be used. Use .withValues() to avoid precision loss. Try replacing the use of the deprecated member with the replacement. - deprecated_member_use
   info - lib\screens\financial_status_report.dart:621:47 - 'withOpacity' is deprecated and shouldn't be used. Use .withValues() to avoid precision loss. Try replacing the use of the deprecated member with the replacement. - deprecated_member_use
   info - lib\screens\incentive_calculation.dart:10:3 - Invalid use of a private type in a public API. Try making the private type public, or making the API that uses the private type also be private. - library_private_types_in_public_api
   info - lib\screens\incentive_calculation.dart:124:50 - 'withOpacity' is deprecated and shouldn't be used. Use .withValues() to avoid precision loss. Try replacing the use of the deprecated member with the replacement. - deprecated_member_use
   info - lib\screens\incentive_calculation.dart:158:31 - 'value' is deprecated and shouldn't be used. Use initialValue instead. This will set the initial value for the form field. This feature was deprecated after v3.33.0-1.0.pre. Try replacing the use of the deprecated member with the replacement. - deprecated_member_use
   info - lib\screens\incentive_calculation.dart:234:31 - 'value' is deprecated and shouldn't be used. Use initialValue instead. This will set the initial value for the form field. This feature was deprecated after v3.33.0-1.0.pre. Try replacing the use of the deprecated member with the replacement. - deprecated_member_use
   info - lib\screens\incentive_calculation.dart:332:43 - 'withOpacity' is deprecated and shouldn't be used. Use .withValues() to avoid precision loss. Try replacing the use of the deprecated member with the replacement. - deprecated_member_use
   info - lib\screens\incentive_calculation.dart:334:62 - 'withOpacity' is deprecated and shouldn't be used. Use .withValues() to avoid precision loss. Try replacing the use of the deprecated member with the replacement. - deprecated_member_use
   info - lib\screens\incentive_calculation.dart:345:48 - 'withOpacity' is deprecated and shouldn't be used. Use .withValues() to avoid precision loss. Try replacing the use of the deprecated member with the replacement. - deprecated_member_use
   info - lib\screens\incentive_calculation_sheet.dart:277:12 - 'WillPopScope' is deprecated and shouldn't be used. Use PopScope instead. The Android predictive back feature will not work with WillPopScope. This feature was deprecated after v3.12.0-1.0.pre. Try replacing the use of the deprecated member with the replacement. - deprecated_member_use
   info - lib\screens\incentive_calculation_sheet.dart:332:11 - 'dataRowHeight' is deprecated and shouldn't be used. Migrate to use dataRowMinHeight and dataRowMaxHeight instead. This feature was deprecated after v3.7.0-5.0.pre. Try replacing the use of the deprecated member with the replacement. - deprecated_member_use
   info - lib\screens\incentive_calculation_sheet.dart:334:27 - 'withOpacity' is deprecated and shouldn't be used. Use .withValues() to avoid precision loss. Try replacing the use of the deprecated member with the replacement. - deprecated_member_use
   info - lib\screens\incentive_calculation_sheet.dart:376:38 - 'withOpacity' is deprecated and shouldn't be used. Use .withValues() to avoid precision loss. Try replacing the use of the deprecated member with the replacement. - deprecated_member_use
   info - lib\screens\incentive_calculation_sheet.dart:434:44 - 'withOpacity' is deprecated and shouldn't be used. Use .withValues() to avoid precision loss. Try replacing the use of the deprecated member with the replacement. - deprecated_member_use
   info - lib\screens\incentive_calculation_sheet.dart:529:39 - 'withOpacity' is deprecated and shouldn't be used. Use .withValues() to avoid precision loss. Try replacing the use of the deprecated member with the replacement. - deprecated_member_use
   info - lib\screens\incentive_calculation_sheet.dart:657:26 - 'withOpacity' is deprecated and shouldn't be used. Use .withValues() to avoid precision loss. Try replacing the use of the deprecated member with the replacement. - deprecated_member_use
   info - lib\screens\incentive_calculation_sheet.dart:675:26 - 'withOpacity' is deprecated and shouldn't be used. Use .withValues() to avoid precision loss. Try replacing the use of the deprecated member with the replacement. - deprecated_member_use
   info - lib\screens\insights_dashboard.dart:137:48 - 'withOpacity' is deprecated and shouldn't be used. Use .withValues() to avoid precision loss. Try replacing the use of the deprecated member with the replacement. - deprecated_member_use
   info - lib\screens\insights_dashboard.dart:140:50 - 'withOpacity' is deprecated and shouldn't be used. Use .withValues() to avoid precision loss. Try replacing the use of the deprecated member with the replacement. - deprecated_member_use
   info - lib\screens\insights_dashboard.dart:156:56 - 'withOpacity' is deprecated and shouldn't be used. Use .withValues() to avoid precision loss. Try replacing the use of the deprecated member with the replacement. - deprecated_member_use
   info - lib\screens\insights_dashboard.dart:198:39 - 'withOpacity' is deprecated and shouldn't be used. Use .withValues() to avoid precision loss. Try replacing the use of the deprecated member with the replacement. - deprecated_member_use
   info - lib\screens\labour_screen.dart:8:3 - Invalid use of a private type in a public API. Try making the private type public, or making the API that uses the private type also be private. - library_private_types_in_public_api
   info - lib\screens\labour_screen.dart:129:30 - Don't use 'BuildContext's across async gaps. Try rewriting the code to not use the 'BuildContext', or guard the use with a 'mounted' check. - use_build_context_synchronously
   info - lib\screens\labour_screen.dart:211:38 - Don't use 'BuildContext's across async gaps, guarded by an unrelated 'mounted' check. Guard a 'State.context' use with a 'mounted' check on the State, and other BuildContext use with a 'mounted' check on the BuildContext. - use_build_context_synchronously
   info - lib\screens\labour_screen.dart:221:38 - Don't use 'BuildContext's across async gaps, guarded by an unrelated 'mounted' check. Guard a 'State.context' use with a 'mounted' check on the State, and other BuildContext use with a 'mounted' check on the BuildContext. - use_build_context_synchronously
   info - lib\screens\labour_screen.dart:228:31 - Use of 'return' in a 'finally' clause. Try restructuring the code. - control_flow_in_finally
   info - lib\screens\labour_screen.dart:231:19 - Don't use 'BuildContext's across async gaps, guarded by an unrelated 'mounted' check. Guard a 'State.context' use with a 'mounted' check on the State, and other BuildContext use with a 'mounted' check on the BuildContext. - use_build_context_synchronously
   info - lib\screens\labour_screen.dart:792:26 - 'withOpacity' is deprecated and shouldn't be used. Use .withValues() to avoid precision loss. Try replacing the use of the deprecated member with the replacement. - deprecated_member_use
   info - lib\screens\main_dashboard.dart:85:50 - 'withOpacity' is deprecated and shouldn't be used. Use .withValues() to avoid precision loss. Try replacing the use of the deprecated member with the replacement. - deprecated_member_use
   info - lib\screens\main_dashboard.dart:123:85 - 'withOpacity' is deprecated and shouldn't be used. Use .withValues() to avoid precision loss. Try replacing the use of the deprecated member with the replacement. - deprecated_member_use
   info - lib\screens\main_dashboard.dart:224:35 - 'withOpacity' is deprecated and shouldn't be used. Use .withValues() to avoid precision loss. Try replacing the use of the deprecated member with the replacement. - deprecated_member_use
   info - lib\screens\main_dashboard.dart:230:39 - 'withOpacity' is deprecated and shouldn't be used. Use .withValues() to avoid precision loss. Try replacing the use of the deprecated member with the replacement. - deprecated_member_use
   info - lib\screens\main_dashboard.dart:247:36 - 'withOpacity' is deprecated and shouldn't be used. Use .withValues() to avoid precision loss. Try replacing the use of the deprecated member with the replacement. - deprecated_member_use
   info - lib\screens\main_dashboard.dart:275:65 - 'withOpacity' is deprecated and shouldn't be used. Use .withValues() to avoid precision loss. Try replacing the use of the deprecated member with the replacement. - deprecated_member_use
   info - lib\screens\main_dashboard.dart:284:57 - 'withOpacity' is deprecated and shouldn't be used. Use .withValues() to avoid precision loss. Try replacing the use of the deprecated member with the replacement. - deprecated_member_use
   info - lib\screens\manager_approval_screen.dart:84:7 - Don't use 'BuildContext's across async gaps. Try rewriting the code to not use the 'BuildContext', or guard the use with a 'mounted' check. - use_build_context_synchronously
   info - lib\screens\manager_approval_screen.dart:482:51 - Don't use 'BuildContext's across async gaps. Try rewriting the code to not use the 'BuildContext', or guard the use with a 'mounted' check. - use_build_context_synchronously
   info - lib\screens\manager_approval_screen.dart:521:7 - Don't use 'BuildContext's across async gaps. Try rewriting the code to not use the 'BuildContext', or guard the use with a 'mounted' check. - use_build_context_synchronously
   info - lib\screens\manager_approval_screen.dart:1019:30 - 'withOpacity' is deprecated and shouldn't be used. Use .withValues() to avoid precision loss. Try replacing the use of the deprecated member with the replacement. - deprecated_member_use
   info - lib\screens\manager_expenses.dart:10:3 - Invalid use of a private type in a public API. Try making the private type public, or making the API that uses the private type also be private. - library_private_types_in_public_api
   info - lib\screens\manager_expenses.dart:66:7 - 'value' is deprecated and shouldn't be used. Use initialValue instead. This will set the initial value for the form field. This feature was deprecated after v3.33.0-1.0.pre. Try replacing the use of the deprecated member with the replacement. - deprecated_member_use
   info - lib\screens\manager_expenses.dart:92:24 - 'withOpacity' is deprecated and shouldn't be used. Use .withValues() to avoid precision loss. Try replacing the use of the deprecated member with the replacement. - deprecated_member_use
   info - lib\screens\manager_expenses.dart:260:29 - 'value' is deprecated and shouldn't be used. Use initialValue instead. This will set the initial value for the form field. This feature was deprecated after v3.33.0-1.0.pre. Try replacing the use of the deprecated member with the replacement. - deprecated_member_use
   info - lib\screens\manager_expenses.dart:595:29 - Don't use 'BuildContext's across async gaps. Try rewriting the code to not use the 'BuildContext', or guard the use with a 'mounted' check. - use_build_context_synchronously
   info - lib\screens\manager_expenses.dart:656:27 - Don't invoke 'print' in production code. Try using a logging framework. - avoid_print
   info - lib\screens\manager_expenses.dart:657:48 - Don't use 'BuildContext's across async gaps. Try rewriting the code to not use the 'BuildContext', or guard the use with a 'mounted' check. - use_build_context_synchronously
   info - lib\screens\manager_expenses_homescreen.dart:116:26 - 'withOpacity' is deprecated and shouldn't be used. Use .withValues() to avoid precision loss. Try replacing the use of the deprecated member with the replacement. - deprecated_member_use
   info - lib\screens\manager_expenses_homescreen.dart:135:38 - 'withOpacity' is deprecated and shouldn't be used. Use .withValues() to avoid precision loss. Try replacing the use of the deprecated member with the replacement. - deprecated_member_use
   info - lib\screens\manager_expenses_homescreen.dart:165:36 - 'withOpacity' is deprecated and shouldn't be used. Use .withValues() to avoid precision loss. Try replacing the use of the deprecated member with the replacement. - deprecated_member_use
   info - lib\screens\manager_expenses_homescreen.dart:187:38 - 'withOpacity' is deprecated and shouldn't be used. Use .withValues() to avoid precision loss. Try replacing the use of the deprecated member with the replacement. - deprecated_member_use
   info - lib\screens\manager_material_approval_screen.dart:54:61 - 'withOpacity' is deprecated and shouldn't be used. Use .withValues() to avoid precision loss. Try replacing the use of the deprecated member with the replacement. - deprecated_member_use
   info - lib\screens\manager_material_approval_screen.dart:253:62 - Don't use 'BuildContext's across async gaps, guarded by an unrelated 'mounted' check. Guard a 'State.context' use with a 'mounted' check on the State, and other BuildContext use with a 'mounted' check on the BuildContext. - use_build_context_synchronously
   info - lib\screens\manager_material_approval_screen.dart:255:56 - Don't use 'BuildContext's across async gaps, guarded by an unrelated 'mounted' check. Guard a 'State.context' use with a 'mounted' check on the State, and other BuildContext use with a 'mounted' check on the BuildContext. - use_build_context_synchronously
   info - lib\screens\manager_material_approval_screen.dart:313:42 - 'withOpacity' is deprecated and shouldn't be used. Use .withValues() to avoid precision loss. Try replacing the use of the deprecated member with the replacement. - deprecated_member_use
   info - lib\screens\manager_site_entry_page.dart:575:11 - Don't use 'BuildContext's across async gaps. Try rewriting the code to not use the 'BuildContext', or guard the use with a 'mounted' check. - use_build_context_synchronously
   info - lib\screens\manager_site_entry_page.dart:618:28 - Don't use 'BuildContext's across async gaps. Try rewriting the code to not use the 'BuildContext', or guard the use with a 'mounted' check. - use_build_context_synchronously
   info - lib\screens\manager_site_entry_page.dart:626:28 - Don't use 'BuildContext's across async gaps. Try rewriting the code to not use the 'BuildContext', or guard the use with a 'mounted' check. - use_build_context_synchronously
   info - lib\screens\manager_site_entry_page.dart:682:30 - Don't use 'BuildContext's across async gaps. Try rewriting the code to not use the 'BuildContext', or guard the use with a 'mounted' check. - use_build_context_synchronously
   info - lib\screens\manager_site_entry_page.dart:694:9 - Don't use 'BuildContext's across async gaps. Try rewriting the code to not use the 'BuildContext', or guard the use with a 'mounted' check. - use_build_context_synchronously
   info - lib\screens\manager_site_entry_page.dart:715:21 - 'value' is deprecated and shouldn't be used. Use initialValue instead. This will set the initial value for the form field. This feature was deprecated after v3.33.0-1.0.pre. Try replacing the use of the deprecated member with the replacement. - deprecated_member_use
   info - lib\screens\manager_site_entry_page.dart:770:28 - Don't use 'BuildContext's across async gaps. Try rewriting the code to not use the 'BuildContext', or guard the use with a 'mounted' check. - use_build_context_synchronously
   info - lib\screens\manager_site_entry_page.dart:790:30 - Don't use 'BuildContext's across async gaps. Try rewriting the code to not use the 'BuildContext', or guard the use with a 'mounted' check. - use_build_context_synchronously
   info - lib\screens\manager_site_entry_page.dart:880:28 - Don't use 'BuildContext's across async gaps. Try rewriting the code to not use the 'BuildContext', or guard the use with a 'mounted' check. - use_build_context_synchronously
   info - lib\screens\manager_site_entry_page.dart:888:28 - Don't use 'BuildContext's across async gaps. Try rewriting the code to not use the 'BuildContext', or guard the use with a 'mounted' check. - use_build_context_synchronously
   info - lib\screens\manager_site_entry_page.dart:967:28 - Don't use 'BuildContext's across async gaps. Try rewriting the code to not use the 'BuildContext', or guard the use with a 'mounted' check. - use_build_context_synchronously
   info - lib\screens\manager_site_entry_page.dart:980:28 - Don't use 'BuildContext's across async gaps. Try rewriting the code to not use the 'BuildContext', or guard the use with a 'mounted' check. - use_build_context_synchronously
   info - lib\screens\manager_site_entry_page.dart:1043:13 - 'dataRowHeight' is deprecated and shouldn't be used. Migrate to use dataRowMinHeight and dataRowMaxHeight instead. This feature was deprecated after v3.7.0-5.0.pre. Try replacing the use of the deprecated member with the replacement. - deprecated_member_use
   info - lib\screens\manager_site_entry_page.dart:1311:51 - 'withOpacity' is deprecated and shouldn't be used. Use .withValues() to avoid precision loss. Try replacing the use of the deprecated member with the replacement. - deprecated_member_use
   info - lib\screens\manager_site_entry_page.dart:1339:49 - 'value' is deprecated and shouldn't be used. Use initialValue instead. This will set the initial value for the form field. This feature was deprecated after v3.33.0-1.0.pre. Try replacing the use of the deprecated member with the replacement. - deprecated_member_use
   info - lib\screens\manager_site_entry_page.dart:1596:55 - 'value' is deprecated and shouldn't be used. Use initialValue instead. This will set the initial value for the form field. This feature was deprecated after v3.33.0-1.0.pre. Try replacing the use of the deprecated member with the replacement. - deprecated_member_use
   info - lib\screens\manager_site_entry_page.dart:1710:63 - 'withOpacity' is deprecated and shouldn't be used. Use .withValues() to avoid precision loss. Try replacing the use of the deprecated member with the replacement. - deprecated_member_use
   info - lib\screens\manager_site_entry_page.dart:1908:55 - 'value' is deprecated and shouldn't be used. Use initialValue instead. This will set the initial value for the form field. This feature was deprecated after v3.33.0-1.0.pre. Try replacing the use of the deprecated member with the replacement. - deprecated_member_use
   info - lib\screens\manager_site_entry_page.dart:2003:63 - 'withOpacity' is deprecated and shouldn't be used. Use .withValues() to avoid precision loss. Try replacing the use of the deprecated member with the replacement. - deprecated_member_use
   info - lib\screens\manager_site_entry_page.dart:2158:57 - 'withOpacity' is deprecated and shouldn't be used. Use .withValues() to avoid precision loss. Try replacing the use of the deprecated member with the replacement. - deprecated_member_use
   info - lib\screens\material_at_site_entry_page.dart:185:7 - 'value' is deprecated and shouldn't be used. Use initialValue instead. This will set the initial value for the form field. This feature was deprecated after v3.33.0-1.0.pre. Try replacing the use of the deprecated member with the replacement. - deprecated_member_use
   info - lib\screens\material_at_site_entry_page.dart:535:11 - 'value' is deprecated and shouldn't be used. Use initialValue instead. This will set the initial value for the form field. This feature was deprecated after v3.33.0-1.0.pre. Try replacing the use of the deprecated member with the replacement. - deprecated_member_use
   info - lib\screens\material_at_site_entry_page.dart:798:11 - 'value' is deprecated and shouldn't be used. Use initialValue instead. This will set the initial value for the form field. This feature was deprecated after v3.33.0-1.0.pre. Try replacing the use of the deprecated member with the replacement. - deprecated_member_use
   info - lib\screens\material_at_site_entry_page.dart:852:11 - 'value' is deprecated and shouldn't be used. Use initialValue instead. This will set the initial value for the form field. This feature was deprecated after v3.33.0-1.0.pre. Try replacing the use of the deprecated member with the replacement. - deprecated_member_use
   info - lib\screens\material_at_site_entry_page.dart:1059:35 - 'withOpacity' is deprecated and shouldn't be used. Use .withValues() to avoid precision loss. Try replacing the use of the deprecated member with the replacement. - deprecated_member_use
   info - lib\screens\material_at_site_entry_page.dart:1061:54 - 'withOpacity' is deprecated and shouldn't be used. Use .withValues() to avoid precision loss. Try replacing the use of the deprecated member with the replacement. - deprecated_member_use
   info - lib\screens\material_report.dart:206:25 - 'value' is deprecated and shouldn't be used. Use initialValue instead. This will set the initial value for the form field. This feature was deprecated after v3.33.0-1.0.pre. Try replacing the use of the deprecated member with the replacement. - deprecated_member_use
   info - lib\screens\material_report.dart:320:37 - 'withOpacity' is deprecated and shouldn't be used. Use .withValues() to avoid precision loss. Try replacing the use of the deprecated member with the replacement. - deprecated_member_use
   info - lib\screens\material_report.dart:322:56 - 'withOpacity' is deprecated and shouldn't be used. Use .withValues() to avoid precision loss. Try replacing the use of the deprecated member with the replacement. - deprecated_member_use
   info - lib\screens\material_report.dart:358:46 - 'withOpacity' is deprecated and shouldn't be used. Use .withValues() to avoid precision loss. Try replacing the use of the deprecated member with the replacement. - deprecated_member_use
   info - lib\screens\material_request_form.dart:16:3 - Invalid use of a private type in a public API. Try making the private type public, or making the API that uses the private type also be private. - library_private_types_in_public_api
   info - lib\screens\material_request_form.dart:373:54 - 'withOpacity' is deprecated and shouldn't be used. Use .withValues() to avoid precision loss. Try replacing the use of the deprecated member with the replacement. - deprecated_member_use
   info - lib\screens\material_request_form.dart:392:7 - 'value' is deprecated and shouldn't be used. Use initialValue instead. This will set the initial value for the form field. This feature was deprecated after v3.33.0-1.0.pre. Try replacing the use of the deprecated member with the replacement. - deprecated_member_use
   info - lib\screens\material_request_form.dart:397:54 - 'withOpacity' is deprecated and shouldn't be used. Use .withValues() to avoid precision loss. Try replacing the use of the deprecated member with the replacement. - deprecated_member_use
   info - lib\screens\material_request_form.dart:426:29 - 'withOpacity' is deprecated and shouldn't be used. Use .withValues() to avoid precision loss. Try replacing the use of the deprecated member with the replacement. - deprecated_member_use
   info - lib\screens\material_request_form.dart:428:48 - 'withOpacity' is deprecated and shouldn't be used. Use .withValues() to avoid precision loss. Try replacing the use of the deprecated member with the replacement. - deprecated_member_use
   info - lib\screens\material_request_form.dart:463:58 - 'withOpacity' is deprecated and shouldn't be used. Use .withValues() to avoid precision loss. Try replacing the use of the deprecated member with the replacement. - deprecated_member_use
   info - lib\screens\material_request_form.dart:508:39 - 'withOpacity' is deprecated and shouldn't be used. Use .withValues() to avoid precision loss. Try replacing the use of the deprecated member with the replacement. - deprecated_member_use
   info - lib\screens\material_request_form.dart:542:45 - 'withOpacity' is deprecated and shouldn't be used. Use .withValues() to avoid precision loss. Try replacing the use of the deprecated member with the replacement. - deprecated_member_use
   info - lib\screens\material_request_form.dart:545:60 - 'withOpacity' is deprecated and shouldn't be used. Use .withValues() to avoid precision loss. Try replacing the use of the deprecated member with the replacement. - deprecated_member_use
   info - lib\screens\material_request_form.dart:660:31 - 'dataRowHeight' is deprecated and shouldn't be used. Migrate to use dataRowMinHeight and dataRowMaxHeight instead. This feature was deprecated after v3.7.0-5.0.pre. Try replacing the use of the deprecated member with the replacement. - deprecated_member_use
   info - lib\screens\material_screen.dart:260:30 - Don't use 'BuildContext's across async gaps. Try rewriting the code to not use the 'BuildContext', or guard the use with a 'mounted' check. - use_build_context_synchronously
   info - lib\screens\material_screen.dart:306:30 - Don't use 'BuildContext's across async gaps. Try rewriting the code to not use the 'BuildContext', or guard the use with a 'mounted' check. - use_build_context_synchronously
   info - lib\screens\material_screen.dart:322:30 - Don't use 'BuildContext's across async gaps. Try rewriting the code to not use the 'BuildContext', or guard the use with a 'mounted' check. - use_build_context_synchronously
   info - lib\screens\material_screen.dart:364:5 - Don't invoke 'print' in production code. Try using a logging framework. - avoid_print
   info - lib\screens\material_screen.dart:366:7 - Don't invoke 'print' in production code. Try using a logging framework. - avoid_print
   info - lib\screens\material_screen.dart:448:30 - Don't use 'BuildContext's across async gaps. Try rewriting the code to not use the 'BuildContext', or guard the use with a 'mounted' check. - use_build_context_synchronously
   info - lib\screens\material_screen.dart:873:7 - 'value' is deprecated and shouldn't be used. Use initialValue instead. This will set the initial value for the form field. This feature was deprecated after v3.33.0-1.0.pre. Try replacing the use of the deprecated member with the replacement. - deprecated_member_use
   info - lib\screens\material_screen.dart:915:7 - 'value' is deprecated and shouldn't be used. Use initialValue instead. This will set the initial value for the form field. This feature was deprecated after v3.33.0-1.0.pre. Try replacing the use of the deprecated member with the replacement. - deprecated_member_use
   info - lib\screens\material_screen.dart:1073:26 - 'withOpacity' is deprecated and shouldn't be used. Use .withValues() to avoid precision loss. Try replacing the use of the deprecated member with the replacement. - deprecated_member_use
   info - lib\screens\notification_page.dart:19:61 - 'withOpacity' is deprecated and shouldn't be used. Use .withValues() to avoid precision loss. Try replacing the use of the deprecated member with the replacement. - deprecated_member_use
   info - lib\screens\notification_page.dart:96:79 - 'withOpacity' is deprecated and shouldn't be used. Use .withValues() to avoid precision loss. Try replacing the use of the deprecated member with the replacement. - deprecated_member_use
   info - lib\screens\org_site_payment_screen.dart:12:3 - Invalid use of a private type in a public API. Try making the private type public, or making the API that uses the private type also be private. - library_private_types_in_public_api
   info - lib\screens\org_site_payment_screen.dart:82:7 - Don't invoke 'print' in production code. Try using a logging framework. - avoid_print
   info - lib\screens\org_site_payment_screen.dart:121:7 - Don't invoke 'print' in production code. Try using a logging framework. - avoid_print
   info - lib\screens\org_site_payment_screen.dart:128:7 - Don't invoke 'print' in production code. Try using a logging framework. - avoid_print
   info - lib\screens\org_site_payment_screen.dart:157:7 - Don't invoke 'print' in production code. Try using a logging framework. - avoid_print
   info - lib\screens\org_site_payment_screen.dart:164:7 - Don't invoke 'print' in production code. Try using a logging framework. - avoid_print
   info - lib\screens\org_site_payment_screen.dart:188:7 - Don't invoke 'print' in production code. Try using a logging framework. - avoid_print
   info - lib\screens\org_site_payment_screen.dart:289:28 - Don't use 'BuildContext's across async gaps. Try rewriting the code to not use the 'BuildContext', or guard the use with a 'mounted' check. - use_build_context_synchronously
   info - lib\screens\org_site_payment_screen.dart:299:28 - Don't use 'BuildContext's across async gaps. Try rewriting the code to not use the 'BuildContext', or guard the use with a 'mounted' check. - use_build_context_synchronously
   info - lib\screens\org_site_payment_screen.dart:337:36 - 'withOpacity' is deprecated and shouldn't be used. Use .withValues() to avoid precision loss. Try replacing the use of the deprecated member with the replacement. - deprecated_member_use
   info - lib\screens\org_site_payment_screen.dart:344:36 - 'withOpacity' is deprecated and shouldn't be used. Use .withValues() to avoid precision loss. Try replacing the use of the deprecated member with the replacement. - deprecated_member_use
   info - lib\screens\org_site_payment_screen.dart:386:21 - 'value' is deprecated and shouldn't be used. Use initialValue instead. This will set the initial value for the form field. This feature was deprecated after v3.33.0-1.0.pre. Try replacing the use of the deprecated member with the replacement. - deprecated_member_use
   info - lib\screens\org_site_payment_screen.dart:475:21 - 'value' is deprecated and shouldn't be used. Use initialValue instead. This will set the initial value for the form field. This feature was deprecated after v3.33.0-1.0.pre. Try replacing the use of the deprecated member with the replacement. - deprecated_member_use
   info - lib\screens\org_site_payment_screen.dart:556:30 - 'withOpacity' is deprecated and shouldn't be used. Use .withValues() to avoid precision loss. Try replacing the use of the deprecated member with the replacement. - deprecated_member_use
   info - lib\screens\org_site_payment_screen.dart:573:30 - 'withOpacity' is deprecated and shouldn't be used. Use .withValues() to avoid precision loss. Try replacing the use of the deprecated member with the replacement. - deprecated_member_use
   info - lib\screens\org_site_payment_screen.dart:594:49 - 'withOpacity' is deprecated and shouldn't be used. Use .withValues() to avoid precision loss. Try replacing the use of the deprecated member with the replacement. - deprecated_member_use
   info - lib\screens\org_site_payment_screen.dart:605:15 - 'value' is deprecated and shouldn't be used. Use initialValue instead. This will set the initial value for the form field. This feature was deprecated after v3.33.0-1.0.pre. Try replacing the use of the deprecated member with the replacement. - deprecated_member_use
   info - lib\screens\org_site_payment_screen.dart:630:15 - 'value' is deprecated and shouldn't be used. Use initialValue instead. This will set the initial value for the form field. This feature was deprecated after v3.33.0-1.0.pre. Try replacing the use of the deprecated member with the replacement. - deprecated_member_use
   info - lib\screens\org_site_payment_screen.dart:660:13 - 'value' is deprecated and shouldn't be used. Use initialValue instead. This will set the initial value for the form field. This feature was deprecated after v3.33.0-1.0.pre. Try replacing the use of the deprecated member with the replacement. - deprecated_member_use
   info - lib\screens\org_site_payment_screen.dart:683:13 - 'value' is deprecated and shouldn't be used. Use initialValue instead. This will set the initial value for the form field. This feature was deprecated after v3.33.0-1.0.pre. Try replacing the use of the deprecated member with the replacement. - deprecated_member_use
   info - lib\screens\org_site_payment_screen.dart:816:51 - 'withOpacity' is deprecated and shouldn't be used. Use .withValues() to avoid precision loss. Try replacing the use of the deprecated member with the replacement. - deprecated_member_use
   info - lib\screens\org_site_payment_screen.dart:820:36 - 'withOpacity' is deprecated and shouldn't be used. Use .withValues() to avoid precision loss. Try replacing the use of the deprecated member with the replacement. - deprecated_member_use
   info - lib\screens\org_site_payment_screen.dart:888:32 - 'withOpacity' is deprecated and shouldn't be used. Use .withValues() to avoid precision loss. Try replacing the use of the deprecated member with the replacement. - deprecated_member_use
   info - lib\screens\org_site_supervisor_dailyWeek_report.dart:1:1 - The file name 'org_site_supervisor_dailyWeek_report.dart' isn't a lower_case_with_underscores identifier. Try changing the name to follow the lower_case_with_underscores style. - file_names
   info - lib\screens\org_site_supervisor_dailyWeek_report.dart:13:3 - Invalid use of a private type in a public API. Try making the private type public, or making the API that uses the private type also be private. - library_private_types_in_public_api
   info - lib\screens\org_site_supervisor_dailyWeek_report.dart:86:7 - Don't invoke 'print' in production code. Try using a logging framework. - avoid_print
   info - lib\screens\org_site_supervisor_dailyWeek_report.dart:95:7 - Don't invoke 'print' in production code. Try using a logging framework. - avoid_print
   info - lib\screens\org_site_supervisor_dailyWeek_report.dart:154:7 - Don't invoke 'print' in production code. Try using a logging framework. - avoid_print
   info - lib\screens\org_site_supervisor_dailyWeek_report.dart:411:29 - 'value' is deprecated and shouldn't be used. Use initialValue instead. This will set the initial value for the form field. This feature was deprecated after v3.33.0-1.0.pre. Try replacing the use of the deprecated member with the replacement. - deprecated_member_use
   info - lib\screens\org_site_supervisor_dailyWeek_report.dart:510:35 - 'value' is deprecated and shouldn't be used. Use initialValue instead. This will set the initial value for the form field. This feature was deprecated after v3.33.0-1.0.pre. Try replacing the use of the deprecated member with the replacement. - deprecated_member_use
   info - lib\screens\org_site_supervisor_dailyWeek_report.dart:560:35 - 'value' is deprecated and shouldn't be used. Use initialValue instead. This will set the initial value for the form field. This feature was deprecated after v3.33.0-1.0.pre. Try replacing the use of the deprecated member with the replacement. - deprecated_member_use
   info - lib\screens\org_site_supervisor_dailyWeek_report.dart:641:59 - 'withOpacity' is deprecated and shouldn't be used. Use .withValues() to avoid precision loss. Try replacing the use of the deprecated member with the replacement. - deprecated_member_use
   info - lib\screens\org_site_supervisor_dailyWeek_report.dart:648:61 - 'withOpacity' is deprecated and shouldn't be used. Use .withValues() to avoid precision loss. Try replacing the use of the deprecated member with the replacement. - deprecated_member_use
   info - lib\screens\org_site_supervisor_dailyWeek_report.dart:658:63 - 'withOpacity' is deprecated and shouldn't be used. Use .withValues() to avoid precision loss. Try replacing the use of the deprecated member with the replacement. - deprecated_member_use
   info - lib\screens\organization_expenses.dart:10:3 - Invalid use of a private type in a public API. Try making the private type public, or making the API that uses the private type also be private. - library_private_types_in_public_api
   info - lib\screens\organization_expenses.dart:66:63 - 'withOpacity' is deprecated and shouldn't be used. Use .withValues() to avoid precision loss. Try replacing the use of the deprecated member with the replacement. - deprecated_member_use
   info - lib\screens\organization_expenses.dart:321:9 - Don't use 'BuildContext's across async gaps. Try rewriting the code to not use the 'BuildContext', or guard the use with a 'mounted' check. - use_build_context_synchronously
   info - lib\screens\organization_expenses.dart:350:7 - Don't invoke 'print' in production code. Try using a logging framework. - avoid_print
   info - lib\screens\organization_expenses.dart:351:7 - Don't invoke 'print' in production code. Try using a logging framework. - avoid_print
   info - lib\screens\organization_expenses.dart:352:28 - Don't use 'BuildContext's across async gaps. Try rewriting the code to not use the 'BuildContext', or guard the use with a 'mounted' check. - use_build_context_synchronously
   info - lib\screens\organization_expenses.dart:480:29 - 'value' is deprecated and shouldn't be used. Use initialValue instead. This will set the initial value for the form field. This feature was deprecated after v3.33.0-1.0.pre. Try replacing the use of the deprecated member with the replacement. - deprecated_member_use
   info - lib\screens\organization_insights_screen.dart:293:38 - 'withOpacity' is deprecated and shouldn't be used. Use .withValues() to avoid precision loss. Try replacing the use of the deprecated member with the replacement. - deprecated_member_use
   info - lib\screens\organization_insights_screen.dart:314:25 - 'value' is deprecated and shouldn't be used. Use initialValue instead. This will set the initial value for the form field. This feature was deprecated after v3.33.0-1.0.pre. Try replacing the use of the deprecated member with the replacement. - deprecated_member_use
   info - lib\screens\organization_insights_screen.dart:454:32 - 'withOpacity' is deprecated and shouldn't be used. Use .withValues() to avoid precision loss. Try replacing the use of the deprecated member with the replacement. - deprecated_member_use
   info - lib\screens\organization_insights_screen.dart:489:36 - 'withOpacity' is deprecated and shouldn't be used. Use .withValues() to avoid precision loss. Try replacing the use of the deprecated member with the replacement. - deprecated_member_use
   info - lib\screens\organization_insights_screen.dart:518:42 - 'withOpacity' is deprecated and shouldn't be used. Use .withValues() to avoid precision loss. Try replacing the use of the deprecated member with the replacement. - deprecated_member_use
   info - lib\screens\organization_insights_screen.dart:527:15 - 'groupValue' is deprecated and shouldn't be used. Use a RadioGroup ancestor to manage group value instead. This feature was deprecated after v3.32.0-0.0.pre. Try replacing the use of the deprecated member with the replacement. - deprecated_member_use
   info - lib\screens\organization_insights_screen.dart:528:15 - 'onChanged' is deprecated and shouldn't be used. Use RadioGroup to handle value change instead. This feature was deprecated after v3.32.0-0.0.pre. Try replacing the use of the deprecated member with the replacement. - deprecated_member_use
   info - lib\screens\organization_site_entry.dart:157:7 - Don't invoke 'print' in production code. Try using a logging framework. - avoid_print
   info - lib\screens\organization_site_entry.dart:170:15 - Don't invoke 'print' in production code. Try using a logging framework. - avoid_print
   info - lib\screens\organization_site_entry.dart:175:15 - Don't invoke 'print' in production code. Try using a logging framework. - avoid_print
   info - lib\screens\organization_site_entry.dart:179:15 - Don't invoke 'print' in production code. Try using a logging framework. - avoid_print
   info - lib\screens\organization_site_entry.dart:188:7 - Don't invoke 'print' in production code. Try using a logging framework. - avoid_print
   info - lib\screens\organization_site_entry.dart:199:7 - Don't invoke 'print' in production code. Try using a logging framework. - avoid_print
   info - lib\screens\organization_site_entry.dart:219:7 - Don't invoke 'print' in production code. Try using a logging framework. - avoid_print
   info - lib\screens\organization_site_entry.dart:232:15 - Don't invoke 'print' in production code. Try using a logging framework. - avoid_print
   info - lib\screens\organization_site_entry.dart:237:15 - Don't invoke 'print' in production code. Try using a logging framework. - avoid_print
   info - lib\screens\organization_site_entry.dart:241:15 - Don't invoke 'print' in production code. Try using a logging framework. - avoid_print
   info - lib\screens\organization_site_entry.dart:250:7 - Don't invoke 'print' in production code. Try using a logging framework. - avoid_print
   info - lib\screens\organization_site_entry.dart:259:7 - Don't invoke 'print' in production code. Try using a logging framework. - avoid_print
   info - lib\screens\organization_site_entry.dart:523:11 - Don't use 'BuildContext's across async gaps. Try rewriting the code to not use the 'BuildContext', or guard the use with a 'mounted' check. - use_build_context_synchronously
   info - lib\screens\organization_site_entry.dart:546:28 - Don't use 'BuildContext's across async gaps. Try rewriting the code to not use the 'BuildContext', or guard the use with a 'mounted' check. - use_build_context_synchronously
   info - lib\screens\organization_site_entry.dart:552:9 - Don't use 'BuildContext's across async gaps. Try rewriting the code to not use the 'BuildContext', or guard the use with a 'mounted' check. - use_build_context_synchronously
   info - lib\screens\organization_site_entry.dart:607:13 - 'dataRowHeight' is deprecated and shouldn't be used. Migrate to use dataRowMinHeight and dataRowMaxHeight instead. This feature was deprecated after v3.7.0-5.0.pre. Try replacing the use of the deprecated member with the replacement. - deprecated_member_use
   info - lib\screens\organization_site_entry.dart:971:43 - 'value' is deprecated and shouldn't be used. Use initialValue instead. This will set the initial value for the form field. This feature was deprecated after v3.33.0-1.0.pre. Try replacing the use of the deprecated member with the replacement. - deprecated_member_use
   info - lib\screens\organization_site_entry.dart:1224:51 - 'value' is deprecated and shouldn't be used. Use initialValue instead. This will set the initial value for the form field. This feature was deprecated after v3.33.0-1.0.pre. Try replacing the use of the deprecated member with the replacement. - deprecated_member_use
   info - lib\screens\organization_site_entry.dart:1541:51 - 'value' is deprecated and shouldn't be used. Use initialValue instead. This will set the initial value for the form field. This feature was deprecated after v3.33.0-1.0.pre. Try replacing the use of the deprecated member with the replacement. - deprecated_member_use
   info - lib\screens\pricing_screen.dart:74:48 - 'value' is deprecated and shouldn't be used. Use component accessors like .r or .g, or toARGB32 for an explicit conversion. Try replacing the use of the deprecated member with the replacement. - deprecated_member_use
   info - lib\screens\pricing_screen.dart:135:28 - Don't use 'BuildContext's across async gaps. Try rewriting the code to not use the 'BuildContext', or guard the use with a 'mounted' check. - use_build_context_synchronously
   info - lib\screens\pricing_screen.dart:212:47 - 'withOpacity' is deprecated and shouldn't be used. Use .withValues() to avoid precision loss. Try replacing the use of the deprecated member with the replacement. - deprecated_member_use
   info - lib\screens\pricing_screen.dart:222:47 - 'withOpacity' is deprecated and shouldn't be used. Use .withValues() to avoid precision loss. Try replacing the use of the deprecated member with the replacement. - deprecated_member_use
   info - lib\screens\pricing_screen.dart:225:60 - 'withOpacity' is deprecated and shouldn't be used. Use .withValues() to avoid precision loss. Try replacing the use of the deprecated member with the replacement. - deprecated_member_use
   info - lib\screens\pricing_screen.dart:230:62 - 'withOpacity' is deprecated and shouldn't be used. Use .withValues() to avoid precision loss. Try replacing the use of the deprecated member with the replacement. - deprecated_member_use
   info - lib\screens\pricing_screen.dart:244:64 - 'withOpacity' is deprecated and shouldn't be used. Use .withValues() to avoid precision loss. Try replacing the use of the deprecated member with the replacement. - deprecated_member_use
   info - lib\screens\pricing_screen.dart:272:53 - 'withOpacity' is deprecated and shouldn't be used. Use .withValues() to avoid precision loss. Try replacing the use of the deprecated member with the replacement. - deprecated_member_use
   info - lib\screens\pricing_screen.dart:364:34 - 'withOpacity' is deprecated and shouldn't be used. Use .withValues() to avoid precision loss. Try replacing the use of the deprecated member with the replacement. - deprecated_member_use
   info - lib\screens\pricing_screen.dart:381:36 - 'withOpacity' is deprecated and shouldn't be used. Use .withValues() to avoid precision loss. Try replacing the use of the deprecated member with the replacement. - deprecated_member_use
   info - lib\screens\pricing_screen.dart:385:38 - 'withOpacity' is deprecated and shouldn't be used. Use .withValues() to avoid precision loss. Try replacing the use of the deprecated member with the replacement. - deprecated_member_use
   info - lib\screens\projectStage_expenses_reportpage.dart:1:1 - The file name 'projectStage_expenses_reportpage.dart' isn't a lower_case_with_underscores identifier. Try changing the name to follow the lower_case_with_underscores style. - file_names
   info - lib\screens\projectStage_expenses_reportpage.dart:98:36 - The parameter name 'sum' matches a visible type name. Try adding a name for the parameter or changing the parameter name to not match an existing type. - avoid_types_as_parameter_names
   info - lib\screens\projectStage_expenses_reportpage.dart:105:44 - The parameter name 'sum' matches a visible type name. Try adding a name for the parameter or changing the parameter name to not match an existing type. - avoid_types_as_parameter_names
   info - lib\screens\projectStage_expenses_reportpage.dart:113:38 - The parameter name 'sum' matches a visible type name. Try adding a name for the parameter or changing the parameter name to not match an existing type. - avoid_types_as_parameter_names
   info - lib\screens\projectStage_expenses_reportpage.dart:121:36 - The parameter name 'sum' matches a visible type name. Try adding a name for the parameter or changing the parameter name to not match an existing type. - avoid_types_as_parameter_names
   info - lib\screens\projectStage_expenses_reportpage.dart:129:35 - The parameter name 'sum' matches a visible type name. Try adding a name for the parameter or changing the parameter name to not match an existing type. - avoid_types_as_parameter_names
   info - lib\screens\projectStage_expenses_reportpage.dart:314:34 - 'withOpacity' is deprecated and shouldn't be used. Use .withValues() to avoid precision loss. Try replacing the use of the deprecated member with the replacement. - deprecated_member_use
   info - lib\screens\projectStage_expenses_reportpage.dart:355:33 - 'withOpacity' is deprecated and shouldn't be used. Use .withValues() to avoid precision loss. Try replacing the use of the deprecated member with the replacement. - deprecated_member_use
   info - lib\screens\projectStage_expenses_reportpage.dart:382:51 - 'withOpacity' is deprecated and shouldn't be used. Use .withValues() to avoid precision loss. Try replacing the use of the deprecated member with the replacement. - deprecated_member_use
   info - lib\screens\projectStage_expenses_reportpage.dart:395:43 - 'withOpacity' is deprecated and shouldn't be used. Use .withValues() to avoid precision loss. Try replacing the use of the deprecated member with the replacement. - deprecated_member_use
   info - lib\screens\projectStage_insights_dashboard.dart:1:1 - The file name 'projectStage_insights_dashboard.dart' isn't a lower_case_with_underscores identifier. Try changing the name to follow the lower_case_with_underscores style. - file_names
   info - lib\screens\projectStage_insights_dashboard.dart:198:7 - Don't invoke 'print' in production code. Try using a logging framework. - avoid_print
   info - lib\screens\projectStage_insights_dashboard.dart:470:38 - 'withOpacity' is deprecated and shouldn't be used. Use .withValues() to avoid precision loss. Try replacing the use of the deprecated member with the replacement. - deprecated_member_use
   info - lib\screens\projectStage_insights_dashboard.dart:491:25 - 'value' is deprecated and shouldn't be used. Use initialValue instead. This will set the initial value for the form field. This feature was deprecated after v3.33.0-1.0.pre. Try replacing the use of the deprecated member with the replacement. - deprecated_member_use
   info - lib\screens\projectStage_insights_dashboard.dart:550:25 - 'value' is deprecated and shouldn't be used. Use initialValue instead. This will set the initial value for the form field. This feature was deprecated after v3.33.0-1.0.pre. Try replacing the use of the deprecated member with the replacement. - deprecated_member_use
   info - lib\screens\projectStage_insights_dashboard.dart:803:41 - 'withOpacity' is deprecated and shouldn't be used. Use .withValues() to avoid precision loss. Try replacing the use of the deprecated member with the replacement. - deprecated_member_use
   info - lib\screens\projectStage_insights_dashboard.dart:805:60 - 'withOpacity' is deprecated and shouldn't be used. Use .withValues() to avoid precision loss. Try replacing the use of the deprecated member with the replacement. - deprecated_member_use
   info - lib\screens\projectStage_insights_dashboard.dart:816:46 - 'withOpacity' is deprecated and shouldn't be used. Use .withValues() to avoid precision loss. Try replacing the use of the deprecated member with the replacement. - deprecated_member_use
   info - lib\screens\projectStage_insights_dashboard.dart:840:32 - 'withOpacity' is deprecated and shouldn't be used. Use .withValues() to avoid precision loss. Try replacing the use of the deprecated member with the replacement. - deprecated_member_use
   info - lib\screens\projectStage_insights_dashboard.dart:875:36 - 'withOpacity' is deprecated and shouldn't be used. Use .withValues() to avoid precision loss. Try replacing the use of the deprecated member with the replacement. - deprecated_member_use
   info - lib\screens\projectStage_insights_dashboard.dart:904:42 - 'withOpacity' is deprecated and shouldn't be used. Use .withValues() to avoid precision loss. Try replacing the use of the deprecated member with the replacement. - deprecated_member_use
   info - lib\screens\projectStage_insights_dashboard.dart:913:15 - 'groupValue' is deprecated and shouldn't be used. Use a RadioGroup ancestor to manage group value instead. This feature was deprecated after v3.32.0-0.0.pre. Try replacing the use of the deprecated member with the replacement. - deprecated_member_use
   info - lib\screens\projectStage_insights_dashboard.dart:914:15 - 'onChanged' is deprecated and shouldn't be used. Use RadioGroup to handle value change instead. This feature was deprecated after v3.32.0-0.0.pre. Try replacing the use of the deprecated member with the replacement. - deprecated_member_use
   info - lib\screens\projectStage_site_summary_report.dart:1:1 - The file name 'projectStage_site_summary_report.dart' isn't a lower_case_with_underscores identifier. Try changing the name to follow the lower_case_with_underscores style. - file_names
   info - lib\screens\projectStage_site_summary_report.dart:7:8 - The import of 'dart:typed_data' is unnecessary because all of the used elements are also provided by the import of 'package:flutter/services.dart'. Try removing the import directive. - unnecessary_import
   info - lib\screens\projectStage_site_summary_report.dart:166:7 - Don't invoke 'print' in production code. Try using a logging framework. - avoid_print
   info - lib\screens\projectStage_site_summary_report.dart:200:7 - Don't invoke 'print' in production code. Try using a logging framework. - avoid_print
   info - lib\screens\projectStage_site_summary_report.dart:234:7 - Don't invoke 'print' in production code. Try using a logging framework. - avoid_print
   info - lib\screens\projectStage_site_summary_report.dart:262:7 - Don't invoke 'print' in production code. Try using a logging framework. - avoid_print
   info - lib\screens\projectStage_site_summary_report.dart:277:7 - Don't invoke 'print' in production code. Try using a logging framework. - avoid_print
   info - lib\screens\projectStage_site_summary_report.dart:292:7 - Don't invoke 'print' in production code. Try using a logging framework. - avoid_print
   info - lib\screens\projectStage_site_summary_report.dart:546:25 - The parameter name 'sum' matches a visible type name. Try adding a name for the parameter or changing the parameter name to not match an existing type. - avoid_types_as_parameter_names
   info - lib\screens\projectStage_site_summary_report.dart:548:25 - The parameter name 'sum' matches a visible type name. Try adding a name for the parameter or changing the parameter name to not match an existing type. - avoid_types_as_parameter_names
   info - lib\screens\projectStage_site_summary_report.dart:697:29 - 'withOpacity' is deprecated and shouldn't be used. Use .withValues() to avoid precision loss. Try replacing the use of the deprecated member with the replacement. - deprecated_member_use
   info - lib\screens\projectStage_site_summary_report.dart:700:31 - 'withOpacity' is deprecated and shouldn't be used. Use .withValues() to avoid precision loss. Try replacing the use of the deprecated member with the replacement. - deprecated_member_use
   info - lib\screens\projectStage_site_summary_report.dart:997:56 - 'value' is deprecated and shouldn't be used. Use component accessors like .r or .g, or toARGB32 for an explicit conversion. Try replacing the use of the deprecated member with the replacement. - deprecated_member_use
   info - lib\screens\projectStage_site_summary_report.dart:1107:52 - 'value' is deprecated and shouldn't be used. Use component accessors like .r or .g, or toARGB32 for an explicit conversion. Try replacing the use of the deprecated member with the replacement. - deprecated_member_use
   info - lib\screens\projectStage_site_summary_report.dart:1245:52 - 'value' is deprecated and shouldn't be used. Use component accessors like .r or .g, or toARGB32 for an explicit conversion. Try replacing the use of the deprecated member with the replacement. - deprecated_member_use
   info - lib\screens\projectStage_site_summary_report.dart:1247:56 - 'value' is deprecated and shouldn't be used. Use component accessors like .r or .g, or toARGB32 for an explicit conversion. Try replacing the use of the deprecated member with the replacement. - deprecated_member_use
   info - lib\screens\projectStage_site_summary_report.dart:1258:58 - 'value' is deprecated and shouldn't be used. Use component accessors like .r or .g, or toARGB32 for an explicit conversion. Try replacing the use of the deprecated member with the replacement. - deprecated_member_use
   info - lib\screens\projectStage_site_summary_report.dart:1266:58 - 'value' is deprecated and shouldn't be used. Use component accessors like .r or .g, or toARGB32 for an explicit conversion. Try replacing the use of the deprecated member with the replacement. - deprecated_member_use
   info - lib\screens\projectStage_site_summary_report.dart:1294:7 - Don't invoke 'print' in production code. Try using a logging framework. - avoid_print
   info - lib\screens\project_category_screen.dart:110:47 - 'withOpacity' is deprecated and shouldn't be used. Use .withValues() to avoid precision loss. Try replacing the use of the deprecated member with the replacement. - deprecated_member_use
   info - lib\screens\project_category_screen.dart:179:50 - Don't use 'BuildContext's across async gaps, guarded by an unrelated 'mounted' check. Guard a 'State.context' use with a 'mounted' check on the State, and other BuildContext use with a 'mounted' check on the BuildContext. - use_build_context_synchronously
   info - lib\screens\project_category_screen.dart:236:28 - Don't use 'BuildContext's across async gaps. Try rewriting the code to not use the 'BuildContext', or guard the use with a 'mounted' check. - use_build_context_synchronously
   info - lib\screens\project_category_screen.dart:283:47 - 'withOpacity' is deprecated and shouldn't be used. Use .withValues() to avoid precision loss. Try replacing the use of the deprecated member with the replacement. - deprecated_member_use
   info - lib\screens\project_category_screen.dart:381:41 - 'value' is deprecated and shouldn't be used. Use initialValue instead. This will set the initial value for the form field. This feature was deprecated after v3.33.0-1.0.pre. Try replacing the use of the deprecated member with the replacement. - deprecated_member_use
   info - lib\screens\project_category_screen.dart:386:60 - 'withOpacity' is deprecated and shouldn't be used. Use .withValues() to avoid precision loss. Try replacing the use of the deprecated member with the replacement. - deprecated_member_use
   info - lib\screens\project_contract_screen.dart:8:3 - Invalid use of a private type in a public API. Try making the private type public, or making the API that uses the private type also be private. - library_private_types_in_public_api
   info - lib\screens\project_contract_screen.dart:294:52 - Don't use 'BuildContext's across async gaps, guarded by an unrelated 'mounted' check. Guard a 'State.context' use with a 'mounted' check on the State, and other BuildContext use with a 'mounted' check on the BuildContext. - use_build_context_synchronously
   info - lib\screens\project_contract_screen.dart:431:33 - 'value' is deprecated and shouldn't be used. Use initialValue instead. This will set the initial value for the form field. This feature was deprecated after v3.33.0-1.0.pre. Try replacing the use of the deprecated member with the replacement. - deprecated_member_use
   info - lib\screens\project_financial_status_report_page.dart:11:3 - Invalid use of a private type in a public API. Try making the private type public, or making the API that uses the private type also be private. - library_private_types_in_public_api
   info - lib\screens\project_financial_status_report_page.dart:73:28 - Don't use 'BuildContext's across async gaps. Try rewriting the code to not use the 'BuildContext', or guard the use with a 'mounted' check. - use_build_context_synchronously
   info - lib\screens\project_financial_status_report_page.dart:146:51 - 'withOpacity' is deprecated and shouldn't be used. Use .withValues() to avoid precision loss. Try replacing the use of the deprecated member with the replacement. - deprecated_member_use
   info - lib\screens\project_financial_status_report_page.dart:171:44 - 'withOpacity' is deprecated and shouldn't be used. Use .withValues() to avoid precision loss. Try replacing the use of the deprecated member with the replacement. - deprecated_member_use
   info - lib\screens\project_financial_status_report_page.dart:203:31 - 'value' is deprecated and shouldn't be used. Use initialValue instead. This will set the initial value for the form field. This feature was deprecated after v3.33.0-1.0.pre. Try replacing the use of the deprecated member with the replacement. - deprecated_member_use
   info - lib\screens\project_financial_status_report_page.dart:237:58 - Don't use 'BuildContext's across async gaps. Try rewriting the code to not use the 'BuildContext', or guard the use with a 'mounted' check. - use_build_context_synchronously
   info - lib\screens\project_financial_status_report_page.dart:288:55 - 'withOpacity' is deprecated and shouldn't be used. Use .withValues() to avoid precision loss. Try replacing the use of the deprecated member with the replacement. - deprecated_member_use
   info - lib\screens\project_financial_status_report_page.dart:419:35 - 'withOpacity' is deprecated and shouldn't be used. Use .withValues() to avoid precision loss. Try replacing the use of the deprecated member with the replacement. - deprecated_member_use
   info - lib\screens\project_financial_status_report_page.dart:440:35 - 'withOpacity' is deprecated and shouldn't be used. Use .withValues() to avoid precision loss. Try replacing the use of the deprecated member with the replacement. - deprecated_member_use
   info - lib\screens\project_indicator.dart:4:8 - The import of 'package:flutter/animation.dart' is unnecessary because all of the used elements are also provided by the import of 'package:flutter/material.dart'. Try removing the import directive. - unnecessary_import
   info - lib\screens\project_indicator.dart:161:40 - 'withOpacity' is deprecated and shouldn't be used. Use .withValues() to avoid precision loss. Try replacing the use of the deprecated member with the replacement. - deprecated_member_use
   info - lib\screens\project_indicator.dart:239:33 - 'withOpacity' is deprecated and shouldn't be used. Use .withValues() to avoid precision loss. Try replacing the use of the deprecated member with the replacement. - deprecated_member_use
   info - lib\screens\project_indicator.dart:251:41 - 'withOpacity' is deprecated and shouldn't be used. Use .withValues() to avoid precision loss. Try replacing the use of the deprecated member with the replacement. - deprecated_member_use
   info - lib\screens\project_indicator.dart:300:33 - 'withOpacity' is deprecated and shouldn't be used. Use .withValues() to avoid precision loss. Try replacing the use of the deprecated member with the replacement. - deprecated_member_use
   info - lib\screens\project_indicator.dart:312:41 - 'withOpacity' is deprecated and shouldn't be used. Use .withValues() to avoid precision loss. Try replacing the use of the deprecated member with the replacement. - deprecated_member_use
   info - lib\screens\project_indicator.dart:356:35 - 'withOpacity' is deprecated and shouldn't be used. Use .withValues() to avoid precision loss. Try replacing the use of the deprecated member with the replacement. - deprecated_member_use
   info - lib\screens\project_indicator.dart:370:38 - 'withOpacity' is deprecated and shouldn't be used. Use .withValues() to avoid precision loss. Try replacing the use of the deprecated member with the replacement. - deprecated_member_use
   info - lib\screens\project_indicator.dart:440:30 - 'withOpacity' is deprecated and shouldn't be used. Use .withValues() to avoid precision loss. Try replacing the use of the deprecated member with the replacement. - deprecated_member_use
   info - lib\screens\project_indicator.dart:452:32 - 'withOpacity' is deprecated and shouldn't be used. Use .withValues() to avoid precision loss. Try replacing the use of the deprecated member with the replacement. - deprecated_member_use
   info - lib\screens\project_indicator.dart:491:47 - 'withOpacity' is deprecated and shouldn't be used. Use .withValues() to avoid precision loss. Try replacing the use of the deprecated member with the replacement. - deprecated_member_use
   info - lib\screens\project_indicator.dart:498:40 - 'withOpacity' is deprecated and shouldn't be used. Use .withValues() to avoid precision loss. Try replacing the use of the deprecated member with the replacement. - deprecated_member_use
   info - lib\screens\project_indicator.dart:544:32 - 'withOpacity' is deprecated and shouldn't be used. Use .withValues() to avoid precision loss. Try replacing the use of the deprecated member with the replacement. - deprecated_member_use
   info - lib\screens\project_indicator.dart:568:24 - 'withOpacity' is deprecated and shouldn't be used. Use .withValues() to avoid precision loss. Try replacing the use of the deprecated member with the replacement. - deprecated_member_use
   info - lib\screens\project_indicator.dart:571:26 - 'withOpacity' is deprecated and shouldn't be used. Use .withValues() to avoid precision loss. Try replacing the use of the deprecated member with the replacement. - deprecated_member_use
   info - lib\screens\project_screen.dart:310:11 - Don't use 'BuildContext's across async gaps. Try rewriting the code to not use the 'BuildContext', or guard the use with a 'mounted' check. - use_build_context_synchronously
   info - lib\screens\project_screen.dart:378:13 - Don't use 'BuildContext's across async gaps. Try rewriting the code to not use the 'BuildContext', or guard the use with a 'mounted' check. - use_build_context_synchronously
   info - lib\screens\project_screen.dart:386:28 - Don't use 'BuildContext's across async gaps. Try rewriting the code to not use the 'BuildContext', or guard the use with a 'mounted' check. - use_build_context_synchronously
   info - lib\screens\project_screen.dart:532:17 - Empty catch block. Try adding statements to the block, adding a comment to the block, or removing the 'catch' clause. - empty_catches
   info - lib\screens\project_screen.dart:546:35 - 'withOpacity' is deprecated and shouldn't be used. Use .withValues() to avoid precision loss. Try replacing the use of the deprecated member with the replacement. - deprecated_member_use
   info - lib\screens\project_screen.dart:721:29 - 'value' is deprecated and shouldn't be used. Use initialValue instead. This will set the initial value for the form field. This feature was deprecated after v3.33.0-1.0.pre. Try replacing the use of the deprecated member with the replacement. - deprecated_member_use
   info - lib\screens\project_screen.dart:874:45 - 'value' is deprecated and shouldn't be used. Use initialValue instead. This will set the initial value for the form field. This feature was deprecated after v3.33.0-1.0.pre. Try replacing the use of the deprecated member with the replacement. - deprecated_member_use
   info - lib\screens\project_screen.dart:1317:49 - 'value' is deprecated and shouldn't be used. Use initialValue instead. This will set the initial value for the form field. This feature was deprecated after v3.33.0-1.0.pre. Try replacing the use of the deprecated member with the replacement. - deprecated_member_use
   info - lib\screens\project_screen.dart:1700:54 - 'withOpacity' is deprecated and shouldn't be used. Use .withValues() to avoid precision loss. Try replacing the use of the deprecated member with the replacement. - deprecated_member_use
   info - lib\screens\project_screen.dart:1729:7 - 'value' is deprecated and shouldn't be used. Use initialValue instead. This will set the initial value for the form field. This feature was deprecated after v3.33.0-1.0.pre. Try replacing the use of the deprecated member with the replacement. - deprecated_member_use
   info - lib\screens\project_screen.dart:1737:54 - 'withOpacity' is deprecated and shouldn't be used. Use .withValues() to avoid precision loss. Try replacing the use of the deprecated member with the replacement. - deprecated_member_use
   info - lib\screens\project_screen.dart:1782:56 - 'withOpacity' is deprecated and shouldn't be used. Use .withValues() to avoid precision loss. Try replacing the use of the deprecated member with the replacement. - deprecated_member_use
   info - lib\screens\project_screen.dart:1846:26 - 'withOpacity' is deprecated and shouldn't be used. Use .withValues() to avoid precision loss. Try replacing the use of the deprecated member with the replacement. - deprecated_member_use
   info - lib\screens\project_screen.dart:1883:39 - 'withOpacity' is deprecated and shouldn't be used. Use .withValues() to avoid precision loss. Try replacing the use of the deprecated member with the replacement. - deprecated_member_use
   info - lib\screens\project_stage_config.dart:9:3 - Invalid use of a private type in a public API. Try making the private type public, or making the API that uses the private type also be private. - library_private_types_in_public_api
   info - lib\screens\project_stage_config.dart:113:48 - Don't use 'BuildContext's across async gaps. Try rewriting the code to not use the 'BuildContext', or guard the use with a 'mounted' check. - use_build_context_synchronously
   info - lib\screens\project_stage_config.dart:317:25 - Don't use 'BuildContext's across async gaps. Try rewriting the code to not use the 'BuildContext', or guard the use with a 'mounted' check. - use_build_context_synchronously
   info - lib\screens\project_stage_config.dart:332:23 - Don't use 'BuildContext's across async gaps. Try rewriting the code to not use the 'BuildContext', or guard the use with a 'mounted' check. - use_build_context_synchronously
   info - lib\screens\project_stage_config.dart:443:37 - 'value' is deprecated and shouldn't be used. Use initialValue instead. This will set the initial value for the form field. This feature was deprecated after v3.33.0-1.0.pre. Try replacing the use of the deprecated member with the replacement. - deprecated_member_use
   info - lib\screens\project_sub_category_screen.dart:152:48 - Don't use 'BuildContext's across async gaps. Try rewriting the code to not use the 'BuildContext', or guard the use with a 'mounted' check. - use_build_context_synchronously
   info - lib\screens\project_sub_category_screen.dart:250:30 - Don't use 'BuildContext's across async gaps. Try rewriting the code to not use the 'BuildContext', or guard the use with a 'mounted' check. - use_build_context_synchronously
   info - lib\screens\project_sub_category_screen.dart:268:28 - Don't use 'BuildContext's across async gaps. Try rewriting the code to not use the 'BuildContext', or guard the use with a 'mounted' check. - use_build_context_synchronously
   info - lib\screens\project_sub_category_screen.dart:275:28 - Don't use 'BuildContext's across async gaps. Try rewriting the code to not use the 'BuildContext', or guard the use with a 'mounted' check. - use_build_context_synchronously
   info - lib\screens\project_sub_category_screen.dart:382:35 - 'value' is deprecated and shouldn't be used. Use initialValue instead. This will set the initial value for the form field. This feature was deprecated after v3.33.0-1.0.pre. Try replacing the use of the deprecated member with the replacement. - deprecated_member_use
   info - lib\screens\projectstage_daily_site_report.dart:253:12 - 'Table.fromTextArray' is deprecated and shouldn't be used. Use TableHelper.fromTextArray() instead. Try replacing the use of the deprecated member with the replacement. - deprecated_member_use
   info - lib\screens\projectstage_daily_site_report.dart:656:45 - 'withOpacity' is deprecated and shouldn't be used. Use .withValues() to avoid precision loss. Try replacing the use of the deprecated member with the replacement. - deprecated_member_use
   info - lib\screens\projectstage_daily_site_report.dart:697:63 - 'withOpacity' is deprecated and shouldn't be used. Use .withValues() to avoid precision loss. Try replacing the use of the deprecated member with the replacement. - deprecated_member_use
   info - lib\screens\projectstage_daily_site_report.dart:738:52 - 'withOpacity' is deprecated and shouldn't be used. Use .withValues() to avoid precision loss. Try replacing the use of the deprecated member with the replacement. - deprecated_member_use
   info - lib\screens\projectstage_daily_site_report.dart:789:52 - 'withOpacity' is deprecated and shouldn't be used. Use .withValues() to avoid precision loss. Try replacing the use of the deprecated member with the replacement. - deprecated_member_use
   info - lib\screens\projectstage_daily_site_report.dart:831:52 - 'withOpacity' is deprecated and shouldn't be used. Use .withValues() to avoid precision loss. Try replacing the use of the deprecated member with the replacement. - deprecated_member_use
   info - lib\screens\projectstage_daily_site_report.dart:873:52 - 'withOpacity' is deprecated and shouldn't be used. Use .withValues() to avoid precision loss. Try replacing the use of the deprecated member with the replacement. - deprecated_member_use
   info - lib\screens\projectstage_daily_site_report.dart:930:45 - 'withOpacity' is deprecated and shouldn't be used. Use .withValues() to avoid precision loss. Try replacing the use of the deprecated member with the replacement. - deprecated_member_use
   info - lib\screens\projectstage_daily_site_report.dart:992:49 - 'withOpacity' is deprecated and shouldn't be used. Use .withValues() to avoid precision loss. Try replacing the use of the deprecated member with the replacement. - deprecated_member_use
   info - lib\screens\projectstage_daily_site_report.dart:1228:29 - 'withOpacity' is deprecated and shouldn't be used. Use .withValues() to avoid precision loss. Try replacing the use of the deprecated member with the replacement. - deprecated_member_use
   info - lib\screens\projectstage_daily_site_report.dart:1230:48 - 'withOpacity' is deprecated and shouldn't be used. Use .withValues() to avoid precision loss. Try replacing the use of the deprecated member with the replacement. - deprecated_member_use
   info - lib\screens\projectstage_daily_site_report.dart:1266:11 - 'dataRowHeight' is deprecated and shouldn't be used. Migrate to use dataRowMinHeight and dataRowMaxHeight instead. This feature was deprecated after v3.7.0-5.0.pre. Try replacing the use of the deprecated member with the replacement. - deprecated_member_use
   info - lib\screens\projectstage_daily_site_report.dart:1270:46 - 'withOpacity' is deprecated and shouldn't be used. Use .withValues() to avoid precision loss. Try replacing the use of the deprecated member with the replacement. - deprecated_member_use
   info - lib\screens\projectstage_daily_site_report.dart:1284:24 - 'withOpacity' is deprecated and shouldn't be used. Use .withValues() to avoid precision loss. Try replacing the use of the deprecated member with the replacement. - deprecated_member_use
   info - lib\screens\projectstage_daily_site_report.dart:1286:43 - 'withOpacity' is deprecated and shouldn't be used. Use .withValues() to avoid precision loss. Try replacing the use of the deprecated member with the replacement. - deprecated_member_use
   info - lib\screens\projectstage_daily_site_report.dart:1489:12 - 'Table.fromTextArray' is deprecated and shouldn't be used. Use TableHelper.fromTextArray() instead. Try replacing the use of the deprecated member with the replacement. - deprecated_member_use
   info - lib\screens\projectstage_daily_site_report.dart:1536:12 - 'Table.fromTextArray' is deprecated and shouldn't be used. Use TableHelper.fromTextArray() instead. Try replacing the use of the deprecated member with the replacement. - deprecated_member_use
   info - lib\screens\site_contractor_entry_page.dart:510:13 - 'dataRowHeight' is deprecated and shouldn't be used. Migrate to use dataRowMinHeight and dataRowMaxHeight instead. This feature was deprecated after v3.7.0-5.0.pre. Try replacing the use of the deprecated member with the replacement. - deprecated_member_use
   info - lib\screens\site_contractor_entry_page.dart:744:27 - 'value' is deprecated and shouldn't be used. Use initialValue instead. This will set the initial value for the form field. This feature was deprecated after v3.33.0-1.0.pre. Try replacing the use of the deprecated member with the replacement. - deprecated_member_use
   info - lib\screens\site_contractor_entry_page.dart:899:53 - 'value' is deprecated and shouldn't be used. Use initialValue instead. This will set the initial value for the form field. This feature was deprecated after v3.33.0-1.0.pre. Try replacing the use of the deprecated member with the replacement. - deprecated_member_use
   info - lib\screens\site_contractor_entry_page.dart:1154:53 - 'value' is deprecated and shouldn't be used. Use initialValue instead. This will set the initial value for the form field. This feature was deprecated after v3.33.0-1.0.pre. Try replacing the use of the deprecated member with the replacement. - deprecated_member_use
   info - lib\screens\site_entry_page.dart:420:11 - Don't use 'BuildContext's across async gaps. Try rewriting the code to not use the 'BuildContext', or guard the use with a 'mounted' check. - use_build_context_synchronously
   info - lib\screens\site_entry_page.dart:477:28 - Don't use 'BuildContext's across async gaps. Try rewriting the code to not use the 'BuildContext', or guard the use with a 'mounted' check. - use_build_context_synchronously
   info - lib\screens\site_entry_page.dart:482:9 - Don't use 'BuildContext's across async gaps. Try rewriting the code to not use the 'BuildContext', or guard the use with a 'mounted' check. - use_build_context_synchronously
   info - lib\screens\site_entry_page.dart:552:13 - 'dataRowHeight' is deprecated and shouldn't be used. Migrate to use dataRowMinHeight and dataRowMaxHeight instead. This feature was deprecated after v3.7.0-5.0.pre. Try replacing the use of the deprecated member with the replacement. - deprecated_member_use
   info - lib\screens\site_entry_page.dart:957:37 - 'value' is deprecated and shouldn't be used. Use initialValue instead. This will set the initial value for the form field. This feature was deprecated after v3.33.0-1.0.pre. Try replacing the use of the deprecated member with the replacement. - deprecated_member_use
   info - lib\screens\site_entry_page.dart:1266:51 - 'value' is deprecated and shouldn't be used. Use initialValue instead. This will set the initial value for the form field. This feature was deprecated after v3.33.0-1.0.pre. Try replacing the use of the deprecated member with the replacement. - deprecated_member_use
   info - lib\screens\site_entry_page.dart:1585:51 - 'value' is deprecated and shouldn't be used. Use initialValue instead. This will set the initial value for the form field. This feature was deprecated after v3.33.0-1.0.pre. Try replacing the use of the deprecated member with the replacement. - deprecated_member_use
   info - lib\screens\site_expenses_reportpage.dart:313:52 - 'value' is deprecated and shouldn't be used. Use component accessors like .r or .g, or toARGB32 for an explicit conversion. Try replacing the use of the deprecated member with the replacement. - deprecated_member_use
   info - lib\screens\site_expenses_reportpage.dart:445:50 - 'withOpacity' is deprecated and shouldn't be used. Use .withValues() to avoid precision loss. Try replacing the use of the deprecated member with the replacement. - deprecated_member_use
   info - lib\screens\site_expenses_reportpage.dart:520:45 - 'withOpacity' is deprecated and shouldn't be used. Use .withValues() to avoid precision loss. Try replacing the use of the deprecated member with the replacement. - deprecated_member_use
   info - lib\screens\site_expenses_reportpage.dart:575:43 - Unnecessary use of multiple underscores. Try using '_'. - unnecessary_underscores
   info - lib\screens\site_expenses_reportpage.dart:595:32 - 'withOpacity' is deprecated and shouldn't be used. Use .withValues() to avoid precision loss. Try replacing the use of the deprecated member with the replacement. - deprecated_member_use
   info - lib\screens\site_expenses_reportpage.dart:643:34 - 'withOpacity' is deprecated and shouldn't be used. Use .withValues() to avoid precision loss. Try replacing the use of the deprecated member with the replacement. - deprecated_member_use
   info - lib\screens\site_expenses_reportpage.dart:719:56 - 'withOpacity' is deprecated and shouldn't be used. Use .withValues() to avoid precision loss. Try replacing the use of the deprecated member with the replacement. - deprecated_member_use
   info - lib\screens\site_screen.dart:162:9 - 'desiredAccuracy' is deprecated and shouldn't be used. use settings parameter with AndroidSettings, AppleSettings, WebSettings, or LocationSettings. Try replacing the use of the deprecated member with the replacement. - deprecated_member_use
   info - lib\screens\site_screen.dart:183:28 - Don't use 'BuildContext's across async gaps. Try rewriting the code to not use the 'BuildContext', or guard the use with a 'mounted' check. - use_build_context_synchronously
   info - lib\screens\site_screen.dart:416:28 - 'withOpacity' is deprecated and shouldn't be used. Use .withValues() to avoid precision loss. Try replacing the use of the deprecated member with the replacement. - deprecated_member_use
   info - lib\screens\site_screen.dart:498:58 - 'withOpacity' is deprecated and shouldn't be used. Use .withValues() to avoid precision loss. Try replacing the use of the deprecated member with the replacement. - deprecated_member_use
   info - lib\screens\site_screen.dart:533:11 - 'value' is deprecated and shouldn't be used. Use initialValue instead. This will set the initial value for the form field. This feature was deprecated after v3.33.0-1.0.pre. Try replacing the use of the deprecated member with the replacement. - deprecated_member_use
   info - lib\screens\site_screen.dart:555:58 - 'withOpacity' is deprecated and shouldn't be used. Use .withValues() to avoid precision loss. Try replacing the use of the deprecated member with the replacement. - deprecated_member_use
   info - lib\screens\site_screen.dart:559:58 - 'withOpacity' is deprecated and shouldn't be used. Use .withValues() to avoid precision loss. Try replacing the use of the deprecated member with the replacement. - deprecated_member_use
   info - lib\screens\site_screen.dart:604:60 - 'withOpacity' is deprecated and shouldn't be used. Use .withValues() to avoid precision loss. Try replacing the use of the deprecated member with the replacement. - deprecated_member_use
   info - lib\screens\site_screen.dart:608:60 - 'withOpacity' is deprecated and shouldn't be used. Use .withValues() to avoid precision loss. Try replacing the use of the deprecated member with the replacement. - deprecated_member_use
   info - lib\screens\site_screen.dart:700:24 - 'withOpacity' is deprecated and shouldn't be used. Use .withValues() to avoid precision loss. Try replacing the use of the deprecated member with the replacement. - deprecated_member_use
   info - lib\screens\site_screen.dart:753:30 - Don't use 'BuildContext's across async gaps. Try rewriting the code to not use the 'BuildContext', or guard the use with a 'mounted' check. - use_build_context_synchronously
   info - lib\screens\site_screen.dart:827:28 - Don't use 'BuildContext's across async gaps. Try rewriting the code to not use the 'BuildContext', or guard the use with a 'mounted' check. - use_build_context_synchronously
   info - lib\screens\site_screen.dart:846:7 - Don't invoke 'print' in production code. Try using a logging framework. - avoid_print
   info - lib\screens\site_screen.dart:847:7 - Don't invoke 'print' in production code. Try using a logging framework. - avoid_print
   info - lib\screens\site_screen.dart:848:28 - Don't use 'BuildContext's across async gaps. Try rewriting the code to not use the 'BuildContext', or guard the use with a 'mounted' check. - use_build_context_synchronously
   info - lib\screens\site_status_report.dart:149:51 - 'withOpacity' is deprecated and shouldn't be used. Use .withValues() to avoid precision loss. Try replacing the use of the deprecated member with the replacement. - deprecated_member_use
   info - lib\screens\site_status_report.dart:211:41 - 'withOpacity' is deprecated and shouldn't be used. Use .withValues() to avoid precision loss. Try replacing the use of the deprecated member with the replacement. - deprecated_member_use
   info - lib\screens\site_status_report.dart:235:37 - 'withOpacity' is deprecated and shouldn't be used. Use .withValues() to avoid precision loss. Try replacing the use of the deprecated member with the replacement. - deprecated_member_use
   info - lib\screens\site_status_report.dart:311:41 - 'withOpacity' is deprecated and shouldn't be used. Use .withValues() to avoid precision loss. Try replacing the use of the deprecated member with the replacement. - deprecated_member_use
   info - lib\screens\site_status_report.dart:315:45 - 'withOpacity' is deprecated and shouldn't be used. Use .withValues() to avoid precision loss. Try replacing the use of the deprecated member with the replacement. - deprecated_member_use
   info - lib\screens\site_status_reportPage.dart:1:1 - The file name 'site_status_reportPage.dart' isn't a lower_case_with_underscores identifier. Try changing the name to follow the lower_case_with_underscores style. - file_names
   info - lib\screens\site_status_reportPage.dart:35:44 - 'withOpacity' is deprecated and shouldn't be used. Use .withValues() to avoid precision loss. Try replacing the use of the deprecated member with the replacement. - deprecated_member_use
   info - lib\screens\site_status_reportPage.dart:72:42 - 'withOpacity' is deprecated and shouldn't be used. Use .withValues() to avoid precision loss. Try replacing the use of the deprecated member with the replacement. - deprecated_member_use
   info - lib\screens\site_status_reportPage.dart:100:37 - Unnecessary use of multiple underscores. Try using '_'. - unnecessary_underscores
   info - lib\screens\site_status_reportPage.dart:206:51 - 'withOpacity' is deprecated and shouldn't be used. Use .withValues() to avoid precision loss. Try replacing the use of the deprecated member with the replacement. - deprecated_member_use
   info - lib\screens\site_status_reportPage.dart:447:22 - 'withOpacity' is deprecated and shouldn't be used. Use .withValues() to avoid precision loss. Try replacing the use of the deprecated member with the replacement. - deprecated_member_use
   info - lib\screens\site_status_reportPage.dart:449:41 - 'withOpacity' is deprecated and shouldn't be used. Use .withValues() to avoid precision loss. Try replacing the use of the deprecated member with the replacement. - deprecated_member_use
   info - lib\screens\site_summary_page.dart:7:8 - The import of 'dart:typed_data' is unnecessary because all of the used elements are also provided by the import of 'package:flutter/services.dart'. Try removing the import directive. - unnecessary_import
   info - lib\screens\site_summary_page.dart:36:5 - Don't invoke 'print' in production code. Try using a logging framework. - avoid_print
   info - lib\screens\site_summary_page.dart:117:7 - Don't invoke 'print' in production code. Try using a logging framework. - avoid_print
   info - lib\screens\site_summary_page.dart:144:7 - Don't invoke 'print' in production code. Try using a logging framework. - avoid_print
   info - lib\screens\site_summary_page.dart:172:7 - Don't invoke 'print' in production code. Try using a logging framework. - avoid_print
   info - lib\screens\site_summary_page.dart:216:7 - Don't invoke 'print' in production code. Try using a logging framework. - avoid_print
   info - lib\screens\site_summary_page.dart:233:7 - Don't invoke 'print' in production code. Try using a logging framework. - avoid_print
   info - lib\screens\site_summary_page.dart:307:42 - 'withOpacity' is deprecated and shouldn't be used. Use .withValues() to avoid precision loss. Try replacing the use of the deprecated member with the replacement. - deprecated_member_use
   info - lib\screens\site_summary_page.dart:493:51 - 'withOpacity' is deprecated and shouldn't be used. Use .withValues() to avoid precision loss. Try replacing the use of the deprecated member with the replacement. - deprecated_member_use
   info - lib\screens\site_summary_page.dart:496:53 - 'withOpacity' is deprecated and shouldn't be used. Use .withValues() to avoid precision loss. Try replacing the use of the deprecated member with the replacement. - deprecated_member_use
   info - lib\screens\site_summary_page.dart:531:54 - 'withOpacity' is deprecated and shouldn't be used. Use .withValues() to avoid precision loss. Try replacing the use of the deprecated member with the replacement. - deprecated_member_use
   info - lib\screens\site_summary_page.dart:608:32 - 'withOpacity' is deprecated and shouldn't be used. Use .withValues() to avoid precision loss. Try replacing the use of the deprecated member with the replacement. - deprecated_member_use
   info - lib\screens\site_summary_page.dart:660:38 - 'withOpacity' is deprecated and shouldn't be used. Use .withValues() to avoid precision loss. Try replacing the use of the deprecated member with the replacement. - deprecated_member_use
   info - lib\screens\site_summary_page.dart:806:56 - 'value' is deprecated and shouldn't be used. Use component accessors like .r or .g, or toARGB32 for an explicit conversion. Try replacing the use of the deprecated member with the replacement. - deprecated_member_use
   info - lib\screens\site_summary_page.dart:916:52 - 'value' is deprecated and shouldn't be used. Use component accessors like .r or .g, or toARGB32 for an explicit conversion. Try replacing the use of the deprecated member with the replacement. - deprecated_member_use
   info - lib\screens\site_summary_page.dart:1110:52 - 'value' is deprecated and shouldn't be used. Use component accessors like .r or .g, or toARGB32 for an explicit conversion. Try replacing the use of the deprecated member with the replacement. - deprecated_member_use
   info - lib\screens\site_summary_page.dart:1111:74 - 'value' is deprecated and shouldn't be used. Use component accessors like .r or .g, or toARGB32 for an explicit conversion. Try replacing the use of the deprecated member with the replacement. - deprecated_member_use
   info - lib\screens\site_summary_page.dart:1122:58 - 'value' is deprecated and shouldn't be used. Use component accessors like .r or .g, or toARGB32 for an explicit conversion. Try replacing the use of the deprecated member with the replacement. - deprecated_member_use
   info - lib\screens\site_summary_page.dart:1130:58 - 'value' is deprecated and shouldn't be used. Use component accessors like .r or .g, or toARGB32 for an explicit conversion. Try replacing the use of the deprecated member with the replacement. - deprecated_member_use
   info - lib\screens\site_summary_page.dart:1159:7 - Don't invoke 'print' in production code. Try using a logging framework. - avoid_print
   info - lib\screens\site_supervisor_map_screen.dart:9:3 - Invalid use of a private type in a public API. Try making the private type public, or making the API that uses the private type also be private. - library_private_types_in_public_api
   info - lib\screens\site_supervisor_map_screen.dart:53:7 - Don't invoke 'print' in production code. Try using a logging framework. - avoid_print
   info - lib\screens\site_supervisor_map_screen.dart:76:7 - Don't invoke 'print' in production code. Try using a logging framework. - avoid_print
   info - lib\screens\site_supervisor_map_screen.dart:97:7 - Don't invoke 'print' in production code. Try using a logging framework. - avoid_print
   info - lib\screens\site_supervisor_map_screen.dart:163:7 - Don't invoke 'print' in production code. Try using a logging framework. - avoid_print
   info - lib\screens\site_supervisor_map_screen.dart:262:11 - Don't use 'BuildContext's across async gaps. Try rewriting the code to not use the 'BuildContext', or guard the use with a 'mounted' check. - use_build_context_synchronously
   info - lib\screens\site_supervisor_map_screen.dart:267:11 - Don't use 'BuildContext's across async gaps. Try rewriting the code to not use the 'BuildContext', or guard the use with a 'mounted' check. - use_build_context_synchronously
   info - lib\screens\site_supervisor_map_screen.dart:272:7 - Don't invoke 'print' in production code. Try using a logging framework. - avoid_print
   info - lib\screens\site_supervisor_map_screen.dart:368:48 - 'withOpacity' is deprecated and shouldn't be used. Use .withValues() to avoid precision loss. Try replacing the use of the deprecated member with the replacement. - deprecated_member_use
   info - lib\screens\site_supervisor_map_screen.dart:392:37 - 'withOpacity' is deprecated and shouldn't be used. Use .withValues() to avoid precision loss. Try replacing the use of the deprecated member with the replacement. - deprecated_member_use
   info - lib\screens\site_supervisor_map_screen.dart:412:19 - 'value' is deprecated and shouldn't be used. Use initialValue instead. This will set the initial value for the form field. This feature was deprecated after v3.33.0-1.0.pre. Try replacing the use of the deprecated member with the replacement. - deprecated_member_use
   info - lib\screens\site_supervisor_map_screen.dart:496:19 - 'value' is deprecated and shouldn't be used. Use initialValue instead. This will set the initial value for the form field. This feature was deprecated after v3.33.0-1.0.pre. Try replacing the use of the deprecated member with the replacement. - deprecated_member_use
   info - lib\screens\site_supervisor_map_screen.dart:735:28 - 'withOpacity' is deprecated and shouldn't be used. Use .withValues() to avoid precision loss. Try replacing the use of the deprecated member with the replacement. - deprecated_member_use
   info - lib\screens\site_supervisor_map_screen.dart:880:26 - 'withOpacity' is deprecated and shouldn't be used. Use .withValues() to avoid precision loss. Try replacing the use of the deprecated member with the replacement. - deprecated_member_use
   info - lib\screens\site_supervisor_map_screen.dart:884:30 - 'withOpacity' is deprecated and shouldn't be used. Use .withValues() to avoid precision loss. Try replacing the use of the deprecated member with the replacement. - deprecated_member_use
   info - lib\screens\site_weekly_financial_report.dart:63:15 - Don't invoke 'print' in production code. Try using a logging framework. - avoid_print
   info - lib\screens\site_weekly_financial_report.dart:85:7 - Don't invoke 'print' in production code. Try using a logging framework. - avoid_print
   info - lib\screens\site_weekly_financial_report.dart:94:7 - Don't invoke 'print' in production code. Try using a logging framework. - avoid_print
   info - lib\screens\site_weekly_financial_report.dart:129:41 - 'withOpacity' is deprecated and shouldn't be used. Use .withValues() to avoid precision loss. Try replacing the use of the deprecated member with the replacement. - deprecated_member_use
   info - lib\screens\site_weekly_financial_report.dart:180:53 - 'withOpacity' is deprecated and shouldn't be used. Use .withValues() to avoid precision loss. Try replacing the use of the deprecated member with the replacement. - deprecated_member_use
   info - lib\screens\site_weekly_financial_report.dart:218:49 - 'withOpacity' is deprecated and shouldn't be used. Use .withValues() to avoid precision loss. Try replacing the use of the deprecated member with the replacement. - deprecated_member_use
   info - lib\screens\site_weekly_financial_report.dart:223:27 - 'value' is deprecated and shouldn't be used. Use initialValue instead. This will set the initial value for the form field. This feature was deprecated after v3.33.0-1.0.pre. Try replacing the use of the deprecated member with the replacement. - deprecated_member_use
   info - lib\screens\site_weekly_financial_report.dart:281:49 - 'withOpacity' is deprecated and shouldn't be used. Use .withValues() to avoid precision loss. Try replacing the use of the deprecated member with the replacement. - deprecated_member_use
   info - lib\screens\site_weekly_financial_report.dart:286:27 - 'value' is deprecated and shouldn't be used. Use initialValue instead. This will set the initial value for the form field. This feature was deprecated after v3.33.0-1.0.pre. Try replacing the use of the deprecated member with the replacement. - deprecated_member_use
   info - lib\screens\site_weekly_financial_report.dart:323:49 - 'withOpacity' is deprecated and shouldn't be used. Use .withValues() to avoid precision loss. Try replacing the use of the deprecated member with the replacement. - deprecated_member_use
   info - lib\screens\site_weekly_financial_report.dart:328:27 - 'value' is deprecated and shouldn't be used. Use initialValue instead. This will set the initial value for the form field. This feature was deprecated after v3.33.0-1.0.pre. Try replacing the use of the deprecated member with the replacement. - deprecated_member_use
   info - lib\screens\site_weekly_financial_report.dart:387:59 - 'withOpacity' is deprecated and shouldn't be used. Use .withValues() to avoid precision loss. Try replacing the use of the deprecated member with the replacement. - deprecated_member_use
   info - lib\screens\site_weekly_financial_report.dart:396:53 - 'withOpacity' is deprecated and shouldn't be used. Use .withValues() to avoid precision loss. Try replacing the use of the deprecated member with the replacement. - deprecated_member_use
   info - lib\screens\site_weekly_financial_report.dart:409:49 - 'withOpacity' is deprecated and shouldn't be used. Use .withValues() to avoid precision loss. Try replacing the use of the deprecated member with the replacement. - deprecated_member_use
   info - lib\screens\site_weekly_financial_report.dart:412:51 - 'withOpacity' is deprecated and shouldn't be used. Use .withValues() to avoid precision loss. Try replacing the use of the deprecated member with the replacement. - deprecated_member_use
   info - lib\screens\site_weekly_financial_report.dart:505:39 - Don't use 'BuildContext's across async gaps. Try rewriting the code to not use the 'BuildContext', or guard the use with a 'mounted' check. - use_build_context_synchronously
   info - lib\screens\site_weekly_financial_report.dart:516:39 - Don't use 'BuildContext's across async gaps. Try rewriting the code to not use the 'BuildContext', or guard the use with a 'mounted' check. - use_build_context_synchronously
   info - lib\screens\site_weekly_financial_report.dart:541:35 - Don't invoke 'print' in production code. Try using a logging framework. - avoid_print
   info - lib\screens\site_weekly_financial_report.dart:542:56 - Don't use 'BuildContext's across async gaps. Try rewriting the code to not use the 'BuildContext', or guard the use with a 'mounted' check. - use_build_context_synchronously
   info - lib\screens\site_weekly_financial_report2.dart:67:29 - Don't invoke 'print' in production code. Try using a logging framework. - avoid_print
   info - lib\screens\site_weekly_financial_report2.dart:78:25 - Don't invoke 'print' in production code. Try using a logging framework. - avoid_print
   info - lib\screens\site_weekly_financial_report2.dart:86:52 - 'withOpacity' is deprecated and shouldn't be used. Use .withValues() to avoid precision loss. Try replacing the use of the deprecated member with the replacement. - deprecated_member_use
   info - lib\screens\site_weekly_financial_report2.dart:119:53 - 'withOpacity' is deprecated and shouldn't be used. Use .withValues() to avoid precision loss. Try replacing the use of the deprecated member with the replacement. - deprecated_member_use
   info - lib\screens\site_weekly_financial_report2.dart:377:8 - The parameter name 'sum' matches a visible type name. Try adding a name for the parameter or changing the parameter name to not match an existing type. - avoid_types_as_parameter_names
   info - lib\screens\site_weekly_financial_report2.dart:379:48 - The parameter name 'sum' matches a visible type name. Try adding a name for the parameter or changing the parameter name to not match an existing type. - avoid_types_as_parameter_names
   info - lib\screens\site_weekly_financial_report2.dart:400:11 - 'dataRowHeight' is deprecated and shouldn't be used. Migrate to use dataRowMinHeight and dataRowMaxHeight instead. This feature was deprecated after v3.7.0-5.0.pre. Try replacing the use of the deprecated member with the replacement. - deprecated_member_use
   info - lib\screens\site_weekly_financial_report2.dart:560:41 - 'withOpacity' is deprecated and shouldn't be used. Use .withValues() to avoid precision loss. Try replacing the use of the deprecated member with the replacement. - deprecated_member_use
   info - lib\screens\site_weekly_financial_report2.dart:570:30 - 'withOpacity' is deprecated and shouldn't be used. Use .withValues() to avoid precision loss. Try replacing the use of the deprecated member with the replacement. - deprecated_member_use
   info - lib\screens\splash_screen.dart:9:3 - Invalid use of a private type in a public API. Try making the private type public, or making the API that uses the private type also be private. - library_private_types_in_public_api
   info - lib\screens\splash_screen.dart:133:61 - 'withOpacity' is deprecated and shouldn't be used. Use .withValues() to avoid precision loss. Try replacing the use of the deprecated member with the replacement. - deprecated_member_use
   info - lib\screens\splash_screen.dart:154:59 - 'withOpacity' is deprecated and shouldn't be used. Use .withValues() to avoid precision loss. Try replacing the use of the deprecated member with the replacement. - deprecated_member_use
   info - lib\screens\splash_screen.dart:156:61 - 'withOpacity' is deprecated and shouldn't be used. Use .withValues() to avoid precision loss. Try replacing the use of the deprecated member with the replacement. - deprecated_member_use
   info - lib\screens\splash_screen.dart:163:52 - 'withOpacity' is deprecated and shouldn't be used. Use .withValues() to avoid precision loss. Try replacing the use of the deprecated member with the replacement. - deprecated_member_use
   info - lib\screens\splash_screen.dart:211:59 - 'withOpacity' is deprecated and shouldn't be used. Use .withValues() to avoid precision loss. Try replacing the use of the deprecated member with the replacement. - deprecated_member_use
   info - lib\screens\splash_screen.dart:241:59 - 'withOpacity' is deprecated and shouldn't be used. Use .withValues() to avoid precision loss. Try replacing the use of the deprecated member with the replacement. - deprecated_member_use
   info - lib\screens\splash_screen.dart:254:45 - 'withOpacity' is deprecated and shouldn't be used. Use .withValues() to avoid precision loss. Try replacing the use of the deprecated member with the replacement. - deprecated_member_use
   info - lib\screens\supervisor_dashboard.dart:27:3 - Invalid use of a private type in a public API. Try making the private type public, or making the API that uses the private type also be private. - library_private_types_in_public_api
   info - lib\screens\supervisor_dashboard.dart:129:13 - Don't invoke 'print' in production code. Try using a logging framework. - avoid_print
   info - lib\screens\supervisor_dashboard.dart:144:13 - Don't invoke 'print' in production code. Try using a logging framework. - avoid_print
   info - lib\screens\supervisor_dashboard.dart:186:17 - Don't use 'BuildContext's across async gaps. Try rewriting the code to not use the 'BuildContext', or guard the use with a 'mounted' check. - use_build_context_synchronously
   info - lib\screens\supervisor_dashboard.dart:200:12 - 'WillPopScope' is deprecated and shouldn't be used. Use PopScope instead. The Android predictive back feature will not work with WillPopScope. This feature was deprecated after v3.12.0-1.0.pre. Try replacing the use of the deprecated member with the replacement. - deprecated_member_use
   info - lib\screens\supervisor_dashboard.dart:212:30 - 'withOpacity' is deprecated and shouldn't be used. Use .withValues() to avoid precision loss. Try replacing the use of the deprecated member with the replacement. - deprecated_member_use
   info - lib\screens\supervisor_dashboard.dart:213:30 - 'withOpacity' is deprecated and shouldn't be used. Use .withValues() to avoid precision loss. Try replacing the use of the deprecated member with the replacement. - deprecated_member_use
   info - lib\screens\supervisor_dashboard.dart:347:35 - 'withOpacity' is deprecated and shouldn't be used. Use .withValues() to avoid precision loss. Try replacing the use of the deprecated member with the replacement. - deprecated_member_use
   info - lib\screens\supervisor_dashboard.dart:355:39 - 'withOpacity' is deprecated and shouldn't be used. Use .withValues() to avoid precision loss. Try replacing the use of the deprecated member with the replacement. - deprecated_member_use
   info - lib\screens\supervisor_login_page.dart:9:7 - The type name 'Supervisor_LoginPage' isn't an UpperCamelCase identifier. Try changing the name to follow the UpperCamelCase style. - camel_case_types
   info - lib\screens\supervisor_login_page.dart:13:3 - Invalid use of a private type in a public API. Try making the private type public, or making the API that uses the private type also be private. - library_private_types_in_public_api
   info - lib\screens\supervisor_login_page.dart:16:7 - The type name '_Supervisor_LoginPageState' isn't an UpperCamelCase identifier. Try changing the name to follow the UpperCamelCase style. - camel_case_types
   info - lib\screens\supervisor_login_page.dart:180:7 - Don't invoke 'print' in production code. Try using a logging framework. - avoid_print
   info - lib\screens\supervisor_login_page.dart:248:29 - 'withOpacity' is deprecated and shouldn't be used. Use .withValues() to avoid precision loss. Try replacing the use of the deprecated member with the replacement. - deprecated_member_use
   info - lib\screens\supervisor_login_page.dart:254:41 - 'withOpacity' is deprecated and shouldn't be used. Use .withValues() to avoid precision loss. Try replacing the use of the deprecated member with the replacement. - deprecated_member_use
   info - lib\screens\supervisor_login_page.dart:398:55 - Don't use 'BuildContext's across async gaps. Try rewriting the code to not use the 'BuildContext', or guard the use with a 'mounted' check. - use_build_context_synchronously
   info - lib\screens\supervisor_login_page.dart:521:15 - Don't use 'BuildContext's across async gaps. Try rewriting the code to not use the 'BuildContext', or guard the use with a 'mounted' check. - use_build_context_synchronously
   info - lib\screens\supervisor_login_page.dart:543:15 - Don't use 'BuildContext's across async gaps. Try rewriting the code to not use the 'BuildContext', or guard the use with a 'mounted' check. - use_build_context_synchronously
   info - lib\screens\supervisor_login_page.dart:594:23 - 'withOpacity' is deprecated and shouldn't be used. Use .withValues() to avoid precision loss. Try replacing the use of the deprecated member with the replacement. - deprecated_member_use
   info - lib\screens\supervisor_login_page.dart:613:48 - 'withOpacity' is deprecated and shouldn't be used. Use .withValues() to avoid precision loss. Try replacing the use of the deprecated member with the replacement. - deprecated_member_use
   info - lib\screens\supervisor_login_page.dart:617:49 - 'withOpacity' is deprecated and shouldn't be used. Use .withValues() to avoid precision loss. Try replacing the use of the deprecated member with the replacement. - deprecated_member_use
   info - lib\screens\supervisor_login_page.dart:824:33 - 'value' is deprecated and shouldn't be used. Use initialValue instead. This will set the initial value for the form field. This feature was deprecated after v3.33.0-1.0.pre. Try replacing the use of the deprecated member with the replacement. - deprecated_member_use
   info - lib\screens\supervisor_material_view_request_screen.dart:168:41 - Unnecessary use of multiple underscores. Try using '_'. - unnecessary_underscores
   info - lib\screens\supervisor_tool_movement.dart:309:28 - Don't use 'BuildContext's across async gaps. Try rewriting the code to not use the 'BuildContext', or guard the use with a 'mounted' check. - use_build_context_synchronously
   info - lib\screens\supervisor_tool_movement.dart:314:28 - Don't use 'BuildContext's across async gaps. Try rewriting the code to not use the 'BuildContext', or guard the use with a 'mounted' check. - use_build_context_synchronously
   info - lib\screens\supervisor_tool_movement.dart:617:7 - 'value' is deprecated and shouldn't be used. Use initialValue instead. This will set the initial value for the form field. This feature was deprecated after v3.33.0-1.0.pre. Try replacing the use of the deprecated member with the replacement. - deprecated_member_use
   info - lib\screens\supervisor_verification_page.dart:18:3 - Invalid use of a private type in a public API. Try making the private type public, or making the API that uses the private type also be private. - library_private_types_in_public_api
   info - lib\screens\supervisor_verification_page.dart:168:9 - 'desiredAccuracy' is deprecated and shouldn't be used. use settings parameter with AndroidSettings, AppleSettings, WebSettings, or LocationSettings. Try replacing the use of the deprecated member with the replacement. - deprecated_member_use
   info - lib\screens\supervisor_verification_page.dart:406:23 - 'value' is deprecated and shouldn't be used. Use initialValue instead. This will set the initial value for the form field. This feature was deprecated after v3.33.0-1.0.pre. Try replacing the use of the deprecated member with the replacement. - deprecated_member_use
   info - lib\screens\supervisor_view_request_screen.dart:15:3 - Invalid use of a private type in a public API. Try making the private type public, or making the API that uses the private type also be private. - library_private_types_in_public_api
   info - lib\screens\supervisor_view_request_screen.dart:50:48 - 'withOpacity' is deprecated and shouldn't be used. Use .withValues() to avoid precision loss. Try replacing the use of the deprecated member with the replacement. - deprecated_member_use
   info - lib\screens\supervisor_view_request_screen.dart:82:3 - Invalid use of a private type in a public API. Try making the private type public, or making the API that uses the private type also be private. - library_private_types_in_public_api
   info - lib\screens\supervisor_view_request_screen.dart:108:67 - 'withOpacity' is deprecated and shouldn't be used. Use .withValues() to avoid precision loss. Try replacing the use of the deprecated member with the replacement. - deprecated_member_use
   info - lib\screens\supervisor_view_request_screen.dart:197:3 - Invalid use of a private type in a public API. Try making the private type public, or making the API that uses the private type also be private. - library_private_types_in_public_api
   info - lib\screens\supervisor_view_request_screen.dart:280:49 - 'withOpacity' is deprecated and shouldn't be used. Use .withValues() to avoid precision loss. Try replacing the use of the deprecated member with the replacement. - deprecated_member_use
   info - lib\screens\supervisor_view_request_screen.dart:281:48 - 'withOpacity' is deprecated and shouldn't be used. Use .withValues() to avoid precision loss. Try replacing the use of the deprecated member with the replacement. - deprecated_member_use
   info - lib\screens\supervisor_view_request_screen.dart:403:37 - 'withOpacity' is deprecated and shouldn't be used. Use .withValues() to avoid precision loss. Try replacing the use of the deprecated member with the replacement. - deprecated_member_use
   info - lib\screens\supervisor_view_request_screen.dart:415:29 - 'withOpacity' is deprecated and shouldn't be used. Use .withValues() to avoid precision loss. Try replacing the use of the deprecated member with the replacement. - deprecated_member_use
   info - lib\screens\supervisor_view_request_screen.dart:417:48 - 'withOpacity' is deprecated and shouldn't be used. Use .withValues() to avoid precision loss. Try replacing the use of the deprecated member with the replacement. - deprecated_member_use
   info - lib\screens\supervisor_view_request_screen.dart:425:35 - 'withOpacity' is deprecated and shouldn't be used. Use .withValues() to avoid precision loss. Try replacing the use of the deprecated member with the replacement. - deprecated_member_use
   info - lib\screens\supervisor_view_request_screen.dart:445:28 - 'withOpacity' is deprecated and shouldn't be used. Use .withValues() to avoid precision loss. Try replacing the use of the deprecated member with the replacement. - deprecated_member_use
   info - lib\screens\supervisor_view_request_screen.dart:447:47 - 'withOpacity' is deprecated and shouldn't be used. Use .withValues() to avoid precision loss. Try replacing the use of the deprecated member with the replacement. - deprecated_member_use
   info - lib\screens\supervisor_view_request_screen.dart:455:34 - 'withOpacity' is deprecated and shouldn't be used. Use .withValues() to avoid precision loss. Try replacing the use of the deprecated member with the replacement. - deprecated_member_use
   info - lib\screens\supervisor_view_request_screen.dart:479:33 - 'withOpacity' is deprecated and shouldn't be used. Use .withValues() to avoid precision loss. Try replacing the use of the deprecated member with the replacement. - deprecated_member_use
   info - lib\screens\supervisor_view_request_screen.dart:497:37 - 'withOpacity' is deprecated and shouldn't be used. Use .withValues() to avoid precision loss. Try replacing the use of the deprecated member with the replacement. - deprecated_member_use
   info - lib\screens\supervisor_view_request_screen.dart:547:28 - Don't use 'BuildContext's across async gaps. Try rewriting the code to not use the 'BuildContext', or guard the use with a 'mounted' check. - use_build_context_synchronously
   info - lib\screens\supervisor_view_request_screen.dart:551:28 - Don't use 'BuildContext's across async gaps. Try rewriting the code to not use the 'BuildContext', or guard the use with a 'mounted' check. - use_build_context_synchronously
   info - lib\screens\supervisor_work_schedule_page.dart:11:3 - Invalid use of a private type in a public API. Try making the private type public, or making the API that uses the private type also be private. - library_private_types_in_public_api
   info - lib\screens\supervisor_work_schedule_page.dart:88:5 - Don't invoke 'print' in production code. Try using a logging framework. - avoid_print
   info - lib\screens\supervisor_work_schedule_page.dart:226:10 - The parameter name 'sum' matches a visible type name. Try adding a name for the parameter or changing the parameter name to not match an existing type. - avoid_types_as_parameter_names
   info - lib\screens\supervisor_work_schedule_page.dart:292:28 - Don't use 'BuildContext's across async gaps. Try rewriting the code to not use the 'BuildContext', or guard the use with a 'mounted' check. - use_build_context_synchronously
   info - lib\screens\supervisor_work_schedule_page.dart:300:28 - Don't use 'BuildContext's across async gaps. Try rewriting the code to not use the 'BuildContext', or guard the use with a 'mounted' check. - use_build_context_synchronously
   info - lib\screens\supervisor_work_schedule_page.dart:413:33 - 'value' is deprecated and shouldn't be used. Use initialValue instead. This will set the initial value for the form field. This feature was deprecated after v3.33.0-1.0.pre. Try replacing the use of the deprecated member with the replacement. - deprecated_member_use
   info - lib\screens\supervisor_work_schedule_page.dart:539:43 - 'value' is deprecated and shouldn't be used. Use initialValue instead. This will set the initial value for the form field. This feature was deprecated after v3.33.0-1.0.pre. Try replacing the use of the deprecated member with the replacement. - deprecated_member_use
   info - lib\screens\supervisor_worker_att_page.dart:9:3 - Invalid use of a private type in a public API. Try making the private type public, or making the API that uses the private type also be private. - library_private_types_in_public_api
   info - lib\screens\supervisor_worker_att_page.dart:58:7 - Don't invoke 'print' in production code. Try using a logging framework. - avoid_print
   info - lib\screens\supervisor_worker_att_page.dart:63:9 - Don't use 'BuildContext's across async gaps. Try rewriting the code to not use the 'BuildContext', or guard the use with a 'mounted' check. - use_build_context_synchronously
   info - lib\screens\supervisor_worker_att_page.dart:95:30 - Don't use 'BuildContext's across async gaps. Try rewriting the code to not use the 'BuildContext', or guard the use with a 'mounted' check. - use_build_context_synchronously
   info - lib\screens\supervisor_worker_att_page.dart:100:7 - Don't invoke 'print' in production code. Try using a logging framework. - avoid_print
   info - lib\screens\supervisor_worker_att_page.dart:105:9 - Don't use 'BuildContext's across async gaps. Try rewriting the code to not use the 'BuildContext', or guard the use with a 'mounted' check. - use_build_context_synchronously
   info - lib\screens\supervisor_worker_att_page.dart:129:7 - Don't invoke 'print' in production code. Try using a logging framework. - avoid_print
   info - lib\screens\supervisor_worker_att_page.dart:212:28 - Don't use 'BuildContext's across async gaps. Try rewriting the code to not use the 'BuildContext', or guard the use with a 'mounted' check. - use_build_context_synchronously
   info - lib\screens\supervisor_worker_att_page.dart:223:28 - Don't use 'BuildContext's across async gaps. Try rewriting the code to not use the 'BuildContext', or guard the use with a 'mounted' check. - use_build_context_synchronously
   info - lib\screens\supervisor_worker_att_page.dart:490:7 - Don't invoke 'print' in production code. Try using a logging framework. - avoid_print
   info - lib\screens\supervisor_worker_att_page.dart:579:15 - 'value' is deprecated and shouldn't be used. Use initialValue instead. This will set the initial value for the form field. This feature was deprecated after v3.33.0-1.0.pre. Try replacing the use of the deprecated member with the replacement. - deprecated_member_use
   info - lib\screens\supervisor_worker_att_page.dart:720:39 - 'withOpacity' is deprecated and shouldn't be used. Use .withValues() to avoid precision loss. Try replacing the use of the deprecated member with the replacement. - deprecated_member_use
   info - lib\screens\supervisor_worker_att_page.dart:794:47 - 'withOpacity' is deprecated and shouldn't be used. Use .withValues() to avoid precision loss. Try replacing the use of the deprecated member with the replacement. - deprecated_member_use
   info - lib\screens\tools_inventory_details.dart:133:15 - 'Table.fromTextArray' is deprecated and shouldn't be used. Use TableHelper.fromTextArray() instead. Try replacing the use of the deprecated member with the replacement. - deprecated_member_use
   info - lib\screens\tools_inventory_details.dart:160:63 - The parameter name 'sum' matches a visible type name. Try adding a name for the parameter or changing the parameter name to not match an existing type. - avoid_types_as_parameter_names
   info - lib\screens\tools_inventory_details.dart:219:45 - 'withOpacity' is deprecated and shouldn't be used. Use .withValues() to avoid precision loss. Try replacing the use of the deprecated member with the replacement. - deprecated_member_use
   info - lib\screens\tools_inventory_details.dart:274:49 - 'withOpacity' is deprecated and shouldn't be used. Use .withValues() to avoid precision loss. Try replacing the use of the deprecated member with the replacement. - deprecated_member_use
   info - lib\screens\tools_inventory_details.dart:284:51 - 'withOpacity' is deprecated and shouldn't be used. Use .withValues() to avoid precision loss. Try replacing the use of the deprecated member with the replacement. - deprecated_member_use
   info - lib\screens\tools_inventory_details.dart:339:69 - 'withOpacity' is deprecated and shouldn't be used. Use .withValues() to avoid precision loss. Try replacing the use of the deprecated member with the replacement. - deprecated_member_use
   info - lib\screens\tools_inventory_details.dart:428:37 - 'withOpacity' is deprecated and shouldn't be used. Use .withValues() to avoid precision loss. Try replacing the use of the deprecated member with the replacement. - deprecated_member_use
   info - lib\screens\tools_inventory_report.dart:235:34 - The parameter name 'sum' matches a visible type name. Try adding a name for the parameter or changing the parameter name to not match an existing type. - avoid_types_as_parameter_names
   info - lib\screens\tools_inventory_report.dart:237:31 - The parameter name 'sum' matches a visible type name. Try adding a name for the parameter or changing the parameter name to not match an existing type. - avoid_types_as_parameter_names
   info - lib\screens\tools_inventory_report.dart:318:32 - 'withOpacity' is deprecated and shouldn't be used. Use .withValues() to avoid precision loss. Try replacing the use of the deprecated member with the replacement. - deprecated_member_use
   info - lib\screens\tools_inventory_report.dart:380:32 - 'withOpacity' is deprecated and shouldn't be used. Use .withValues() to avoid precision loss. Try replacing the use of the deprecated member with the replacement. - deprecated_member_use
   info - lib\screens\tools_inventory_report.dart:398:39 - 'withOpacity' is deprecated and shouldn't be used. Use .withValues() to avoid precision loss. Try replacing the use of the deprecated member with the replacement. - deprecated_member_use
   info - lib\screens\tools_inventory_report.dart:402:46 - 'withOpacity' is deprecated and shouldn't be used. Use .withValues() to avoid precision loss. Try replacing the use of the deprecated member with the replacement. - deprecated_member_use
   info - lib\screens\tools_inventory_report.dart:443:34 - 'withOpacity' is deprecated and shouldn't be used. Use .withValues() to avoid precision loss. Try replacing the use of the deprecated member with the replacement. - deprecated_member_use
   info - lib\screens\tools_inventory_report.dart:512:22 - 'withOpacity' is deprecated and shouldn't be used. Use .withValues() to avoid precision loss. Try replacing the use of the deprecated member with the replacement. - deprecated_member_use
   info - lib\screens\tools_inventory_report.dart:514:41 - 'withOpacity' is deprecated and shouldn't be used. Use .withValues() to avoid precision loss. Try replacing the use of the deprecated member with the replacement. - deprecated_member_use
   info - lib\screens\tools_master_page.dart:8:3 - Invalid use of a private type in a public API. Try making the private type public, or making the API that uses the private type also be private. - library_private_types_in_public_api
   info - lib\screens\tools_master_page.dart:76:28 - Don't use 'BuildContext's across async gaps. Try rewriting the code to not use the 'BuildContext', or guard the use with a 'mounted' check. - use_build_context_synchronously
   info - lib\screens\tools_master_page.dart:257:29 - 'value' is deprecated and shouldn't be used. Use initialValue instead. This will set the initial value for the form field. This feature was deprecated after v3.33.0-1.0.pre. Try replacing the use of the deprecated member with the replacement. - deprecated_member_use
   info - lib\screens\tools_master_page.dart:374:7 - 'value' is deprecated and shouldn't be used. Use initialValue instead. This will set the initial value for the form field. This feature was deprecated after v3.33.0-1.0.pre. Try replacing the use of the deprecated member with the replacement. - deprecated_member_use
   info - lib\screens\tools_master_page.dart:511:28 - Don't use 'BuildContext's across async gaps. Try rewriting the code to not use the 'BuildContext', or guard the use with a 'mounted' check. - use_build_context_synchronously
   info - lib\screens\tools_master_page.dart:518:28 - Don't use 'BuildContext's across async gaps. Try rewriting the code to not use the 'BuildContext', or guard the use with a 'mounted' check. - use_build_context_synchronously
   info - lib\screens\tools_master_page.dart:578:30 - Don't use 'BuildContext's across async gaps. Try rewriting the code to not use the 'BuildContext', or guard the use with a 'mounted' check. - use_build_context_synchronously
   info - lib\screens\tools_master_page.dart:624:9 - Don't use 'BuildContext's across async gaps. Try rewriting the code to not use the 'BuildContext', or guard the use with a 'mounted' check. - use_build_context_synchronously
   info - lib\screens\tools_master_page.dart:638:28 - Don't use 'BuildContext's across async gaps. Try rewriting the code to not use the 'BuildContext', or guard the use with a 'mounted' check. - use_build_context_synchronously
   info - lib\screens\tools_movement_page.dart:403:46 - 'withOpacity' is deprecated and shouldn't be used. Use .withValues() to avoid precision loss. Try replacing the use of the deprecated member with the replacement. - deprecated_member_use
   info - lib\screens\tools_movement_page.dart:555:48 - 'withOpacity' is deprecated and shouldn't be used. Use .withValues() to avoid precision loss. Try replacing the use of the deprecated member with the replacement. - deprecated_member_use
   info - lib\screens\tools_movement_page.dart:561:48 - 'withOpacity' is deprecated and shouldn't be used. Use .withValues() to avoid precision loss. Try replacing the use of the deprecated member with the replacement. - deprecated_member_use
   info - lib\screens\tools_movement_page.dart:832:48 - 'withOpacity' is deprecated and shouldn't be used. Use .withValues() to avoid precision loss. Try replacing the use of the deprecated member with the replacement. - deprecated_member_use
   info - lib\screens\tools_movement_page.dart:838:48 - 'withOpacity' is deprecated and shouldn't be used. Use .withValues() to avoid precision loss. Try replacing the use of the deprecated member with the replacement. - deprecated_member_use
   info - lib\screens\tools_movement_page.dart:1022:17 - Empty catch block. Try adding statements to the block, adding a comment to the block, or removing the 'catch' clause. - empty_catches
   info - lib\screens\tools_movement_page.dart:1088:28 - Don't use 'BuildContext's across async gaps. Try rewriting the code to not use the 'BuildContext', or guard the use with a 'mounted' check. - use_build_context_synchronously
   info - lib\screens\tools_movement_page.dart:1096:28 - Don't use 'BuildContext's across async gaps. Try rewriting the code to not use the 'BuildContext', or guard the use with a 'mounted' check. - use_build_context_synchronously
   info - lib\screens\tools_movement_page.dart:1131:17 - Empty catch block. Try adding statements to the block, adding a comment to the block, or removing the 'catch' clause. - empty_catches
   info - lib\screens\tools_movement_page.dart:1195:28 - Don't use 'BuildContext's across async gaps. Try rewriting the code to not use the 'BuildContext', or guard the use with a 'mounted' check. - use_build_context_synchronously
   info - lib\screens\tools_movement_page.dart:1203:28 - Don't use 'BuildContext's across async gaps. Try rewriting the code to not use the 'BuildContext', or guard the use with a 'mounted' check. - use_build_context_synchronously
   info - lib\screens\tools_movement_page.dart:1226:47 - 'withOpacity' is deprecated and shouldn't be used. Use .withValues() to avoid precision loss. Try replacing the use of the deprecated member with the replacement. - deprecated_member_use
   info - lib\screens\tools_movement_page.dart:1230:55 - 'withOpacity' is deprecated and shouldn't be used. Use .withValues() to avoid precision loss. Try replacing the use of the deprecated member with the replacement. - deprecated_member_use
   info - lib\screens\tools_movement_page.dart:1234:55 - 'withOpacity' is deprecated and shouldn't be used. Use .withValues() to avoid precision loss. Try replacing the use of the deprecated member with the replacement. - deprecated_member_use
   info - lib\screens\tools_movement_page.dart:1262:7 - 'value' is deprecated and shouldn't be used. Use initialValue instead. This will set the initial value for the form field. This feature was deprecated after v3.33.0-1.0.pre. Try replacing the use of the deprecated member with the replacement. - deprecated_member_use
   info - lib\screens\tools_movement_page.dart:1267:55 - 'withOpacity' is deprecated and shouldn't be used. Use .withValues() to avoid precision loss. Try replacing the use of the deprecated member with the replacement. - deprecated_member_use
   info - lib\screens\tools_movement_page.dart:1271:55 - 'withOpacity' is deprecated and shouldn't be used. Use .withValues() to avoid precision loss. Try replacing the use of the deprecated member with the replacement. - deprecated_member_use
   info - lib\screens\tools_movement_page.dart:1311:34 - 'withOpacity' is deprecated and shouldn't be used. Use .withValues() to avoid precision loss. Try replacing the use of the deprecated member with the replacement. - deprecated_member_use
   info - lib\screens\tools_movement_page.dart:1315:57 - 'withOpacity' is deprecated and shouldn't be used. Use .withValues() to avoid precision loss. Try replacing the use of the deprecated member with the replacement. - deprecated_member_use
   info - lib\screens\tools_movement_page.dart:1319:57 - 'withOpacity' is deprecated and shouldn't be used. Use .withValues() to avoid precision loss. Try replacing the use of the deprecated member with the replacement. - deprecated_member_use
   info - lib\screens\tools_movement_page.dart:1368:36 - 'withOpacity' is deprecated and shouldn't be used. Use .withValues() to avoid precision loss. Try replacing the use of the deprecated member with the replacement. - deprecated_member_use
   info - lib\screens\tools_movement_page.dart:1381:51 - 'withOpacity' is deprecated and shouldn't be used. Use .withValues() to avoid precision loss. Try replacing the use of the deprecated member with the replacement. - deprecated_member_use
   info - lib\screens\tools_movement_page.dart:1388:38 - 'withOpacity' is deprecated and shouldn't be used. Use .withValues() to avoid precision loss. Try replacing the use of the deprecated member with the replacement. - deprecated_member_use
   info - lib\screens\tools_movement_page.dart:1471:58 - 'withOpacity' is deprecated and shouldn't be used. Use .withValues() to avoid precision loss. Try replacing the use of the deprecated member with the replacement. - deprecated_member_use
   info - lib\screens\tools_movement_page.dart:1474:39 - 'withOpacity' is deprecated and shouldn't be used. Use .withValues() to avoid precision loss. Try replacing the use of the deprecated member with the replacement. - deprecated_member_use
   info - lib\screens\tools_movement_page.dart:1566:60 - 'withOpacity' is deprecated and shouldn't be used. Use .withValues() to avoid precision loss. Try replacing the use of the deprecated member with the replacement. - deprecated_member_use
   info - lib\screens\vehicle_config_page.dart:67:7 - Don't invoke 'print' in production code. Try using a logging framework. - avoid_print
   info - lib\screens\vehicle_config_page.dart:90:7 - Don't invoke 'print' in production code. Try using a logging framework. - avoid_print
   info - lib\screens\vehicle_config_page.dart:115:7 - Don't invoke 'print' in production code. Try using a logging framework. - avoid_print
   info - lib\screens\vehicle_config_page.dart:146:7 - Don't invoke 'print' in production code. Try using a logging framework. - avoid_print
   info - lib\screens\vehicle_config_page.dart:171:13 - Don't invoke 'print' in production code. Try using a logging framework. - avoid_print
   info - lib\screens\vehicle_config_page.dart:186:7 - Don't invoke 'print' in production code. Try using a logging framework. - avoid_print
   info - lib\screens\vehicle_config_page.dart:207:7 - Don't invoke 'print' in production code. Try using a logging framework. - avoid_print
   info - lib\screens\vehicle_config_page.dart:345:7 - Don't invoke 'print' in production code. Try using a logging framework. - avoid_print
   info - lib\screens\vehicle_config_page.dart:472:25 - 'value' is deprecated and shouldn't be used. Use initialValue instead. This will set the initial value for the form field. This feature was deprecated after v3.33.0-1.0.pre. Try replacing the use of the deprecated member with the replacement. - deprecated_member_use
   info - lib\screens\vehicle_config_page.dart:623:34 - Unnecessary 'const' keyword. Try removing the keyword. - unnecessary_const
   info - lib\screens\vehicle_config_page.dart:628:25 - 'value' is deprecated and shouldn't be used. Use initialValue instead. This will set the initial value for the form field. This feature was deprecated after v3.33.0-1.0.pre. Try replacing the use of the deprecated member with the replacement. - deprecated_member_use
   info - lib\screens\vehicle_config_page.dart:679:31 - 'value' is deprecated and shouldn't be used. Use initialValue instead. This will set the initial value for the form field. This feature was deprecated after v3.33.0-1.0.pre. Try replacing the use of the deprecated member with the replacement. - deprecated_member_use
   info - lib\screens\vehicle_config_page.dart:718:27 - 'value' is deprecated and shouldn't be used. Use initialValue instead. This will set the initial value for the form field. This feature was deprecated after v3.33.0-1.0.pre. Try replacing the use of the deprecated member with the replacement. - deprecated_member_use
   info - lib\screens\vehicle_config_page.dart:775:25 - 'value' is deprecated and shouldn't be used. Use initialValue instead. This will set the initial value for the form field. This feature was deprecated after v3.33.0-1.0.pre. Try replacing the use of the deprecated member with the replacement. - deprecated_member_use
   info - lib\screens\vehicle_config_page.dart:809:31 - 'value' is deprecated and shouldn't be used. Use initialValue instead. This will set the initial value for the form field. This feature was deprecated after v3.33.0-1.0.pre. Try replacing the use of the deprecated member with the replacement. - deprecated_member_use
   info - lib\screens\vehicle_details_page.dart:138:32 - Don't use 'BuildContext's across async gaps. Try rewriting the code to not use the 'BuildContext', or guard the use with a 'mounted' check. - use_build_context_synchronously
   info - lib\screens\vehicle_details_page.dart:169:32 - Don't use 'BuildContext's across async gaps. Try rewriting the code to not use the 'BuildContext', or guard the use with a 'mounted' check. - use_build_context_synchronously
   info - lib\screens\vehicle_details_page.dart:177:30 - Don't use 'BuildContext's across async gaps. Try rewriting the code to not use the 'BuildContext', or guard the use with a 'mounted' check. - use_build_context_synchronously
   info - lib\screens\vehicle_details_page.dart:260:40 - Don't use 'BuildContext's across async gaps. Try rewriting the code to not use the 'BuildContext', or guard the use with a 'mounted' check. - use_build_context_synchronously
   info - lib\screens\vehicle_details_page.dart:267:40 - Don't use 'BuildContext's across async gaps. Try rewriting the code to not use the 'BuildContext', or guard the use with a 'mounted' check. - use_build_context_synchronously
   info - lib\screens\vehicle_details_page.dart:303:28 - Don't use 'BuildContext's across async gaps. Try rewriting the code to not use the 'BuildContext', or guard the use with a 'mounted' check. - use_build_context_synchronously
   info - lib\screens\vehicle_driver_config_page.dart:84:26 - Don't use 'BuildContext's across async gaps. Try rewriting the code to not use the 'BuildContext', or guard the use with a 'mounted' check. - use_build_context_synchronously
   info - lib\screens\vehicle_driver_config_page.dart:149:28 - Don't use 'BuildContext's across async gaps. Try rewriting the code to not use the 'BuildContext', or guard the use with a 'mounted' check. - use_build_context_synchronously
   info - lib\screens\vehicle_driver_config_page.dart:433:56 - 'withOpacity' is deprecated and shouldn't be used. Use .withValues() to avoid precision loss. Try replacing the use of the deprecated member with the replacement. - deprecated_member_use
   info - lib\screens\vehicle_driver_config_page.dart:434:54 - 'withOpacity' is deprecated and shouldn't be used. Use .withValues() to avoid precision loss. Try replacing the use of the deprecated member with the replacement. - deprecated_member_use
   info - lib\screens\vehicle_inventory_page.dart:352:11 - 'value' is deprecated and shouldn't be used. Use initialValue instead. This will set the initial value for the form field. This feature was deprecated after v3.33.0-1.0.pre. Try replacing the use of the deprecated member with the replacement. - deprecated_member_use
   info - lib\screens\vehicle_inventory_pdf.dart:100:20 - 'Table.fromTextArray' is deprecated and shouldn't be used. Use TableHelper.fromTextArray() instead. Try replacing the use of the deprecated member with the replacement. - deprecated_member_use
   info - lib\screens\welcome_screen.dart:88:43 - 'withOpacity' is deprecated and shouldn't be used. Use .withValues() to avoid precision loss. Try replacing the use of the deprecated member with the replacement. - deprecated_member_use
   info - lib\screens\welcome_screen.dart:92:43 - 'withOpacity' is deprecated and shouldn't be used. Use .withValues() to avoid precision loss. Try replacing the use of the deprecated member with the replacement. - deprecated_member_use
   info - lib\screens\welcome_screen.dart:98:43 - 'withOpacity' is deprecated and shouldn't be used. Use .withValues() to avoid precision loss. Try replacing the use of the deprecated member with the replacement. - deprecated_member_use
   info - lib\screens\welcome_screen.dart:140:45 - Don't use 'BuildContext's across async gaps, guarded by an unrelated 'mounted' check. Guard a 'State.context' use with a 'mounted' check on the State, and other BuildContext use with a 'mounted' check on the BuildContext. - use_build_context_synchronously
   info - lib\screens\welcome_screen.dart:141:51 - Don't use 'BuildContext's across async gaps, guarded by an unrelated 'mounted' check. Guard a 'State.context' use with a 'mounted' check on the State, and other BuildContext use with a 'mounted' check on the BuildContext. - use_build_context_synchronously
   info - lib\screens\welcome_screen.dart:146:50 - Don't use 'BuildContext's across async gaps, guarded by an unrelated 'mounted' check. Guard a 'State.context' use with a 'mounted' check on the State, and other BuildContext use with a 'mounted' check on the BuildContext. - use_build_context_synchronously
   info - lib\screens\welcome_screen.dart:156:29 - Don't use 'BuildContext's across async gaps, guarded by an unrelated 'mounted' check. Guard a 'State.context' use with a 'mounted' check on the State, and other BuildContext use with a 'mounted' check on the BuildContext. - use_build_context_synchronously
   info - lib\screens\welcome_screen.dart:227:49 - 'withOpacity' is deprecated and shouldn't be used. Use .withValues() to avoid precision loss. Try replacing the use of the deprecated member with the replacement. - deprecated_member_use
   info - lib\screens\welcome_screen.dart:229:51 - 'withOpacity' is deprecated and shouldn't be used. Use .withValues() to avoid precision loss. Try replacing the use of the deprecated member with the replacement. - deprecated_member_use
   info - lib\screens\welcome_screen.dart:234:48 - 'withOpacity' is deprecated and shouldn't be used. Use .withValues() to avoid precision loss. Try replacing the use of the deprecated member with the replacement. - deprecated_member_use
   info - lib\screens\welcome_screen.dart:266:49 - 'withOpacity' is deprecated and shouldn't be used. Use .withValues() to avoid precision loss. Try replacing the use of the deprecated member with the replacement. - deprecated_member_use
   info - lib\screens\welcome_screen.dart:320:41 - 'withOpacity' is deprecated and shouldn't be used. Use .withValues() to avoid precision loss. Try replacing the use of the deprecated member with the replacement. - deprecated_member_use
   info - lib\screens\worker_summary_report_page.dart:14:3 - Invalid use of a private type in a public API. Try making the private type public, or making the API that uses the private type also be private. - library_private_types_in_public_api
   info - lib\screens\worker_summary_report_page.dart:60:7 - Don't invoke 'print' in production code. Try using a logging framework. - avoid_print
   info - lib\screens\worker_summary_report_page.dart:92:7 - Don't invoke 'print' in production code. Try using a logging framework. - avoid_print
   info - lib\screens\worker_summary_report_page.dart:125:7 - Don't invoke 'print' in production code. Try using a logging framework. - avoid_print
   info - lib\screens\worker_summary_report_page.dart:199:7 - Don't invoke 'print' in production code. Try using a logging framework. - avoid_print
   info - lib\screens\worker_summary_report_page.dart:226:7 - Don't invoke 'print' in production code. Try using a logging framework. - avoid_print
   info - lib\screens\worker_summary_report_page.dart:656:7 - Don't invoke 'print' in production code. Try using a logging framework. - avoid_print
   info - lib\screens\worker_summary_report_page.dart:686:7 - Don't invoke 'print' in production code. Try using a logging framework. - avoid_print
   info - lib\screens\worker_summary_report_page.dart:731:28 - Don't use 'BuildContext's across async gaps. Try rewriting the code to not use the 'BuildContext', or guard the use with a 'mounted' check. - use_build_context_synchronously
   info - lib\screens\worker_summary_report_page.dart:738:7 - Don't invoke 'print' in production code. Try using a logging framework. - avoid_print
   info - lib\screens\worker_summary_report_page.dart:739:28 - Don't use 'BuildContext's across async gaps. Try rewriting the code to not use the 'BuildContext', or guard the use with a 'mounted' check. - use_build_context_synchronously
   info - lib\screens\worker_summary_report_page.dart:805:11 - Don't invoke 'print' in production code. Try using a logging framework. - avoid_print
   info - lib\screens\worker_summary_report_page.dart:809:28 - Don't use 'BuildContext's across async gaps. Try rewriting the code to not use the 'BuildContext', or guard the use with a 'mounted' check. - use_build_context_synchronously
   info - lib\screens\worker_summary_report_page.dart:826:7 - Don't invoke 'print' in production code. Try using a logging framework. - avoid_print
   info - lib\screens\worker_summary_report_page.dart:827:28 - Don't use 'BuildContext's across async gaps. Try rewriting the code to not use the 'BuildContext', or guard the use with a 'mounted' check. - use_build_context_synchronously
   info - lib\screens\worker_summary_report_page.dart:863:27 - 'value' is deprecated and shouldn't be used. Use initialValue instead. This will set the initial value for the form field. This feature was deprecated after v3.33.0-1.0.pre. Try replacing the use of the deprecated member with the replacement. - deprecated_member_use
   info - lib\screens\worker_summary_report_page.dart:892:27 - 'value' is deprecated and shouldn't be used. Use initialValue instead. This will set the initial value for the form field. This feature was deprecated after v3.33.0-1.0.pre. Try replacing the use of the deprecated member with the replacement. - deprecated_member_use
   info - lib\screens\worker_summary_report_page.dart:913:25 - 'value' is deprecated and shouldn't be used. Use initialValue instead. This will set the initial value for the form field. This feature was deprecated after v3.33.0-1.0.pre. Try replacing the use of the deprecated member with the replacement. - deprecated_member_use
   info - lib\screens\worker_summary_report_page.dart:940:25 - 'value' is deprecated and shouldn't be used. Use initialValue instead. This will set the initial value for the form field. This feature was deprecated after v3.33.0-1.0.pre. Try replacing the use of the deprecated member with the replacement. - deprecated_member_use
   info - lib\screens\worker_summary_report_page.dart:1106:22 - 'withOpacity' is deprecated and shouldn't be used. Use .withValues() to avoid precision loss. Try replacing the use of the deprecated member with the replacement. - deprecated_member_use
   info - lib\screens\workers_config_page.dart:9:3 - Invalid use of a private type in a public API. Try making the private type public, or making the API that uses the private type also be private. - library_private_types_in_public_api
   info - lib\screens\workers_config_page.dart:70:7 - Don't invoke 'print' in production code. Try using a logging framework. - avoid_print
   info - lib\screens\workers_config_page.dart:95:7 - Don't invoke 'print' in production code. Try using a logging framework. - avoid_print
   info - lib\screens\workers_config_page.dart:139:9 - Don't use 'BuildContext's across async gaps. Try rewriting the code to not use the 'BuildContext', or guard the use with a 'mounted' check. - use_build_context_synchronously
   info - lib\screens\workers_config_page.dart:143:9 - Don't use 'BuildContext's across async gaps. Try rewriting the code to not use the 'BuildContext', or guard the use with a 'mounted' check. - use_build_context_synchronously
   info - lib\screens\workers_config_page.dart:158:9 - Don't use 'BuildContext's across async gaps. Try rewriting the code to not use the 'BuildContext', or guard the use with a 'mounted' check. - use_build_context_synchronously
   info - lib\screens\workers_config_page.dart:162:9 - Don't use 'BuildContext's across async gaps. Try rewriting the code to not use the 'BuildContext', or guard the use with a 'mounted' check. - use_build_context_synchronously
   info - lib\screens\workers_config_page.dart:171:9 - Don't use 'BuildContext's across async gaps. Try rewriting the code to not use the 'BuildContext', or guard the use with a 'mounted' check. - use_build_context_synchronously
   info - lib\screens\workers_config_page.dart:175:9 - Don't use 'BuildContext's across async gaps. Try rewriting the code to not use the 'BuildContext', or guard the use with a 'mounted' check. - use_build_context_synchronously
   info - lib\screens\workers_config_page.dart:331:25 - 'value' is deprecated and shouldn't be used. Use initialValue instead. This will set the initial value for the form field. This feature was deprecated after v3.33.0-1.0.pre. Try replacing the use of the deprecated member with the replacement. - deprecated_member_use
   info - lib\screens\workers_config_page.dart:472:35 - Don't use 'BuildContext's across async gaps. Try rewriting the code to not use the 'BuildContext', or guard the use with a 'mounted' check. - use_build_context_synchronously
   info - lib\screens\workers_config_page.dart:658:32 - 'withOpacity' is deprecated and shouldn't be used. Use .withValues() to avoid precision loss. Try replacing the use of the deprecated member with the replacement. - deprecated_member_use
   info - lib\screens\workers_site_mapping_page.dart:8:3 - Invalid use of a private type in a public API. Try making the private type public, or making the API that uses the private type also be private. - library_private_types_in_public_api
   info - lib\screens\workers_site_mapping_page.dart:65:7 - Don't invoke 'print' in production code. Try using a logging framework. - avoid_print
   info - lib\screens\workers_site_mapping_page.dart:70:9 - Don't use 'BuildContext's across async gaps. Try rewriting the code to not use the 'BuildContext', or guard the use with a 'mounted' check. - use_build_context_synchronously
   info - lib\screens\workers_site_mapping_page.dart:96:7 - Don't invoke 'print' in production code. Try using a logging framework. - avoid_print
   info - lib\screens\workers_site_mapping_page.dart:101:9 - Don't use 'BuildContext's across async gaps. Try rewriting the code to not use the 'BuildContext', or guard the use with a 'mounted' check. - use_build_context_synchronously
   info - lib\screens\workers_site_mapping_page.dart:147:30 - Don't use 'BuildContext's across async gaps. Try rewriting the code to not use the 'BuildContext', or guard the use with a 'mounted' check. - use_build_context_synchronously
   info - lib\screens\workers_site_mapping_page.dart:156:7 - Don't invoke 'print' in production code. Try using a logging framework. - avoid_print
   info - lib\screens\workers_site_mapping_page.dart:282:30 - Don't use 'BuildContext's across async gaps. Try rewriting the code to not use the 'BuildContext', or guard the use with a 'mounted' check. - use_build_context_synchronously
   info - lib\screens\workers_site_mapping_page.dart:302:30 - Don't use 'BuildContext's across async gaps. Try rewriting the code to not use the 'BuildContext', or guard the use with a 'mounted' check. - use_build_context_synchronously
   info - lib\screens\workers_site_mapping_page.dart:319:7 - Don't invoke 'print' in production code. Try using a logging framework. - avoid_print
   info - lib\screens\workers_site_mapping_page.dart:321:9 - Don't use 'BuildContext's across async gaps. Try rewriting the code to not use the 'BuildContext', or guard the use with a 'mounted' check. - use_build_context_synchronously
   info - lib\screens\workers_site_mapping_page.dart:421:15 - 'value' is deprecated and shouldn't be used. Use initialValue instead. This will set the initial value for the form field. This feature was deprecated after v3.33.0-1.0.pre. Try replacing the use of the deprecated member with the replacement. - deprecated_member_use
   info - lib\screens\workers_site_mapping_page.dart:490:21 - 'value' is deprecated and shouldn't be used. Use initialValue instead. This will set the initial value for the form field. This feature was deprecated after v3.33.0-1.0.pre. Try replacing the use of the deprecated member with the replacement. - deprecated_member_use
   info - lib\services\expense_service.dart:66:11 - Don't invoke 'print' in production code. Try using a logging framework. - avoid_print
   info - lib\services\expense_service.dart:72:7 - Don't invoke 'print' in production code. Try using a logging framework. - avoid_print
   info - lib\services\expense_service.dart:76:7 - Don't invoke 'print' in production code. Try using a logging framework. - avoid_print
   info - lib\services\expense_service.dart:87:5 - Don't invoke 'print' in production code. Try using a logging framework. - avoid_print
   info - lib\services\expense_service.dart:92:5 - Don't invoke 'print' in production code. Try using a logging framework. - avoid_print
   info - lib\services\expense_service.dart:97:5 - Don't invoke 'print' in production code. Try using a logging framework. - avoid_print
   info - lib\services\expense_service.dart:102:5 - Don't invoke 'print' in production code. Try using a logging framework. - avoid_print
   info - lib\services\expense_service.dart:121:7 - Don't invoke 'print' in production code. Try using a logging framework. - avoid_print
   info - lib\services\expense_service.dart:143:7 - Don't invoke 'print' in production code. Try using a logging framework. - avoid_print
   info - lib\services\expense_service.dart:167:7 - Don't invoke 'print' in production code. Try using a logging framework. - avoid_print
   info - lib\services\expense_service.dart:191:7 - Don't invoke 'print' in production code. Try using a logging framework. - avoid_print
   info - lib\services\expense_service.dart:213:7 - Don't invoke 'print' in production code. Try using a logging framework. - avoid_print
   info - lib\services\expense_service.dart:235:7 - Don't invoke 'print' in production code. Try using a logging framework. - avoid_print
   info - lib\utils\app_theme.dart:69:54 - 'value' is deprecated and shouldn't be used. Use component accessors like .r or .g, or toARGB32 for an explicit conversion. Try replacing the use of the deprecated member with the replacement. - deprecated_member_use

1025 issues found.
